
 Start         Length     Name                   Class
 0001:00401000 00012A70H .text                   CODE
 0002:00414000 00000730H .itext                  ICODE
 0003:00415000 00000C78H .data                   DATA
 0004:00416000 00003310H .bss                    BSS
 0005:00000000 0000000CH .tls                    TLS


Detailed map of segments

 0001:00000000 000052B5 C=CODE     S=.text    G=(none)   M=System   ACBP=A9
 0001:000052B8 00000105 C=CODE     S=.text    G=(none)   M=SysInit  ACBP=A9
 0001:000053C0 000002D8 C=CODE     S=.text    G=(none)   M=SysConst ACBP=A9
 0001:00005698 000001BC C=CODE     S=.text    G=(none)   M=Windows  ACBP=A9
 0001:00005854 000062AD C=CODE     S=.text    G=(none)   M=SysUtils ACBP=A9
 0001:0000BB04 000007EE C=CODE     S=.text    G=(none)   M=VarUtils ACBP=A9
 0001:0000C2F4 0000275C C=CODE     S=.text    G=(none)   M=Variants ACBP=A9
 0001:0000EA50 00000060 C=CODE     S=.text    G=(none)   M=RTLConsts ACBP=A9
 0001:0000EAB0 0000007B C=CODE     S=.text    G=(none)   M=TypInfo  ACBP=A9
 0001:0000EB2C 00003661 C=CODE     S=.text    G=(none)   M=Classes  ACBP=A9
 0001:00012190 00000065 C=CODE     S=.text    G=(none)   M=StrUtils ACBP=A9
 0001:000121F8 0000002C C=CODE     S=.text    G=(none)   M=DateUtils ACBP=A9
 0001:00012224 0000084C C=CODE     S=.text    G=(none)   M=fde      ACBP=A9
 0002:00000000 00000095 C=ICODE    S=.itext   G=(none)   M=System   ACBP=A9
 0002:00000098 00000011 C=ICODE    S=.itext   G=(none)   M=Windows  ACBP=A9
 0002:000000AC 00000088 C=ICODE    S=.itext   G=(none)   M=SysUtils ACBP=A9
 0002:00000134 0000000F C=ICODE    S=.itext   G=(none)   M=VarUtils ACBP=A9
 0002:00000144 000000AA C=ICODE    S=.itext   G=(none)   M=Variants ACBP=A9
 0002:000001F0 00000008 C=ICODE    S=.itext   G=(none)   M=TypInfo  ACBP=A9
 0002:000001F8 00000092 C=ICODE    S=.itext   G=(none)   M=Classes  ACBP=A9
 0002:0000028C 000004A4 C=ICODE    S=.itext   G=(none)   M=fde      ACBP=A9
 0003:00000000 0000078C C=DATA     S=.data    G=DGROUP   M=System   ACBP=A9
 0003:0000078C 0000001C C=DATA     S=.data    G=DGROUP   M=SysInit  ACBP=A9
 0003:000007A8 0000024C C=DATA     S=.data    G=DGROUP   M=SysUtils ACBP=A9
 0003:000009F4 00000008 C=DATA     S=.data    G=DGROUP   M=VarUtils ACBP=A9
 0003:000009FC 00000076 C=DATA     S=.data    G=DGROUP   M=Variants ACBP=A9
 0003:00000A74 0000000C C=DATA     S=.data    G=DGROUP   M=TypInfo  ACBP=A9
 0003:00000A80 00000004 C=DATA     S=.data    G=DGROUP   M=Classes  ACBP=A9
 0004:00000000 000027EC C=BSS      S=.bss     G=DGROUP   M=System   ACBP=A9
 0004:000027EC 0000000C C=BSS      S=.bss     G=DGROUP   M=SysInit  ACBP=A9
 0004:000027F8 00000008 C=BSS      S=.bss     G=DGROUP   M=Windows  ACBP=A9
 0004:00002800 00000A20 C=BSS      S=.bss     G=DGROUP   M=SysUtils ACBP=A9
 0004:00003220 0000005C C=BSS      S=.bss     G=DGROUP   M=VarUtils ACBP=A9
 0004:0000327C 00000040 C=BSS      S=.bss     G=DGROUP   M=Variants ACBP=A9
 0004:000032BC 00000004 C=BSS      S=.bss     G=DGROUP   M=TypInfo  ACBP=A9
 0004:000032C0 00000034 C=BSS      S=.bss     G=DGROUP   M=Classes  ACBP=A9
 0004:000032F4 0000001C C=BSS      S=.bss     G=DGROUP   M=fde      ACBP=A9
 0005:00000000 00000008 C=TLS      S=.tls     G=(none)   M=System   ACBP=A9
 0005:00000008 00000004 C=TLS      S=.tls     G=(none)   M=Classes  ACBP=A9


  Address             Publics by Name

 0004:000032C8       Classes..95
 0001:0000EBE8       Classes..EFCreateError
 0001:0000EC9C       Classes..EFilerError
 0001:0000EB88       Classes..EFileStreamError
 0001:0000EC44       Classes..EFOpenError
 0001:0000EDA4       Classes..EListError
 0001:0000ECF4       Classes..EReadError
 0001:0000EB2C       Classes..EStreamError
 0001:0000EDFC       Classes..EStringListError
 0001:0000ED4C       Classes..EWriteError
 0001:0000F324       Classes..TFileStream
 0001:0000F2AC       Classes..THandleStream
 0001:0000EE5C       Classes..TList
 0001:0000EF18       Classes..TPersistent
 0001:0000F3AC       Classes..TRegGroup
 0001:0000F404       Classes..TRegGroups
 0001:0000F23C       Classes..TStream
 0001:0000F124       Classes..TStringList
 0001:0000EFEC       Classes..TStrings
 0001:0000EEC0       Classes..TThreadList
 0002:000001F8       Classes.Classes
 0001:00012054       Classes.DoneThreadSynchronization
 0001:0000FE7C       Classes.DoWrite
 0001:000120E0       Classes.Finalization
 0004:000032D4       Classes.FindGlobalComponentProcs
 0001:0001206C       Classes.FreeIntConstList
 0004:000032D8       Classes.GlobalFixupList
 0005:00000008       Classes.GlobalLists
 0004:000032C0       Classes.GlobalNameSpace
 0001:00012020       Classes.InitThreadSynchronization
 0004:000032CC       Classes.IntConstList
 0001:000120D8       Classes.ModuleUnload
 0001:0000F4F8       Classes.PointerInModule
 0001:00011880       Classes.PropValueError
 0001:00011310       Classes.RaiseException
 0001:00011868       Classes.ReadError
 0004:000032D0       Classes.RegGroups
 0001:00011738       Classes.RemoveFixupReferences
 0001:000117E4       Classes.RemoveFixups
 0001:0000F81C       Classes.ReturnAddr
 0001:0000FFDC       Classes.ReturnAddr
 0001:00011BCC       Classes.SkipBinary
 0001:00011BFC       Classes.SkipCollection
 0001:00011BA4       Classes.SkipList
 0001:00011160       Classes.StringListCompareStrings
 0004:000032C4       Classes.SyncEvent
 0003:00000A80       Classes.SyncList
 0001:00011590       Classes.TFileStream.Create
 0001:0001154C       Classes.TFileStream.Create
 0001:00011704       Classes.TFileStream.Destroy
 0001:00011488       Classes.THandleStream.Create
 0001:000114C4       Classes.THandleStream.Read
 0001:000114E4       Classes.THandleStream.Seek
 0001:00011510       Classes.THandleStream.SetSize
 0001:00011524       Classes.THandleStream.SetSize
 0001:000114D4       Classes.THandleStream.Write
 0004:000032DC       Classes.ThreadLock
 0001:0000F76C       Classes.TList.Add
 0001:0000F7A0       Classes.TList.Clear
 0001:0000F7B8       Classes.TList.Delete
 0001:0000F74C       Classes.TList.Destroy
 0001:0000F858       Classes.TList.Error
 0001:0000F820       Classes.TList.Error
 0001:0000F8AC       Classes.TList.Get
 0001:0000F8D4       Classes.TList.Grow
 0001:0000F9B8       Classes.TList.Notify
 0001:0000F908       Classes.TList.SetCapacity
 0001:0000F944       Classes.TList.SetCount
 0001:0000FAD8       Classes.TPersistent.Assign
 0001:0000FAEC       Classes.TPersistent.AssignError
 0001:0000FBBC       Classes.TPersistent.AssignTo
 0001:0000FBC4       Classes.TPersistent.DefineProperties
 0001:0000FAAC       Classes.TPersistent.Destroy
 0001:0000FBC8       Classes.TPersistent.GetNamePath
 0001:0000FC78       Classes.TPersistent.GetOwner
 0001:0001188C       Classes.TReader.CheckValue
 0001:000118B0       Classes.TReader.EndOfList
 0001:000118C4       Classes.TReader.NextValue
 0001:000118D4       Classes.TReader.Read
 0001:00011920       Classes.TReader.ReadBuffer
 0001:0001195C       Classes.TReader.ReadListBegin
 0001:00011964       Classes.TReader.ReadListEnd
 0001:0001196C       Classes.TReader.ReadStr
 0001:000119A8       Classes.TReader.ReadString
 0001:00011B48       Classes.TReader.ReadValue
 0001:00011A64       Classes.TReader.ReadWideString
 0001:00011E50       Classes.TReader.SkipBytes
 0001:00011E08       Classes.TReader.SkipProperty
 0001:00011B5C       Classes.TReader.SkipSetBody
 0001:00011C58       Classes.TReader.SkipValue
 0001:0000F45C       Classes.TRegGroup.Create
 0001:0000F4B8       Classes.TRegGroup.Destroy
 0001:0000F518       Classes.TRegGroup.UnregisterModuleClasses
 0001:0000F5C4       Classes.TRegGroups.Create
 0001:0000F638       Classes.TRegGroups.Destroy
 0001:0000F698       Classes.TRegGroups.Lock
 0001:0000F6A4       Classes.TRegGroups.Unlock
 0001:0000F6B0       Classes.TRegGroups.UnregisterModuleClasses
 0001:0001124C       Classes.TStream.GetPosition
 0001:0001126C       Classes.TStream.GetSize
 0001:0001135C       Classes.TStream.Seek
 0001:000113E0       Classes.TStream.Seek
 0001:000112BC       Classes.TStream.SetSize
 0001:000112B8       Classes.TStream.SetSize
 0001:00011450       Classes.TStream.WriteBuffer
 0001:00010BEC       Classes.TStringList.Add
 0001:00010BFC       Classes.TStringList.AddObject
 0001:00010C60       Classes.TStringList.Changed
 0001:00010C7C       Classes.TStringList.Changing
 0001:00010C98       Classes.TStringList.Clear
 0001:000111C8       Classes.TStringList.CompareStrings
 0001:00011190       Classes.TStringList.CustomSort
 0001:00010CD8       Classes.TStringList.Delete
 0001:00010B90       Classes.TStringList.Destroy
 0001:00010D44       Classes.TStringList.Exchange
 0001:00010DA0       Classes.TStringList.ExchangeItems
 0001:00010DC4       Classes.TStringList.Find
 0001:00010E48       Classes.TStringList.Get
 0001:00010E7C       Classes.TStringList.GetCapacity
 0001:00010E80       Classes.TStringList.GetCount
 0001:00010E84       Classes.TStringList.GetObject
 0001:00010EAC       Classes.TStringList.Grow
 0001:00010EE0       Classes.TStringList.IndexOf
 0001:00010F1C       Classes.TStringList.Insert
 0001:00010F80       Classes.TStringList.InsertItem
 0001:00010F2C       Classes.TStringList.InsertObject
 0001:00010FFC       Classes.TStringList.Put
 0001:00011058       Classes.TStringList.PutObject
 0001:00011098       Classes.TStringList.QuickSort
 0001:0001112C       Classes.TStringList.SetCapacity
 0001:00011148       Classes.TStringList.SetUpdateState
 0001:00011180       Classes.TStringList.Sort
 0001:0000FCAC       Classes.TStrings.Add
 0001:0000FCD0       Classes.TStrings.AddObject
 0001:0000FCF4       Classes.TStrings.AddStrings
 0001:0000FDAC       Classes.TStrings.Assign
 0001:0000FE64       Classes.TStrings.BeginUpdate
 0001:00010B18       Classes.TStrings.CompareStrings
 0001:0000FED4       Classes.TStrings.DefineProperties
 0001:0000FC7C       Classes.TStrings.Destroy
 0001:0000FF20       Classes.TStrings.EndUpdate
 0001:0000FF34       Classes.TStrings.Equals
 0001:00010018       Classes.TStrings.Error
 0001:0000FFE0       Classes.TStrings.Error
 0001:00010070       Classes.TStrings.Exchange
 0001:0001015C       Classes.TStrings.GetCapacity
 0001:00010AB8       Classes.TStrings.GetLineBreak
 0001:00010B5C       Classes.TStrings.GetNameValueSeparator
 0001:00010164       Classes.TStrings.GetObject
 0001:00010168       Classes.TStrings.GetText
 0001:000101BC       Classes.TStrings.GetTextStr
 0001:000102F4       Classes.TStrings.IndexOf
 0001:00010380       Classes.TStrings.IndexOfName
 0001:00010454       Classes.TStrings.IndexOfObject
 0001:00010488       Classes.TStrings.InsertObject
 0001:000104B8       Classes.TStrings.LoadFromFile
 0001:0001050C       Classes.TStrings.LoadFromStream
 0001:000105B8       Classes.TStrings.Move
 0001:00010668       Classes.TStrings.Put
 0001:00010698       Classes.TStrings.PutObject
 0001:0001069C       Classes.TStrings.ReadData
 0001:0001074C       Classes.TStrings.SaveToFile
 0001:000107A4       Classes.TStrings.SaveToStream
 0001:00010804       Classes.TStrings.SetCapacity
 0001:00010AEC       Classes.TStrings.SetLineBreak
 0001:00010B74       Classes.TStrings.SetNameValueSeparator
 0001:00010808       Classes.TStrings.SetStringsAdapter
 0001:0001083C       Classes.TStrings.SetText
 0001:0001088C       Classes.TStrings.SetTextStr
 0001:00010A30       Classes.TStrings.SetUpdateState
 0001:00010A34       Classes.TStrings.WriteData
 0001:0000F9BC       Classes.TThreadList.Create
 0001:0000FA10       Classes.TThreadList.Destroy
 0001:0000FA8C       Classes.TThreadList.LockList
 0001:0000FAA0       Classes.TThreadList.UnlockList
 0001:00011E98       Classes.TWriter.Write
 0001:00011EE4       Classes.TWriter.WriteBuffer
 0001:00011EFC       Classes.TWriter.WriteListBegin
 0001:00011F04       Classes.TWriter.WriteListEnd
 0001:00011F0C       Classes.TWriter.WriteMinStr
 0001:00011FB8       Classes.TWriter.WriteString
 0001:0001200C       Classes.TWriter.WriteValue
 0001:0000F700       Classes.UnRegisterModuleClasses
 0001:000121F8       DateUtils.IncHour
 0004:00003308       fde.ArquivoMAP
 0001:00012510       fde.ConvertToFileTime
 0004:000032FC       fde.DataHoraMaxS
 0004:000032F8       fde.DataHoraMinS
 0004:00003304       fde.DataHoraS
 0004:00003300       fde.Diretorio
 0002:0000028C       fde.fde
 0001:000129B0       fde.Finalization
 0004:000032F4       fde.I
 0004:0000330C       fde.ListaArquivos
 0001:00012304       fde.ListarArquivos
 0001:00012224       fde.RecebeParametros
 0001:000125A0       fde.SetFileDateTime
 0001:000122E4       fde.TemAtributo
 0001:000126C0       fde.ValidaParametros
 0001:00012190       StrUtils.IfThen
 0001:00005330       SysInit.@GetTls
 0001:0000537C       SysInit.@InitExe
 0001:000052D8       SysInit.AllocTlsBuffer
 0001:000052B8       SysInit.GetModuleHandle
 0001:000052E4       SysInit.GetTlsSize
 0004:000027F0       SysInit.HInstance
 0001:00005370       SysInit.InitializeModule
 0001:000052EC       SysInit.InitThreadTLS
 0001:000052C0       SysInit.LocalAlloc
 0003:00000790       SysInit.Module
 0004:000027ED       SysInit.ModuleIsCpp
 0004:000027EC       SysInit.ModuleIsLib
 0004:000027F4       SysInit.tlsBuffer
 0001:000052C8       SysInit.TlsGetValue
 0003:0000078C       SysInit.TlsIndex
 0005:0000000C       SysInit.TlsLast
 0001:000052D0       SysInit.TlsSetValue
 0004:000005B0       System..6
 0001:00000100       System..TInterfacedObject
 0001:0000000C       System..TObject
 0001:0000200C       System.@AbstractError
 0001:00002D8C       System.@AfterConstruction
 0001:00002DDC       System.@BeforeDestruction
 0001:00002CCC       System.@CallDynaInst
 0001:00002D34       System.@ClassCreate
 0001:00002D84       System.@ClassDestroy
 0001:00002344       System.@Close
 0001:00001D4C       System.@Copy
 0001:0000438C       System.@CopyArray
 0001:00004270       System.@CopyRecord
 0001:00004490       System.@DispCallByIDError
 0001:00004480       System.@Dispose
 0001:00003164       System.@DoneExcept
 0001:000046C0       System.@DynArrayAsg
 0001:00004684       System.@DynArrayClear
 0001:000044C4       System.@DynArrayHigh
 0001:000044BC       System.@DynArrayLength
 0001:00004678       System.@DynArraySetLength
 0001:00003234       System.@ExceptionHandler
 0001:0000239C       System.@FillChar
 0001:0000424C       System.@Finalize
 0001:00004160       System.@FinalizeArray
 0001:00004114       System.@FinalizeRecord
 0001:00002338       System.@Flush
 0001:00002A50       System.@FpuInit
 0001:0000298C       System.@FpuMaskInit
 0001:00001C50       System.@FreeMem
 0001:00001C34       System.@GetMem
 0001:00003670       System.@Halt
 0001:00003594       System.@Halt0
 0001:00002EDC       System.@HandleAnyException
 0001:00003008       System.@HandleFinally
 0001:000030B0       System.@HandleFinallyInternal
 0001:00004080       System.@InitializeArray
 0001:00004050       System.@InitializeRecord
 0001:00003450       System.@InitImports
 0001:00003428       System.@InitResStringImports
 0001:00004D54       System.@IntfClear
 0001:00004D6C       System.@IntfCopy
 0001:00002C78       System.@IsClass
 0001:0000295C       System.@isNECWindows
 0001:00003B18       System.@LStrAddRef
 0001:000036AC       System.@LStrArrayClr
 0001:000036DC       System.@LStrAsg
 0001:00003930       System.@LStrCat
 0001:00003974       System.@LStrCat3
 0001:000039E8       System.@LStrCatN
 0001:00003688       System.@LStrClr
 0001:00003A74       System.@LStrCmp
 0001:00003B80       System.@LStrCopy
 0001:000038F8       System.@LStrFromArray
 0001:00003870       System.@LStrFromChar
 0001:00003880       System.@LStrFromPChar
 0001:00003778       System.@LStrFromPCharLen
 0001:000038B0       System.@LStrFromPWChar
 0001:000037E4       System.@LStrFromPWCharLen
 0001:000038EC       System.@LStrFromString
 0001:00003910       System.@LStrFromWStr
 0001:00003720       System.@LStrLAsg
 0001:00003924       System.@LStrLen
 0001:00003D04       System.@LStrSetLength
 0001:00003B28       System.@LStrToPChar
 0001:0000374C       System.@NewAnsiString
 0001:00003D98       System.@NewWideString
 0001:00002670       System.@Pow10
 0001:00003110       System.@RaiseAgain
 0001:000030E8       System.@RaiseExcept
 0001:00001C68       System.@ReallocMem
 0001:00002080       System.@RewritText
 0001:0000367C       System.@RunError
 0001:000033E8       System.@StartExe
 0001:00000248       System.@strlen
 0001:00003B78       System.@UniqueStringA
 0001:00002438       System.@ValLong
 0001:00004148       System.@VarClr
 0001:00004258       System.@VarCopy
 0001:00003D68       System.@Write0LString
 0001:00002550       System.@WriteBytes
 0001:00002620       System.@WriteLn
 0001:00003D70       System.@WriteLString
 0001:000025A4       System.@WriteSpaces
 0001:00003DD8       System.@WStrArrayClr
 0001:00003DFC       System.@WStrAsg
 0001:00003DC0       System.@WStrClr
 0001:00003F3C       System.@WStrCmp
 0001:00003FC0       System.@WStrCopy
 0001:00003F10       System.@WStrFromLStr
 0001:00003E24       System.@WStrFromPCharLen
 0001:00003ED4       System.@WStrFromPWChar
 0001:00003EB0       System.@WStrFromPWCharLen
 0001:00003F30       System.@WStrLen
 0001:0000400C       System.@WStrSetLength
 0001:00003F20       System.@WStrToPWChar
 0001:00001D1C       System.@_IOTest
 0001:00004498       System.@_llmul
 0004:00000028       System.AbstractErrorProc
 0001:00004BF4       System.AddModuleUnloadProc
 0001:00004BE4       System.AddModuleUnloadProc
 0001:000006A4       System.AllocateLargeBlock
 0001:00001C1C       System.AllocMem
 0001:000005EC       System.AllocNewSequentialFeedMediumPool
 0004:000005B8       System.AllocSize2SmallBlockTypeIndX4
 0001:000051A8       System.AnsiToUtf8
 0001:00001204       System.AppendStringToBuffer
 0004:00000020       System.AssertErrorProc
 0001:00000580       System.BinMediumSequentialFeedRemainder
 0001:000019CC       System.BuildBlockTypeLookupTable
 0001:000010E8       System.CardinalToStrBuf
 0001:000037A8       System.CharFromWChar
 0001:000001C0       System.CharNext
 0001:00002E58       System.CheckJmp
 0001:00001408       System.CheckSmallBlockPoolForLeaks
 0001:00000160       System.CloseHandle
 0004:0000003C       System.CmdLine
 0004:00000038       System.CmdShow
 0001:000044CC       System.CopyArray
 0003:0000003C       System.Copyright
 0001:00000168       System.CreateFileA
 0003:00000024       System.DebugHook
 0003:00000020       System.Default8087CW
 0004:000005B4       System.DefaultSystemCodePage
 0003:00000030       System.DefaultTextLineBreakStyle
 0001:00004710       System.DelayLoadResourceModule
 0001:000002EC       System.DestroyWindow
 0003:0000077C       System.dig
 0004:00000000       System.DispCallByIDProc
 0001:000044E4       System.DynArrayClear
 0001:000044EC       System.DynArraySetLength
 0003:00000754       System.errCaption
 0001:00001D10       System.Error
 0003:00000004       System.ErrorAddr
 0001:00001CC4       System.ErrorAt
 0004:00000008       System.ErrorProc
 0004:000003E0       System.ErrOutput
 0004:0000000C       System.ExceptClsProc
 0004:0000001C       System.ExceptionClass
 0004:00000010       System.ExceptObjProc
 0004:00000004       System.ExceptProc
 0003:00000000       System.ExitCode
 0001:000034D8       System.ExitDll
 0004:00000040       System.ExitProc
 0001:000001C8       System.ExitProcess
 0004:00000024       System.ExitProcessProc
 0004:000027B4       System.ExpectedMemoryLeaks
 0004:000027B8       System.ExpectedMemoryLeaksListLocked
 0003:00000008       System.FileMode
 0001:000020C8       System.FileNOPProc
 0001:00005258       System.Finalization
 0001:000044DC       System.FinalizeArray
 0001:00001BC8       System.FinalizeMemoryManager
 0001:0000331C       System.FinalizeUnits
 0001:00004790       System.FindBS
 0001:000001D8       System.FindClose
 0001:000001E0       System.FindFirstFile
 0001:000046E8       System.FindHInstance
 0001:00004758       System.FindResourceHInstance
 0001:0000232C       System.Flush
 0001:00002668       System.FPower10
 0001:00001B38       System.FreeAllMemory
 0001:00000708       System.FreeLargeBlock
 0001:000001E8       System.FreeLibrary
 0001:00005250       System.GetACP
 0001:000002B0       System.GetCmdShow
 0001:000001F0       System.GetCommandLine
 0001:000002A8       System.GetCurrentThreadId
 0001:00002C9C       System.GetDynaMethod
 0001:00000178       System.GetFileSize
 0001:00000170       System.GetFileType
 0001:000010AC       System.GetFirstAndLastSmallBlockInPool
 0001:0000106C       System.GetFirstMediumBlockInPool
 0001:00002954       System.GetKeyboardType
 0001:000001F8       System.GetLastError
 0001:00000200       System.GetLocaleInfo
 0001:00000208       System.GetModuleFileName
 0001:00000210       System.GetModuleHandle
 0001:000012D4       System.GetObjectClass
 0001:00001EB0       System.GetParamStr
 0001:00000218       System.GetProcAddress
 0001:00000220       System.GetStartupInfo
 0001:00000180       System.GetStdHandle
 0001:00000228       System.GetThreadLocale
 0004:000027C0       System.InitContext
 0001:00001A10       System.InitializeMemoryManager
 0001:00003380       System.InitUnits
 0005:00000004       System.InOutRes
 0004:00000048       System.Input
 0001:00000520       System.InsertMediumBlockIntoBin
 0001:000002A0       System.InterlockedDecrement
 0001:00000298       System.InterlockedIncrement
 0001:00002108       System.InternalClose
 0001:000022E4       System.InternalFlush
 0001:0000121C       System.InternalIsValidClass
 0001:00003B34       System.InternalUniqueString
 0001:00002B70       System.InvokeImplGetter
 0001:00001D90       System.IOResult
 0004:00000044       System.IsConsole
 0004:00000034       System.IsLibrary
 0004:00000045       System.IsMultiThread
 0003:00000028       System.JITEnable
 0004:000027A4       System.LargeBlocksCircularList
 0004:000027A0       System.LargeBlocksLocked
 0004:00000714       System.LastSequentiallyFedMediumBlock
 0003:00000034       System.LibModuleList
 0001:00000230       System.LoadLibraryEx
 0001:00004974       System.LoadResourceModule
 0001:000051F8       System.LoadResString
 0001:00000238       System.LoadString
 0001:00000354       System.LockCmpxchg
 0001:00001304       System.LockExpectedMemoryLeaksList
 0001:00000664       System.LockLargeBlocks
 0001:00000240       System.lstrcpyn
 0004:0000002C       System.MainInstance
 0004:00000030       System.MainThreadID
 0001:00003474       System.MakeErrorMessage
 0001:00003194       System.MapToRunError
 0004:00000720       System.MediumBlockBinBitmaps
 0004:0000071C       System.MediumBlockBinGroupBitmap
 0004:000007A0       System.MediumBlockBins
 0004:00000700       System.MediumBlockPoolsCircularList
 0004:00000710       System.MediumBlocksLocked
 0004:00000718       System.MediumSequentialFeedBytesLeft
 0003:00000720       System.MemoryManager
 0001:000001D0       System.MessageBox
 0004:000006FE       System.MinimumBlockAlignment
 0004:000027BC       System.MMSharingWindow
 0003:00000038       System.ModuleUnloadList
 0001:00001DB0       System.Move
 0001:0000035C       System.Move12
 0001:00000370       System.Move20
 0001:00000390       System.Move28
 0001:000003BC       System.Move36
 0001:000003DC       System.Move44
 0001:00000400       System.Move52
 0001:0000042C       System.Move60
 0001:0000045C       System.Move68
 0001:00000494       System.MoveX16L4
 0001:000004C4       System.MoveX8L4
 0001:00000250       System.MultiByteToWideChar
 0001:00001048       System.NextMediumBlock
 0003:0000002C       System.NoErrMsg
 0001:00002E44       System.NotifyAnyExcept
 0001:00002E2C       System.NotifyExcept
 0001:00002E78       System.NotifyExceptFinally
 0001:00004C78       System.NotifyModuleUnload
 0001:00002E08       System.NotifyNonDelphiException
 0001:00002DEC       System.NotifyReRaise
 0001:00002EA0       System.NotifyTerminate
 0001:00002EBC       System.NotifyUnhandled
 0001:00002028       System.OpenText
 0004:00000214       System.Output
 0001:00001FAC       System.ParamStr
 0001:00003BC0       System.Pos
 0001:00000188       System.RaiseException
 0004:00000014       System.RaiseExceptionProc
 0005:00000000       System.RaiseListPtr
 0001:00000190       System.ReadFile
 0001:00000258       System.RegCloseKey
 0001:00004CD4       System.RegisterModule
 0001:00000260       System.RegOpenKeyEx
 0001:00000268       System.RegQueryValueEx
 0003:00000738       System.reMap
 0001:000004E0       System.RemoveMediumFreeBlock
 0001:00004BEC       System.RemoveModuleUnloadProc
 0001:00004C14       System.RemoveModuleUnloadProc
 0004:000005AC       System.ReportMemoryLeaksOnShutdown
 0001:00000198       System.RtlUnwind
 0004:00000018       System.RTLUnwindProc
 0003:0000075C       System.runErrMsg
 0001:00001CB8       System.RunErrorAt
 0001:00001554       System.ScanForMemoryLeaks
 0001:000001A0       System.SetEndOfFile
 0001:000032D4       System.SetExceptionHandler
 0001:000001A8       System.SetFilePointer
 0001:00001D3C       System.SetInOutRes
 0001:000002E4       System.Sleep
 0003:00000040       System.SmallBlockTypes
 0001:00001018       System.SysAllocMem
 0001:00000280       System.SysAllocStringLen
 0001:00000AAC       System.SysFreeMem
 0001:00000290       System.SysFreeString
 0001:00000744       System.SysGetMem
 0001:00000C8C       System.SysReallocMem
 0001:00000288       System.SysReAllocStringLen
 0001:00001370       System.SysRegisterExpectedMemoryLeak
 0002:00000000       System.System
 0001:000013B0       System.SysUnregisterExpectedMemoryLeak
 0004:00000046       System.Test8086
 0001:00002118       System.TextClose
 0001:0000208C       System.TextIn
 0001:00002138       System.TextOpen
 0001:000020CC       System.TextOut
 0001:00004D98       System.TInterfacedObject.AfterConstruction
 0001:00004DA4       System.TInterfacedObject.BeforeDestruction
 0001:00004DB4       System.TInterfacedObject.NewInstance
 0001:00004DC4       System.TInterfacedObject.QueryInterface
 0001:00004DEC       System.TInterfacedObject._AddRef
 0001:00004E00       System.TInterfacedObject._Release
 0001:00002D04       System.TObject.AfterConstruction
 0001:00002D08       System.TObject.BeforeDestruction
 0001:00002A64       System.TObject.ClassName
 0001:00002A78       System.TObject.ClassParent
 0001:00002A5C       System.TObject.ClassType
 0001:00002B50       System.TObject.CleanupInstance
 0001:00002ABC       System.TObject.Create
 0001:00002D00       System.TObject.DefaultHandler
 0001:00002ADC       System.TObject.Destroy
 0001:00002D0C       System.TObject.Dispatch
 0001:00002AEC       System.TObject.Free
 0001:00002AA0       System.TObject.FreeInstance
 0001:00002BA0       System.TObject.GetInterface
 0001:00002C34       System.TObject.GetInterfaceEntry
 0001:00002CE4       System.TObject.InheritsFrom
 0001:00002AF8       System.TObject.InitInstance
 0001:00002AB4       System.TObject.InstanceSize
 0001:00002A84       System.TObject.NewInstance
 0001:00002CF8       System.TObject.SafeCallException
 0001:000047B0       System.ToLongPath
 0001:0000250C       System.TryOpenForOutput
 0001:000001B0       System.UnhandledExceptionFilter
 0001:00004E28       System.UnicodeToUtf8
 0001:00004CE4       System.UnregisterModule
 0001:000032F4       System.UnsetExceptionHandler
 0001:000050F0       System.UTF8Decode
 0001:00005034       System.UTF8Encode
 0001:00004F04       System.Utf8ToUnicode
 0003:00000010       System.VarAddRefProc
 0003:0000000C       System.VarClearProc
 0003:00000014       System.VarCopyProc
 0003:00000018       System.VarToLStrProc
 0003:0000001C       System.VarToWStrProc
 0001:000002D4       System.VirtualAlloc
 0001:000002DC       System.VirtualFree
 0001:00000278       System.VirtualQuery
 0001:000037C8       System.WCharFromChar
 0001:00000270       System.WideCharToMultiByte
 0001:00003508       System.WriteErrorMessage
 0001:000001B8       System.WriteFile
 0001:00003D90       System.WStrError
 0001:00003DB0       System.WStrSet
 0004:00002910       SysUtils..35
 0001:0000610C       SysUtils..EAbstractError
 0001:00005EE4       SysUtils..EAccessViolation
 0001:000060AC       SysUtils..EAssertionFailed
 0001:00005FF8       SysUtils..EControlC
 0001:00005E88       SysUtils..EConvertError
 0001:00005B0C       SysUtils..EDivByZero
 0001:000059FC       SysUtils..EExternal
 0001:00005A54       SysUtils..EExternalException
 0001:000058EC       SysUtils..EHeapException
 0001:000059A4       SysUtils..EInOutError
 0001:00005AB4       SysUtils..EIntError
 0001:00006168       SysUtils..EIntfCastError
 0001:00005BBC       SysUtils..EIntOverflow
 0001:00005E2C       SysUtils..EInvalidCast
 0001:00005C70       SysUtils..EInvalidOp
 0001:00005DD0       SysUtils..EInvalidPointer
 0001:00005C18       SysUtils..EMathError
 0001:000061C4       SysUtils..EOSError
 0001:00005948       SysUtils..EOutOfMemory
 0001:00005D20       SysUtils..EOverflow
 0001:00005F44       SysUtils..EPrivilege
 0001:00005B64       SysUtils..ERangeError
 0001:0000621C       SysUtils..ESafecallException
 0001:00005F9C       SysUtils..EStackOverflow
 0001:00005D78       SysUtils..EUnderflow
 0001:00006050       SysUtils..EVariantError
 0001:00005884       SysUtils..Exception
 0001:00005CC8       SysUtils..EZeroDivide
 0001:000063AC       SysUtils..TMultiReadExclusiveWriteSynchronizer
 0001:000062D0       SysUtils..TThreadLocalCounter
 0001:0000A0BC       SysUtils.AbstractErrorHandler
 0003:00000828       SysUtils.AccessMode
 0001:00006688       SysUtils.AnsiCompareText
 0001:0000A8DC       SysUtils.AnsiPos
 0001:0000A914       SysUtils.AnsiStrPos
 0001:0000A9B4       SysUtils.AnsiStrRScan
 0001:0000A9E8       SysUtils.AnsiStrScan
 0001:00007FF4       SysUtils.AppendChars
 0001:000083D8       SysUtils.AppendFormat
 0001:00008054       SysUtils.AppendNumber
 0001:00008038       SysUtils.AppendString
 0001:0000A0A0       SysUtils.AssertErrorHandler
 0001:00006E00       SysUtils.BackfillGetDiskFreeSpaceEx
 0001:00006A90       SysUtils.BoolToStr
 0001:0000A658       SysUtils.ByteToCharIndex
 0001:0000A634       SysUtils.ByteToCharLen
 0001:0000A5F8       SysUtils.ByteType
 0001:0000A584       SysUtils.ByteTypeTest
 0004:0000291C       SysUtils.CharHash
 0001:0000A86C       SysUtils.CharLength
 0001:0000A750       SysUtils.CharToByteIndex
 0001:0000A7D4       SysUtils.CharToByteLen
 0001:0000B674       SysUtils.ClearHashTables
 0001:00006598       SysUtils.CompareStr
 0001:000065C8       SysUtils.CompareText
 0001:00006970       SysUtils.CompareWith
 0001:00009B00       SysUtils.ConvertAddr
 0001:00008144       SysUtils.ConvertEraString
 0001:0000643C       SysUtils.ConvertErrorFmt
 0001:000082C0       SysUtils.ConvertYearString
 0001:0000A6C0       SysUtils.CountChars
 0001:00009FE4       SysUtils.CreateAssertException
 0001:0000A16C       SysUtils.CreateAVObject
 0001:00009F14       SysUtils.CreateInOutError
 0003:00000820       SysUtils.cSimpleBoolStrs
 0004:00002808       SysUtils.CurrencyDecimals
 0004:00002804       SysUtils.CurrencyFormat
 0004:00002800       SysUtils.CurrencyString
 0001:00007FE0       SysUtils.CurrentYear
 0001:00007B74       SysUtils.CurrToStr
 0001:00006720       SysUtils.CvtInt
 0001:0000678C       SysUtils.CvtInt64
 0003:00000860       SysUtils.CWNear
 0004:00002809       SysUtils.DateSeparator
 0001:00008B90       SysUtils.DateTimeToString
 0001:00007C34       SysUtils.DateTimeToTimeStamp
 0001:00007FB8       SysUtils.DayOfWeek
 0003:0000085C       SysUtils.DCon10
 0004:00002807       SysUtils.DecimalSeparator
 0001:00007F98       SysUtils.DecodeDate
 0001:00007E4C       SysUtils.DecodeDateFully
 0001:00007CE8       SysUtils.DecodeTime
 0003:000008EC       SysUtils.DefLongDayNames
 0003:000008A0       SysUtils.DefLongMonthNames
 0003:000008D0       SysUtils.DefShortDayNames
 0003:00000870       SysUtils.DefShortMonthNames
 0001:00006C00       SysUtils.DirectoryExists
 0001:00006420       SysUtils.DivMod
 0001:0000A494       SysUtils.DoneExceptions
 0001:00009EE8       SysUtils.EHeapException.FreeInstance
 0003:000007A8       SysUtils.EmptyStr
 0003:000007AC       SysUtils.EmptyWideStr
 0001:0000976C       SysUtils.EnumEraNames
 0001:000097A8       SysUtils.EnumEraYearOffsets
 0004:000028D0       SysUtils.EraNames
 0001:00008EA0       SysUtils.EraToYear
 0004:000028EC       SysUtils.EraYearOffsets
 0001:00009F94       SysUtils.ErrorHandler
 0003:00000908       SysUtils.ErrorMap
 0001:0000A400       SysUtils.ExceptHandler
 0001:00009D5C       SysUtils.Exception.Create
 0001:00009D98       SysUtils.Exception.CreateFmt
 0001:00009E18       SysUtils.Exception.CreateRes
 0001:00009E54       SysUtils.Exception.CreateResFmt
 0001:00009B0C       SysUtils.ExceptionErrorMessage
 0003:00000940       SysUtils.ExceptMap
 0001:00006DC4       SysUtils.ExpandFileName
 0001:00006D8C       SysUtils.ExtractFileName
 0004:0000290C       SysUtils.FalseBoolStrs
 0003:00000850       SysUtils.FCon1E18
 0001:00006BDC       SysUtils.FileExists
 0001:00006ADC       SysUtils.FileOpen
 0001:00006B34       SysUtils.FileRead
 0001:00006B8C       SysUtils.FileSeek
 0001:00006B60       SysUtils.FileWrite
 0001:0000B974       SysUtils.Finalization
 0001:00006D1C       SysUtils.FindClose
 0001:00006CA8       SysUtils.FindFirst
 0001:00006C24       SysUtils.FindMatchingFile
 0001:00006CF8       SysUtils.FindNext
 0004:0000321C       SysUtils.FLanguages
 0001:00007804       SysUtils.FloatToDecimal
 0001:00007B44       SysUtils.FloatToStr
 0001:00007530       SysUtils.FloatToText
 0003:00000864       SysUtils.FMSecsPerDay
 0001:00007410       SysUtils.FmtStr
 0001:000073FC       SysUtils.Format
 0003:0000086C       SysUtils.Format
 0001:00007044       SysUtils.FormatBuf
 0001:00007038       SysUtils.FormatClearStr
 0001:00006FBC       SysUtils.FormatError
 0003:00000848       SysUtils.FormatErrorStrs
 0001:00007014       SysUtils.FormatVarToStr
 0001:0000B664       SysUtils.FreeAndNil
 0001:0000B1A8       SysUtils.FreeTerminateProcs
 0001:000080A0       SysUtils.GetCount
 0001:000080CC       SysUtils.GetDate
 0001:00008DB8       SysUtils.GetDateOrder
 0003:0000081C       SysUtils.GetDiskFreeSpaceEx
 0001:00009820       SysUtils.GetEraNamesAndYearOffsets
 0001:00008E4C       SysUtils.GetEraYearOffset
 0001:0000A154       SysUtils.GetExceptionClass
 0001:0000A338       SysUtils.GetExceptionObject
 0001:0000AB48       SysUtils.GetFormatSettings
 0001:000095E0       SysUtils.GetLocaleChar
 0001:00009594       SysUtils.GetLocaleStr
 0001:00009648       SysUtils.GetMonthDayNames
 0001:00008104       SysUtils.GetTime
 0003:00000818       SysUtils.HexDisplayPrefix
 0003:00000868       SysUtils.IMSecsPerDay
 0001:0000B1CC       SysUtils.InitDriveSpacePtr
 0001:0000A410       SysUtils.InitExceptions
 0001:0000AA28       SysUtils.InitLeadBytes
 0001:0000A514       SysUtils.InitPlatformId
 0001:0000AA84       SysUtils.InitSysLocale
 0001:0000B234       SysUtils.InterlockedDecrement
 0001:0000B240       SysUtils.InterlockedExchange
 0001:0000B248       SysUtils.InterlockedExchangeAdd
 0001:0000B228       SysUtils.InterlockedIncrement
 0001:00006880       SysUtils.IntToHex
 0001:00006858       SysUtils.IntToStr
 0001:0000676C       SysUtils.IntToStr
 0004:00002918       SysUtils.InvalidPointer
 0001:00007D44       SysUtils.IsLeapYear
 0001:00006D38       SysUtils.LastDelimiter
 0003:000007F8       SysUtils.LeadBytes
 0004:000028CE       SysUtils.ListSeparator
 0001:0000960C       SysUtils.LocalGetLocaleStr
 0004:00002810       SysUtils.LongDateFormat
 0004:000028A4       SysUtils.LongDayNames
 0004:00002858       SysUtils.LongMonthNames
 0004:00002824       SysUtils.LongTimeFormat
 0001:000064FC       SysUtils.LowerCase
 0001:0000A0D4       SysUtils.MapException
 0001:0000AF14       SysUtils.ModuleUnloaded
 0003:000007C8       SysUtils.MonthDays
 0004:00002805       SysUtils.NegCurrFormat
 0001:0000A8A4       SysUtils.NextCharIndex
 0004:00002914       SysUtils.OutOfMemory
 0001:000074EC       SysUtils.PutExponent
 0001:0000A090       SysUtils.RaiseAssertException
 0001:0000B0F4       SysUtils.RaiseLastOSError
 0001:0000B100       SysUtils.RaiseLastOSError
 0001:00006664       SysUtils.SameText
 0001:00008BEC       SysUtils.ScanBlanks
 0001:00008D7C       SysUtils.ScanChar
 0001:00008EFC       SysUtils.ScanDate
 0001:00008C10       SysUtils.ScanNumber
 0001:00008CA4       SysUtils.ScanString
 0001:00009248       SysUtils.ScanTime
 0001:00008E04       SysUtils.ScanToNumber
 0003:00000834       SysUtils.ShareMode
 0004:0000280C       SysUtils.ShortDateFormat
 0004:00002888       SysUtils.ShortDayNames
 0004:00002828       SysUtils.ShortMonthNames
 0004:00002820       SysUtils.ShortTimeFormat
 0001:00009C94       SysUtils.ShowException
 0001:0000B0EC       SysUtils.Sleep
 0001:00006F7C       SysUtils.StrAlloc
 0001:0000A61C       SysUtils.StrByteType
 0001:0000A844       SysUtils.StrCharLength
 0001:00006E9C       SysUtils.StrLCopy
 0001:00006E74       SysUtils.StrLen
 0001:000073BC       SysUtils.StrLFmt
 0001:00006ED0       SysUtils.StrLIComp
 0001:00006E8C       SysUtils.StrMove
 0001:00006F90       SysUtils.StrNew
 0001:0000A864       SysUtils.StrNextChar
 0001:00006F28       SysUtils.StrPos
 0001:00006F14       SysUtils.StrScan
 0001:00009478       SysUtils.StrToDateTime
 0001:000068A8       SysUtils.StrToIntDef
 0001:00009548       SysUtils.SysErrorMessage
 0004:000028C0       SysUtils.SysLocale
 0002:000000AC       SysUtils.SysUtils
 0003:000009F0       SysUtils.TerminateProcList
 0001:00007A30       SysUtils.TextToFloat
 0004:00002806       SysUtils.ThousandSeparator
 0004:00002818       SysUtils.TimeAMString
 0004:0000281C       SysUtils.TimePMString
 0004:00002814       SysUtils.TimeSeparator
 0001:0000B58C       SysUtils.TMultiReadExclusiveWriteSynchronizer.BeginRead
 0001:0000B490       SysUtils.TMultiReadExclusiveWriteSynchronizer.BeginWrite
 0001:0000B44C       SysUtils.TMultiReadExclusiveWriteSynchronizer.BlockReaders
 0001:0000B390       SysUtils.TMultiReadExclusiveWriteSynchronizer.Create
 0001:0000B404       SysUtils.TMultiReadExclusiveWriteSynchronizer.Destroy
 0001:0000B5FC       SysUtils.TMultiReadExclusiveWriteSynchronizer.EndRead
 0001:0000B53C       SysUtils.TMultiReadExclusiveWriteSynchronizer.EndWrite
 0001:0000B464       SysUtils.TMultiReadExclusiveWriteSynchronizer.UnblockOneWriter
 0001:0000B458       SysUtils.TMultiReadExclusiveWriteSynchronizer.UnblockReaders
 0001:0000B470       SysUtils.TMultiReadExclusiveWriteSynchronizer.WaitForReadSignal
 0001:0000B480       SysUtils.TMultiReadExclusiveWriteSynchronizer.WaitForWriteSignal
 0001:000098D0       SysUtils.TranslateDateFormat
 0001:000066CC       SysUtils.Trim
 0004:00002908       SysUtils.TrueBoolStrs
 0001:00007D80       SysUtils.TryEncodeDate
 0001:00007C78       SysUtils.TryEncodeTime
 0001:000069F4       SysUtils.TryStrToBool
 0001:00007C18       SysUtils.TryStrToCurr
 0001:000094AC       SysUtils.TryStrToDateTime
 0001:00007BA4       SysUtils.TryStrToFloat
 0001:00007BC0       SysUtils.TryStrToFloat
 0001:00007BEC       SysUtils.TryStrToFloat
 0001:000068C0       SysUtils.TryStrToInt
 0001:00009440       SysUtils.TryStrToTime
 0001:0000B33C       SysUtils.TThreadLocalCounter.Delete
 0001:0000B250       SysUtils.TThreadLocalCounter.Destroy
 0001:0000B2A8       SysUtils.TThreadLocalCounter.HashIndex
 0001:0000B2C4       SysUtils.TThreadLocalCounter.Open
 0001:0000B34C       SysUtils.TThreadLocalCounter.Recycle
 0003:000007C4       SysUtils.TwoDigitYearCenturyWindow
 0004:00002E1C       SysUtils.UnitHashBuckets
 0001:00006460       SysUtils.UpperCase
 0004:00002A1C       SysUtils.ValidatedUnitHashBuckets
 0001:000068E0       SysUtils.VerifyBoolStrArray
 0003:000007BC       SysUtils.Win32BuildNumber
 0001:0000B198       SysUtils.Win32Check
 0003:000007C0       SysUtils.Win32CSDVersion
 0003:000007B4       SysUtils.Win32MajorVersion
 0003:000007B8       SysUtils.Win32MinorVersion
 0003:000007B0       SysUtils.Win32Platform
 0004:000032BC       TypInfo..6
 0003:00000A74       TypInfo.BooleanIdents
 0003:00000A7C       TypInfo.DotSep
 0001:0000EADC       TypInfo.Finalization
 0002:000001F0       TypInfo.TypInfo
 0004:0000329C       Variants..81
 0001:0000C6D0       Variants..EVariantArrayCreateError
 0001:0000C668       Variants..EVariantArrayLockedError
 0001:0000C604       Variants..EVariantBadIndexError
 0001:0000C5A0       Variants..EVariantBadVarTypeError
 0001:0000C868       Variants..EVariantDispatchError
 0001:0000C53C       Variants..EVariantInvalidArgError
 0001:0000C410       Variants..EVariantInvalidOpError
 0001:0000C738       Variants..EVariantNotImplError
 0001:0000C79C       Variants..EVariantOutOfMemoryError
 0001:0000C4D8       Variants..EVariantOverflowError
 0001:0000C474       Variants..EVariantTypeCastError
 0001:0000C804       Variants..EVariantUnexpectedError
 0001:0000C344       Variants..TCustomVariantType
 0001:0000CD94       Variants.@DispInvokeError
 0001:0000E33C       Variants.@VarAddRef
 0001:0000D06C       Variants.@VarClear
 0001:0000D080       Variants.@VarClr
 0001:0000D394       Variants.@VarCopy
 0001:0000D6C8       Variants.@VarToLStr
 0001:0000DDE8       Variants.@VarToWStr
 0003:00000A04       Variants.BooleanToStringRule
 0001:0000D448       Variants.BoolToWStrViaOS
 0004:00003294       Variants.ChangeAnyProc
 0003:00000A08       Variants.CInvalidCustomVariantType
 0004:00003290       Variants.ClearAnyProc
 0001:0000E678       Variants.ClearVariantTypeList
 0003:00000A60       Variants.CRelationshipToBoolean
 0003:00000A0C       Variants.CText
 0001:0000D3D8       Variants.CurrToWStrViaOS
 0001:0000D410       Variants.DateToWStrViaOS
 0004:0000327C       Variants.EmptyParam
 0001:0000E9D8       Variants.Finalization
 0001:0000E91C       Variants.FindCustomVariantType
 0001:0000CDE8       Variants.InBounds
 0001:0000D088       Variants.InBounds
 0001:0000CE18       Variants.Increment
 0001:0000D0B8       Variants.Increment
 0004:000032A0       Variants.LVarTypes
 0004:000032A4       Variants.LVarTypeSync
 0003:00000A00       Variants.NullAsStringValue
 0003:000009FC       Variants.NullStrictConvert
 0004:00003298       Variants.RefAnyProc
 0001:0000E648       Variants.SetClearVarToEmptyParam
 0001:0000E630       Variants.SetVarAsError
 0001:0000E6E4       Variants.TCustomVariantType.BinaryOp
 0001:0000E6F0       Variants.TCustomVariantType.Cast
 0001:0000E728       Variants.TCustomVariantType.CastTo
 0001:0000E7B4       Variants.TCustomVariantType.CastToOle
 0001:0000E770       Variants.TCustomVariantType.Compare
 0001:0000E77C       Variants.TCustomVariantType.CompareOp
 0001:0000E7F0       Variants.TCustomVariantType.Destroy
 0001:0000E8D0       Variants.TCustomVariantType.DispInvoke
 0001:0000E87C       Variants.TCustomVariantType.IsClear
 0001:0000E880       Variants.TCustomVariantType.LeftPromotion
 0001:0000E894       Variants.TCustomVariantType.OlePromotion
 0001:0000E8F4       Variants.TCustomVariantType.QueryInterface
 0001:0000E89C       Variants.TCustomVariantType.RaiseCastError
 0001:0000E8AC       Variants.TCustomVariantType.RaiseDispError
 0001:0000E8A4       Variants.TCustomVariantType.RaiseInvalidOp
 0001:0000E8B4       Variants.TCustomVariantType.RightPromotion
 0001:0000E8C8       Variants.TCustomVariantType.UnaryOp
 0001:0000E8DC       Variants.TCustomVariantType._AddRef
 0001:0000E8E8       Variants.TCustomVariantType._Release
 0001:0000CB00       Variants.TranslateResult
 0001:0000CE74       Variants.VarArrayClear
 0001:0000D114       Variants.VarArrayCopyForEach
 0001:0000CAAC       Variants.VarArrayCreateError
 0001:0000C920       Variants.VarCastError
 0001:0000C8CC       Variants.VarCastError
 0001:0000CFF0       Variants.VarClearDeep
 0001:0000D2E0       Variants.VarCopyCopyProc
 0001:0000D2E8       Variants.VarCopyDeep
 0004:0000328C       Variants.VarDispProc
 0002:00000144       Variants.Variants
 0001:0000C9BC       Variants.VarInvalidOp
 0001:0000CA10       Variants.VarOverflowError
 0001:0000CD54       Variants.VarResultCheck
 0001:0000CD60       Variants.VarResultCheck
 0001:0000D5DC       Variants.VarToLStrAny
 0001:0000D640       Variants.VarToLStrCustom
 0001:0000D510       Variants.VarToLStrViaOS
 0001:0000DCBC       Variants.VarToWStrAny
 0001:0000DD20       Variants.VarToWStrCustom
 0001:0000DC04       Variants.VarToWStrViaOS
 0001:0000E4C0       Variants.VarTypeAsText
 0004:00003278       VarUtils..5
 0001:0000BD94       VarUtils.BackupVarBoolFromStr
 0001:0000BEF8       VarUtils.BackupVarBStrFromBool
 0001:0000BE14       VarUtils.BackupVarBStrFromCy
 0001:0000BE84       VarUtils.BackupVarBStrFromDate
 0001:0000BD28       VarUtils.BackupVarCyFromStr
 0001:0000BCBC       VarUtils.BackupVarDateFromStr
 0001:0000BB78       VarUtils.BackupVarI4FromStr
 0001:0000BB24       VarUtils.BackupVariantChangeTypeEx
 0001:0000BBE4       VarUtils.BackupVarR4FromStr
 0001:0000BC50       VarUtils.BackupVarR8FromStr
 0001:0000BB60       VarUtils.BiUnimplemented
 0001:0000BB6C       VarUtils.CmpUnimplemented
 0003:000009F4       VarUtils.CResult
 0001:0000C2C4       VarUtils.Finalization
 0001:0000BF8C       VarUtils.FindProc
 0001:0000BFB8       VarUtils.InitializeVarUtils
 0001:0000BF6C       VarUtils.SafeArrayCreate
 0001:0000BF74       VarUtils.SafeArrayGetLBound
 0001:0000BF7C       VarUtils.SafeArrayGetUBound
 0001:0000BF84       VarUtils.SafeArrayPtrOfIndex
 0001:0000BB54       VarUtils.UniUnimplemented
 0004:0000322C       VarUtils.VarAdd
 0004:00003244       VarUtils.VarAnd
 0004:00003268       VarUtils.VarBoolFromStr
 0004:00003274       VarUtils.VarBstrFromBool
 0004:0000326C       VarUtils.VarBstrFromCy
 0004:00003270       VarUtils.VarBstrFromDate
 0004:00003250       VarUtils.VarCmp
 0004:00003264       VarUtils.VarCyFromStr
 0004:00003260       VarUtils.VarDateFromStr
 0004:00003238       VarUtils.VarDiv
 0004:00003254       VarUtils.VarI4FromStr
 0001:0000BB1C       VarUtils.VariantChangeType
 0004:00003220       VarUtils.VariantChangeTypeEx
 0001:0000BB0C       VarUtils.VariantClear
 0001:0000BB14       VarUtils.VariantCopy
 0001:0000BB04       VarUtils.VariantInit
 0004:0000323C       VarUtils.VarIDiv
 0004:00003240       VarUtils.VarMod
 0004:00003234       VarUtils.VarMul
 0004:00003224       VarUtils.VarNeg
 0004:00003228       VarUtils.VarNot
 0004:00003248       VarUtils.VarOr
 0004:00003258       VarUtils.VarR4FromStr
 0004:0000325C       VarUtils.VarR8FromStr
 0004:00003230       VarUtils.VarSub
 0002:00000134       VarUtils.VarUtils
 0004:0000324C       VarUtils.VarXor
 0004:000027F8       Windows..3
 0001:000057E8       Windows.CharNext
 0001:000057F0       Windows.CharToOemA
 0001:00005698       Windows.CloseHandle
 0001:000056A0       Windows.CompareString
 0001:000056A8       Windows.CreateEvent
 0001:000056B0       Windows.CreateFile
 0001:000056B8       Windows.DeleteCriticalSection
 0001:000056C0       Windows.EnterCriticalSection
 0001:000056C8       Windows.EnumCalendarInfoA
 0001:000056D0       Windows.FileTimeToDosDateTime
 0001:000056D8       Windows.FileTimeToLocalFileTime
 0001:00005810       Windows.Finalization
 0001:000056E0       Windows.FindClose
 0001:000056E8       Windows.FindFirstFile
 0001:000056F0       Windows.FindNextFile
 0001:000056F8       Windows.FormatMessage
 0001:00005700       Windows.FreeLibrary
 0001:00005708       Windows.GetCPInfo
 0001:00005710       Windows.GetCurrentThreadId
 0001:00005718       Windows.GetDateFormat
 0001:00005720       Windows.GetDiskFreeSpaceA
 0001:00005728       Windows.GetFileAttributes
 0001:00005730       Windows.GetFullPathName
 0001:00005738       Windows.GetLastError
 0001:00005748       Windows.GetLocaleInfo
 0001:00005740       Windows.GetLocalTime
 0001:00005750       Windows.GetModuleFileName
 0001:00005758       Windows.GetModuleHandle
 0001:00005760       Windows.GetProcAddress
 0001:00005768       Windows.GetStdHandle
 0001:000057F8       Windows.GetSystemMetrics
 0001:00005770       Windows.GetThreadLocale
 0001:00005778       Windows.GetVersionEx
 0004:000027FC       Windows.HtmlHelpModule
 0001:00005780       Windows.InitializeCriticalSection
 0001:00005788       Windows.LeaveCriticalSection
 0001:00005800       Windows.LoadString
 0001:00005790       Windows.LocalFileTimeToFileTime
 0001:00005808       Windows.MessageBox
 0001:00005798       Windows.ReadFile
 0001:000057A0       Windows.ResetEvent
 0001:000057A8       Windows.SetEndOfFile
 0001:000057B0       Windows.SetEvent
 0001:000057B8       Windows.SetFilePointer
 0001:000057C0       Windows.SetFileTime
 0001:000057C8       Windows.SystemTimeToFileTime
 0001:000057D0       Windows.VirtualQuery
 0001:000057D8       Windows.WaitForSingleObject
 0002:00000098       Windows.Windows
 0001:000057E0       Windows.WriteFile


  Address             Publics by Value

 0001:0000000C       System..TObject
 0001:00000100       System..TInterfacedObject
 0001:00000160       System.CloseHandle
 0001:00000168       System.CreateFileA
 0001:00000170       System.GetFileType
 0001:00000178       System.GetFileSize
 0001:00000180       System.GetStdHandle
 0001:00000188       System.RaiseException
 0001:00000190       System.ReadFile
 0001:00000198       System.RtlUnwind
 0001:000001A0       System.SetEndOfFile
 0001:000001A8       System.SetFilePointer
 0001:000001B0       System.UnhandledExceptionFilter
 0001:000001B8       System.WriteFile
 0001:000001C0       System.CharNext
 0001:000001C8       System.ExitProcess
 0001:000001D0       System.MessageBox
 0001:000001D8       System.FindClose
 0001:000001E0       System.FindFirstFile
 0001:000001E8       System.FreeLibrary
 0001:000001F0       System.GetCommandLine
 0001:000001F8       System.GetLastError
 0001:00000200       System.GetLocaleInfo
 0001:00000208       System.GetModuleFileName
 0001:00000210       System.GetModuleHandle
 0001:00000218       System.GetProcAddress
 0001:00000220       System.GetStartupInfo
 0001:00000228       System.GetThreadLocale
 0001:00000230       System.LoadLibraryEx
 0001:00000238       System.LoadString
 0001:00000240       System.lstrcpyn
 0001:00000248       System.@strlen
 0001:00000250       System.MultiByteToWideChar
 0001:00000258       System.RegCloseKey
 0001:00000260       System.RegOpenKeyEx
 0001:00000268       System.RegQueryValueEx
 0001:00000270       System.WideCharToMultiByte
 0001:00000278       System.VirtualQuery
 0001:00000280       System.SysAllocStringLen
 0001:00000288       System.SysReAllocStringLen
 0001:00000290       System.SysFreeString
 0001:00000298       System.InterlockedIncrement
 0001:000002A0       System.InterlockedDecrement
 0001:000002A8       System.GetCurrentThreadId
 0001:000002B0       System.GetCmdShow
 0001:000002D4       System.VirtualAlloc
 0001:000002DC       System.VirtualFree
 0001:000002E4       System.Sleep
 0001:000002EC       System.DestroyWindow
 0001:00000354       System.LockCmpxchg
 0001:0000035C       System.Move12
 0001:00000370       System.Move20
 0001:00000390       System.Move28
 0001:000003BC       System.Move36
 0001:000003DC       System.Move44
 0001:00000400       System.Move52
 0001:0000042C       System.Move60
 0001:0000045C       System.Move68
 0001:00000494       System.MoveX16L4
 0001:000004C4       System.MoveX8L4
 0001:000004E0       System.RemoveMediumFreeBlock
 0001:00000520       System.InsertMediumBlockIntoBin
 0001:00000580       System.BinMediumSequentialFeedRemainder
 0001:000005EC       System.AllocNewSequentialFeedMediumPool
 0001:00000664       System.LockLargeBlocks
 0001:000006A4       System.AllocateLargeBlock
 0001:00000708       System.FreeLargeBlock
 0001:00000744       System.SysGetMem
 0001:00000AAC       System.SysFreeMem
 0001:00000C8C       System.SysReallocMem
 0001:00001018       System.SysAllocMem
 0001:00001048       System.NextMediumBlock
 0001:0000106C       System.GetFirstMediumBlockInPool
 0001:000010AC       System.GetFirstAndLastSmallBlockInPool
 0001:000010E8       System.CardinalToStrBuf
 0001:00001204       System.AppendStringToBuffer
 0001:0000121C       System.InternalIsValidClass
 0001:000012D4       System.GetObjectClass
 0001:00001304       System.LockExpectedMemoryLeaksList
 0001:00001370       System.SysRegisterExpectedMemoryLeak
 0001:000013B0       System.SysUnregisterExpectedMemoryLeak
 0001:00001408       System.CheckSmallBlockPoolForLeaks
 0001:00001554       System.ScanForMemoryLeaks
 0001:000019CC       System.BuildBlockTypeLookupTable
 0001:00001A10       System.InitializeMemoryManager
 0001:00001B38       System.FreeAllMemory
 0001:00001BC8       System.FinalizeMemoryManager
 0001:00001C1C       System.AllocMem
 0001:00001C34       System.@GetMem
 0001:00001C50       System.@FreeMem
 0001:00001C68       System.@ReallocMem
 0001:00001CB8       System.RunErrorAt
 0001:00001CC4       System.ErrorAt
 0001:00001D10       System.Error
 0001:00001D1C       System.@_IOTest
 0001:00001D3C       System.SetInOutRes
 0001:00001D4C       System.@Copy
 0001:00001D90       System.IOResult
 0001:00001DB0       System.Move
 0001:00001EB0       System.GetParamStr
 0001:00001FAC       System.ParamStr
 0001:0000200C       System.@AbstractError
 0001:00002028       System.OpenText
 0001:00002080       System.@RewritText
 0001:0000208C       System.TextIn
 0001:000020C8       System.FileNOPProc
 0001:000020CC       System.TextOut
 0001:00002108       System.InternalClose
 0001:00002118       System.TextClose
 0001:00002138       System.TextOpen
 0001:000022E4       System.InternalFlush
 0001:0000232C       System.Flush
 0001:00002338       System.@Flush
 0001:00002344       System.@Close
 0001:0000239C       System.@FillChar
 0001:00002438       System.@ValLong
 0001:0000250C       System.TryOpenForOutput
 0001:00002550       System.@WriteBytes
 0001:000025A4       System.@WriteSpaces
 0001:00002620       System.@WriteLn
 0001:00002668       System.FPower10
 0001:00002670       System.@Pow10
 0001:00002954       System.GetKeyboardType
 0001:0000295C       System.@isNECWindows
 0001:0000298C       System.@FpuMaskInit
 0001:00002A50       System.@FpuInit
 0001:00002A5C       System.TObject.ClassType
 0001:00002A64       System.TObject.ClassName
 0001:00002A78       System.TObject.ClassParent
 0001:00002A84       System.TObject.NewInstance
 0001:00002AA0       System.TObject.FreeInstance
 0001:00002AB4       System.TObject.InstanceSize
 0001:00002ABC       System.TObject.Create
 0001:00002ADC       System.TObject.Destroy
 0001:00002AEC       System.TObject.Free
 0001:00002AF8       System.TObject.InitInstance
 0001:00002B50       System.TObject.CleanupInstance
 0001:00002B70       System.InvokeImplGetter
 0001:00002BA0       System.TObject.GetInterface
 0001:00002C34       System.TObject.GetInterfaceEntry
 0001:00002C78       System.@IsClass
 0001:00002C9C       System.GetDynaMethod
 0001:00002CCC       System.@CallDynaInst
 0001:00002CE4       System.TObject.InheritsFrom
 0001:00002CF8       System.TObject.SafeCallException
 0001:00002D00       System.TObject.DefaultHandler
 0001:00002D04       System.TObject.AfterConstruction
 0001:00002D08       System.TObject.BeforeDestruction
 0001:00002D0C       System.TObject.Dispatch
 0001:00002D34       System.@ClassCreate
 0001:00002D84       System.@ClassDestroy
 0001:00002D8C       System.@AfterConstruction
 0001:00002DDC       System.@BeforeDestruction
 0001:00002DEC       System.NotifyReRaise
 0001:00002E08       System.NotifyNonDelphiException
 0001:00002E2C       System.NotifyExcept
 0001:00002E44       System.NotifyAnyExcept
 0001:00002E58       System.CheckJmp
 0001:00002E78       System.NotifyExceptFinally
 0001:00002EA0       System.NotifyTerminate
 0001:00002EBC       System.NotifyUnhandled
 0001:00002EDC       System.@HandleAnyException
 0001:00003008       System.@HandleFinally
 0001:000030B0       System.@HandleFinallyInternal
 0001:000030E8       System.@RaiseExcept
 0001:00003110       System.@RaiseAgain
 0001:00003164       System.@DoneExcept
 0001:00003194       System.MapToRunError
 0001:00003234       System.@ExceptionHandler
 0001:000032D4       System.SetExceptionHandler
 0001:000032F4       System.UnsetExceptionHandler
 0001:0000331C       System.FinalizeUnits
 0001:00003380       System.InitUnits
 0001:000033E8       System.@StartExe
 0001:00003428       System.@InitResStringImports
 0001:00003450       System.@InitImports
 0001:00003474       System.MakeErrorMessage
 0001:000034D8       System.ExitDll
 0001:00003508       System.WriteErrorMessage
 0001:00003594       System.@Halt0
 0001:00003670       System.@Halt
 0001:0000367C       System.@RunError
 0001:00003688       System.@LStrClr
 0001:000036AC       System.@LStrArrayClr
 0001:000036DC       System.@LStrAsg
 0001:00003720       System.@LStrLAsg
 0001:0000374C       System.@NewAnsiString
 0001:00003778       System.@LStrFromPCharLen
 0001:000037A8       System.CharFromWChar
 0001:000037C8       System.WCharFromChar
 0001:000037E4       System.@LStrFromPWCharLen
 0001:00003870       System.@LStrFromChar
 0001:00003880       System.@LStrFromPChar
 0001:000038B0       System.@LStrFromPWChar
 0001:000038EC       System.@LStrFromString
 0001:000038F8       System.@LStrFromArray
 0001:00003910       System.@LStrFromWStr
 0001:00003924       System.@LStrLen
 0001:00003930       System.@LStrCat
 0001:00003974       System.@LStrCat3
 0001:000039E8       System.@LStrCatN
 0001:00003A74       System.@LStrCmp
 0001:00003B18       System.@LStrAddRef
 0001:00003B28       System.@LStrToPChar
 0001:00003B34       System.InternalUniqueString
 0001:00003B78       System.@UniqueStringA
 0001:00003B80       System.@LStrCopy
 0001:00003BC0       System.Pos
 0001:00003D04       System.@LStrSetLength
 0001:00003D68       System.@Write0LString
 0001:00003D70       System.@WriteLString
 0001:00003D90       System.WStrError
 0001:00003D98       System.@NewWideString
 0001:00003DB0       System.WStrSet
 0001:00003DC0       System.@WStrClr
 0001:00003DD8       System.@WStrArrayClr
 0001:00003DFC       System.@WStrAsg
 0001:00003E24       System.@WStrFromPCharLen
 0001:00003EB0       System.@WStrFromPWCharLen
 0001:00003ED4       System.@WStrFromPWChar
 0001:00003F10       System.@WStrFromLStr
 0001:00003F20       System.@WStrToPWChar
 0001:00003F30       System.@WStrLen
 0001:00003F3C       System.@WStrCmp
 0001:00003FC0       System.@WStrCopy
 0001:0000400C       System.@WStrSetLength
 0001:00004050       System.@InitializeRecord
 0001:00004080       System.@InitializeArray
 0001:00004114       System.@FinalizeRecord
 0001:00004148       System.@VarClr
 0001:00004160       System.@FinalizeArray
 0001:0000424C       System.@Finalize
 0001:00004258       System.@VarCopy
 0001:00004270       System.@CopyRecord
 0001:0000438C       System.@CopyArray
 0001:00004480       System.@Dispose
 0001:00004490       System.@DispCallByIDError
 0001:00004498       System.@_llmul
 0001:000044BC       System.@DynArrayLength
 0001:000044C4       System.@DynArrayHigh
 0001:000044CC       System.CopyArray
 0001:000044DC       System.FinalizeArray
 0001:000044E4       System.DynArrayClear
 0001:000044EC       System.DynArraySetLength
 0001:00004678       System.@DynArraySetLength
 0001:00004684       System.@DynArrayClear
 0001:000046C0       System.@DynArrayAsg
 0001:000046E8       System.FindHInstance
 0001:00004710       System.DelayLoadResourceModule
 0001:00004758       System.FindResourceHInstance
 0001:00004790       System.FindBS
 0001:000047B0       System.ToLongPath
 0001:00004974       System.LoadResourceModule
 0001:00004BE4       System.AddModuleUnloadProc
 0001:00004BEC       System.RemoveModuleUnloadProc
 0001:00004BF4       System.AddModuleUnloadProc
 0001:00004C14       System.RemoveModuleUnloadProc
 0001:00004C78       System.NotifyModuleUnload
 0001:00004CD4       System.RegisterModule
 0001:00004CE4       System.UnregisterModule
 0001:00004D54       System.@IntfClear
 0001:00004D6C       System.@IntfCopy
 0001:00004D98       System.TInterfacedObject.AfterConstruction
 0001:00004DA4       System.TInterfacedObject.BeforeDestruction
 0001:00004DB4       System.TInterfacedObject.NewInstance
 0001:00004DC4       System.TInterfacedObject.QueryInterface
 0001:00004DEC       System.TInterfacedObject._AddRef
 0001:00004E00       System.TInterfacedObject._Release
 0001:00004E28       System.UnicodeToUtf8
 0001:00004F04       System.Utf8ToUnicode
 0001:00005034       System.UTF8Encode
 0001:000050F0       System.UTF8Decode
 0001:000051A8       System.AnsiToUtf8
 0001:000051F8       System.LoadResString
 0001:00005250       System.GetACP
 0001:00005258       System.Finalization
 0001:000052B8       SysInit.GetModuleHandle
 0001:000052C0       SysInit.LocalAlloc
 0001:000052C8       SysInit.TlsGetValue
 0001:000052D0       SysInit.TlsSetValue
 0001:000052D8       SysInit.AllocTlsBuffer
 0001:000052E4       SysInit.GetTlsSize
 0001:000052EC       SysInit.InitThreadTLS
 0001:00005330       SysInit.@GetTls
 0001:00005370       SysInit.InitializeModule
 0001:0000537C       SysInit.@InitExe
 0001:00005698       Windows.CloseHandle
 0001:000056A0       Windows.CompareString
 0001:000056A8       Windows.CreateEvent
 0001:000056B0       Windows.CreateFile
 0001:000056B8       Windows.DeleteCriticalSection
 0001:000056C0       Windows.EnterCriticalSection
 0001:000056C8       Windows.EnumCalendarInfoA
 0001:000056D0       Windows.FileTimeToDosDateTime
 0001:000056D8       Windows.FileTimeToLocalFileTime
 0001:000056E0       Windows.FindClose
 0001:000056E8       Windows.FindFirstFile
 0001:000056F0       Windows.FindNextFile
 0001:000056F8       Windows.FormatMessage
 0001:00005700       Windows.FreeLibrary
 0001:00005708       Windows.GetCPInfo
 0001:00005710       Windows.GetCurrentThreadId
 0001:00005718       Windows.GetDateFormat
 0001:00005720       Windows.GetDiskFreeSpaceA
 0001:00005728       Windows.GetFileAttributes
 0001:00005730       Windows.GetFullPathName
 0001:00005738       Windows.GetLastError
 0001:00005740       Windows.GetLocalTime
 0001:00005748       Windows.GetLocaleInfo
 0001:00005750       Windows.GetModuleFileName
 0001:00005758       Windows.GetModuleHandle
 0001:00005760       Windows.GetProcAddress
 0001:00005768       Windows.GetStdHandle
 0001:00005770       Windows.GetThreadLocale
 0001:00005778       Windows.GetVersionEx
 0001:00005780       Windows.InitializeCriticalSection
 0001:00005788       Windows.LeaveCriticalSection
 0001:00005790       Windows.LocalFileTimeToFileTime
 0001:00005798       Windows.ReadFile
 0001:000057A0       Windows.ResetEvent
 0001:000057A8       Windows.SetEndOfFile
 0001:000057B0       Windows.SetEvent
 0001:000057B8       Windows.SetFilePointer
 0001:000057C0       Windows.SetFileTime
 0001:000057C8       Windows.SystemTimeToFileTime
 0001:000057D0       Windows.VirtualQuery
 0001:000057D8       Windows.WaitForSingleObject
 0001:000057E0       Windows.WriteFile
 0001:000057E8       Windows.CharNext
 0001:000057F0       Windows.CharToOemA
 0001:000057F8       Windows.GetSystemMetrics
 0001:00005800       Windows.LoadString
 0001:00005808       Windows.MessageBox
 0001:00005810       Windows.Finalization
 0001:00005884       SysUtils..Exception
 0001:000058EC       SysUtils..EHeapException
 0001:00005948       SysUtils..EOutOfMemory
 0001:000059A4       SysUtils..EInOutError
 0001:000059FC       SysUtils..EExternal
 0001:00005A54       SysUtils..EExternalException
 0001:00005AB4       SysUtils..EIntError
 0001:00005B0C       SysUtils..EDivByZero
 0001:00005B64       SysUtils..ERangeError
 0001:00005BBC       SysUtils..EIntOverflow
 0001:00005C18       SysUtils..EMathError
 0001:00005C70       SysUtils..EInvalidOp
 0001:00005CC8       SysUtils..EZeroDivide
 0001:00005D20       SysUtils..EOverflow
 0001:00005D78       SysUtils..EUnderflow
 0001:00005DD0       SysUtils..EInvalidPointer
 0001:00005E2C       SysUtils..EInvalidCast
 0001:00005E88       SysUtils..EConvertError
 0001:00005EE4       SysUtils..EAccessViolation
 0001:00005F44       SysUtils..EPrivilege
 0001:00005F9C       SysUtils..EStackOverflow
 0001:00005FF8       SysUtils..EControlC
 0001:00006050       SysUtils..EVariantError
 0001:000060AC       SysUtils..EAssertionFailed
 0001:0000610C       SysUtils..EAbstractError
 0001:00006168       SysUtils..EIntfCastError
 0001:000061C4       SysUtils..EOSError
 0001:0000621C       SysUtils..ESafecallException
 0001:000062D0       SysUtils..TThreadLocalCounter
 0001:000063AC       SysUtils..TMultiReadExclusiveWriteSynchronizer
 0001:00006420       SysUtils.DivMod
 0001:0000643C       SysUtils.ConvertErrorFmt
 0001:00006460       SysUtils.UpperCase
 0001:000064FC       SysUtils.LowerCase
 0001:00006598       SysUtils.CompareStr
 0001:000065C8       SysUtils.CompareText
 0001:00006664       SysUtils.SameText
 0001:00006688       SysUtils.AnsiCompareText
 0001:000066CC       SysUtils.Trim
 0001:00006720       SysUtils.CvtInt
 0001:0000676C       SysUtils.IntToStr
 0001:0000678C       SysUtils.CvtInt64
 0001:00006858       SysUtils.IntToStr
 0001:00006880       SysUtils.IntToHex
 0001:000068A8       SysUtils.StrToIntDef
 0001:000068C0       SysUtils.TryStrToInt
 0001:000068E0       SysUtils.VerifyBoolStrArray
 0001:00006970       SysUtils.CompareWith
 0001:000069F4       SysUtils.TryStrToBool
 0001:00006A90       SysUtils.BoolToStr
 0001:00006ADC       SysUtils.FileOpen
 0001:00006B34       SysUtils.FileRead
 0001:00006B60       SysUtils.FileWrite
 0001:00006B8C       SysUtils.FileSeek
 0001:00006BDC       SysUtils.FileExists
 0001:00006C00       SysUtils.DirectoryExists
 0001:00006C24       SysUtils.FindMatchingFile
 0001:00006CA8       SysUtils.FindFirst
 0001:00006CF8       SysUtils.FindNext
 0001:00006D1C       SysUtils.FindClose
 0001:00006D38       SysUtils.LastDelimiter
 0001:00006D8C       SysUtils.ExtractFileName
 0001:00006DC4       SysUtils.ExpandFileName
 0001:00006E00       SysUtils.BackfillGetDiskFreeSpaceEx
 0001:00006E74       SysUtils.StrLen
 0001:00006E8C       SysUtils.StrMove
 0001:00006E9C       SysUtils.StrLCopy
 0001:00006ED0       SysUtils.StrLIComp
 0001:00006F14       SysUtils.StrScan
 0001:00006F28       SysUtils.StrPos
 0001:00006F7C       SysUtils.StrAlloc
 0001:00006F90       SysUtils.StrNew
 0001:00006FBC       SysUtils.FormatError
 0001:00007014       SysUtils.FormatVarToStr
 0001:00007038       SysUtils.FormatClearStr
 0001:00007044       SysUtils.FormatBuf
 0001:000073BC       SysUtils.StrLFmt
 0001:000073FC       SysUtils.Format
 0001:00007410       SysUtils.FmtStr
 0001:000074EC       SysUtils.PutExponent
 0001:00007530       SysUtils.FloatToText
 0001:00007804       SysUtils.FloatToDecimal
 0001:00007A30       SysUtils.TextToFloat
 0001:00007B44       SysUtils.FloatToStr
 0001:00007B74       SysUtils.CurrToStr
 0001:00007BA4       SysUtils.TryStrToFloat
 0001:00007BC0       SysUtils.TryStrToFloat
 0001:00007BEC       SysUtils.TryStrToFloat
 0001:00007C18       SysUtils.TryStrToCurr
 0001:00007C34       SysUtils.DateTimeToTimeStamp
 0001:00007C78       SysUtils.TryEncodeTime
 0001:00007CE8       SysUtils.DecodeTime
 0001:00007D44       SysUtils.IsLeapYear
 0001:00007D80       SysUtils.TryEncodeDate
 0001:00007E4C       SysUtils.DecodeDateFully
 0001:00007F98       SysUtils.DecodeDate
 0001:00007FB8       SysUtils.DayOfWeek
 0001:00007FE0       SysUtils.CurrentYear
 0001:00007FF4       SysUtils.AppendChars
 0001:00008038       SysUtils.AppendString
 0001:00008054       SysUtils.AppendNumber
 0001:000080A0       SysUtils.GetCount
 0001:000080CC       SysUtils.GetDate
 0001:00008104       SysUtils.GetTime
 0001:00008144       SysUtils.ConvertEraString
 0001:000082C0       SysUtils.ConvertYearString
 0001:000083D8       SysUtils.AppendFormat
 0001:00008B90       SysUtils.DateTimeToString
 0001:00008BEC       SysUtils.ScanBlanks
 0001:00008C10       SysUtils.ScanNumber
 0001:00008CA4       SysUtils.ScanString
 0001:00008D7C       SysUtils.ScanChar
 0001:00008DB8       SysUtils.GetDateOrder
 0001:00008E04       SysUtils.ScanToNumber
 0001:00008E4C       SysUtils.GetEraYearOffset
 0001:00008EA0       SysUtils.EraToYear
 0001:00008EFC       SysUtils.ScanDate
 0001:00009248       SysUtils.ScanTime
 0001:00009440       SysUtils.TryStrToTime
 0001:00009478       SysUtils.StrToDateTime
 0001:000094AC       SysUtils.TryStrToDateTime
 0001:00009548       SysUtils.SysErrorMessage
 0001:00009594       SysUtils.GetLocaleStr
 0001:000095E0       SysUtils.GetLocaleChar
 0001:0000960C       SysUtils.LocalGetLocaleStr
 0001:00009648       SysUtils.GetMonthDayNames
 0001:0000976C       SysUtils.EnumEraNames
 0001:000097A8       SysUtils.EnumEraYearOffsets
 0001:00009820       SysUtils.GetEraNamesAndYearOffsets
 0001:000098D0       SysUtils.TranslateDateFormat
 0001:00009B00       SysUtils.ConvertAddr
 0001:00009B0C       SysUtils.ExceptionErrorMessage
 0001:00009C94       SysUtils.ShowException
 0001:00009D5C       SysUtils.Exception.Create
 0001:00009D98       SysUtils.Exception.CreateFmt
 0001:00009E18       SysUtils.Exception.CreateRes
 0001:00009E54       SysUtils.Exception.CreateResFmt
 0001:00009EE8       SysUtils.EHeapException.FreeInstance
 0001:00009F14       SysUtils.CreateInOutError
 0001:00009F94       SysUtils.ErrorHandler
 0001:00009FE4       SysUtils.CreateAssertException
 0001:0000A090       SysUtils.RaiseAssertException
 0001:0000A0A0       SysUtils.AssertErrorHandler
 0001:0000A0BC       SysUtils.AbstractErrorHandler
 0001:0000A0D4       SysUtils.MapException
 0001:0000A154       SysUtils.GetExceptionClass
 0001:0000A16C       SysUtils.CreateAVObject
 0001:0000A338       SysUtils.GetExceptionObject
 0001:0000A400       SysUtils.ExceptHandler
 0001:0000A410       SysUtils.InitExceptions
 0001:0000A494       SysUtils.DoneExceptions
 0001:0000A514       SysUtils.InitPlatformId
 0001:0000A584       SysUtils.ByteTypeTest
 0001:0000A5F8       SysUtils.ByteType
 0001:0000A61C       SysUtils.StrByteType
 0001:0000A634       SysUtils.ByteToCharLen
 0001:0000A658       SysUtils.ByteToCharIndex
 0001:0000A6C0       SysUtils.CountChars
 0001:0000A750       SysUtils.CharToByteIndex
 0001:0000A7D4       SysUtils.CharToByteLen
 0001:0000A844       SysUtils.StrCharLength
 0001:0000A864       SysUtils.StrNextChar
 0001:0000A86C       SysUtils.CharLength
 0001:0000A8A4       SysUtils.NextCharIndex
 0001:0000A8DC       SysUtils.AnsiPos
 0001:0000A914       SysUtils.AnsiStrPos
 0001:0000A9B4       SysUtils.AnsiStrRScan
 0001:0000A9E8       SysUtils.AnsiStrScan
 0001:0000AA28       SysUtils.InitLeadBytes
 0001:0000AA84       SysUtils.InitSysLocale
 0001:0000AB48       SysUtils.GetFormatSettings
 0001:0000AF14       SysUtils.ModuleUnloaded
 0001:0000B0EC       SysUtils.Sleep
 0001:0000B0F4       SysUtils.RaiseLastOSError
 0001:0000B100       SysUtils.RaiseLastOSError
 0001:0000B198       SysUtils.Win32Check
 0001:0000B1A8       SysUtils.FreeTerminateProcs
 0001:0000B1CC       SysUtils.InitDriveSpacePtr
 0001:0000B228       SysUtils.InterlockedIncrement
 0001:0000B234       SysUtils.InterlockedDecrement
 0001:0000B240       SysUtils.InterlockedExchange
 0001:0000B248       SysUtils.InterlockedExchangeAdd
 0001:0000B250       SysUtils.TThreadLocalCounter.Destroy
 0001:0000B2A8       SysUtils.TThreadLocalCounter.HashIndex
 0001:0000B2C4       SysUtils.TThreadLocalCounter.Open
 0001:0000B33C       SysUtils.TThreadLocalCounter.Delete
 0001:0000B34C       SysUtils.TThreadLocalCounter.Recycle
 0001:0000B390       SysUtils.TMultiReadExclusiveWriteSynchronizer.Create
 0001:0000B404       SysUtils.TMultiReadExclusiveWriteSynchronizer.Destroy
 0001:0000B44C       SysUtils.TMultiReadExclusiveWriteSynchronizer.BlockReaders
 0001:0000B458       SysUtils.TMultiReadExclusiveWriteSynchronizer.UnblockReaders
 0001:0000B464       SysUtils.TMultiReadExclusiveWriteSynchronizer.UnblockOneWriter
 0001:0000B470       SysUtils.TMultiReadExclusiveWriteSynchronizer.WaitForReadSignal
 0001:0000B480       SysUtils.TMultiReadExclusiveWriteSynchronizer.WaitForWriteSignal
 0001:0000B490       SysUtils.TMultiReadExclusiveWriteSynchronizer.BeginWrite
 0001:0000B53C       SysUtils.TMultiReadExclusiveWriteSynchronizer.EndWrite
 0001:0000B58C       SysUtils.TMultiReadExclusiveWriteSynchronizer.BeginRead
 0001:0000B5FC       SysUtils.TMultiReadExclusiveWriteSynchronizer.EndRead
 0001:0000B664       SysUtils.FreeAndNil
 0001:0000B674       SysUtils.ClearHashTables
 0001:0000B974       SysUtils.Finalization
 0001:0000BB04       VarUtils.VariantInit
 0001:0000BB0C       VarUtils.VariantClear
 0001:0000BB14       VarUtils.VariantCopy
 0001:0000BB1C       VarUtils.VariantChangeType
 0001:0000BB24       VarUtils.BackupVariantChangeTypeEx
 0001:0000BB54       VarUtils.UniUnimplemented
 0001:0000BB60       VarUtils.BiUnimplemented
 0001:0000BB6C       VarUtils.CmpUnimplemented
 0001:0000BB78       VarUtils.BackupVarI4FromStr
 0001:0000BBE4       VarUtils.BackupVarR4FromStr
 0001:0000BC50       VarUtils.BackupVarR8FromStr
 0001:0000BCBC       VarUtils.BackupVarDateFromStr
 0001:0000BD28       VarUtils.BackupVarCyFromStr
 0001:0000BD94       VarUtils.BackupVarBoolFromStr
 0001:0000BE14       VarUtils.BackupVarBStrFromCy
 0001:0000BE84       VarUtils.BackupVarBStrFromDate
 0001:0000BEF8       VarUtils.BackupVarBStrFromBool
 0001:0000BF6C       VarUtils.SafeArrayCreate
 0001:0000BF74       VarUtils.SafeArrayGetLBound
 0001:0000BF7C       VarUtils.SafeArrayGetUBound
 0001:0000BF84       VarUtils.SafeArrayPtrOfIndex
 0001:0000BF8C       VarUtils.FindProc
 0001:0000BFB8       VarUtils.InitializeVarUtils
 0001:0000C2C4       VarUtils.Finalization
 0001:0000C344       Variants..TCustomVariantType
 0001:0000C410       Variants..EVariantInvalidOpError
 0001:0000C474       Variants..EVariantTypeCastError
 0001:0000C4D8       Variants..EVariantOverflowError
 0001:0000C53C       Variants..EVariantInvalidArgError
 0001:0000C5A0       Variants..EVariantBadVarTypeError
 0001:0000C604       Variants..EVariantBadIndexError
 0001:0000C668       Variants..EVariantArrayLockedError
 0001:0000C6D0       Variants..EVariantArrayCreateError
 0001:0000C738       Variants..EVariantNotImplError
 0001:0000C79C       Variants..EVariantOutOfMemoryError
 0001:0000C804       Variants..EVariantUnexpectedError
 0001:0000C868       Variants..EVariantDispatchError
 0001:0000C8CC       Variants.VarCastError
 0001:0000C920       Variants.VarCastError
 0001:0000C9BC       Variants.VarInvalidOp
 0001:0000CA10       Variants.VarOverflowError
 0001:0000CAAC       Variants.VarArrayCreateError
 0001:0000CB00       Variants.TranslateResult
 0001:0000CD54       Variants.VarResultCheck
 0001:0000CD60       Variants.VarResultCheck
 0001:0000CD94       Variants.@DispInvokeError
 0001:0000CDE8       Variants.InBounds
 0001:0000CE18       Variants.Increment
 0001:0000CE74       Variants.VarArrayClear
 0001:0000CFF0       Variants.VarClearDeep
 0001:0000D06C       Variants.@VarClear
 0001:0000D080       Variants.@VarClr
 0001:0000D088       Variants.InBounds
 0001:0000D0B8       Variants.Increment
 0001:0000D114       Variants.VarArrayCopyForEach
 0001:0000D2E0       Variants.VarCopyCopyProc
 0001:0000D2E8       Variants.VarCopyDeep
 0001:0000D394       Variants.@VarCopy
 0001:0000D3D8       Variants.CurrToWStrViaOS
 0001:0000D410       Variants.DateToWStrViaOS
 0001:0000D448       Variants.BoolToWStrViaOS
 0001:0000D510       Variants.VarToLStrViaOS
 0001:0000D5DC       Variants.VarToLStrAny
 0001:0000D640       Variants.VarToLStrCustom
 0001:0000D6C8       Variants.@VarToLStr
 0001:0000DC04       Variants.VarToWStrViaOS
 0001:0000DCBC       Variants.VarToWStrAny
 0001:0000DD20       Variants.VarToWStrCustom
 0001:0000DDE8       Variants.@VarToWStr
 0001:0000E33C       Variants.@VarAddRef
 0001:0000E4C0       Variants.VarTypeAsText
 0001:0000E630       Variants.SetVarAsError
 0001:0000E648       Variants.SetClearVarToEmptyParam
 0001:0000E678       Variants.ClearVariantTypeList
 0001:0000E6E4       Variants.TCustomVariantType.BinaryOp
 0001:0000E6F0       Variants.TCustomVariantType.Cast
 0001:0000E728       Variants.TCustomVariantType.CastTo
 0001:0000E770       Variants.TCustomVariantType.Compare
 0001:0000E77C       Variants.TCustomVariantType.CompareOp
 0001:0000E7B4       Variants.TCustomVariantType.CastToOle
 0001:0000E7F0       Variants.TCustomVariantType.Destroy
 0001:0000E87C       Variants.TCustomVariantType.IsClear
 0001:0000E880       Variants.TCustomVariantType.LeftPromotion
 0001:0000E894       Variants.TCustomVariantType.OlePromotion
 0001:0000E89C       Variants.TCustomVariantType.RaiseCastError
 0001:0000E8A4       Variants.TCustomVariantType.RaiseInvalidOp
 0001:0000E8AC       Variants.TCustomVariantType.RaiseDispError
 0001:0000E8B4       Variants.TCustomVariantType.RightPromotion
 0001:0000E8C8       Variants.TCustomVariantType.UnaryOp
 0001:0000E8D0       Variants.TCustomVariantType.DispInvoke
 0001:0000E8DC       Variants.TCustomVariantType._AddRef
 0001:0000E8E8       Variants.TCustomVariantType._Release
 0001:0000E8F4       Variants.TCustomVariantType.QueryInterface
 0001:0000E91C       Variants.FindCustomVariantType
 0001:0000E9D8       Variants.Finalization
 0001:0000EADC       TypInfo.Finalization
 0001:0000EB2C       Classes..EStreamError
 0001:0000EB88       Classes..EFileStreamError
 0001:0000EBE8       Classes..EFCreateError
 0001:0000EC44       Classes..EFOpenError
 0001:0000EC9C       Classes..EFilerError
 0001:0000ECF4       Classes..EReadError
 0001:0000ED4C       Classes..EWriteError
 0001:0000EDA4       Classes..EListError
 0001:0000EDFC       Classes..EStringListError
 0001:0000EE5C       Classes..TList
 0001:0000EEC0       Classes..TThreadList
 0001:0000EF18       Classes..TPersistent
 0001:0000EFEC       Classes..TStrings
 0001:0000F124       Classes..TStringList
 0001:0000F23C       Classes..TStream
 0001:0000F2AC       Classes..THandleStream
 0001:0000F324       Classes..TFileStream
 0001:0000F3AC       Classes..TRegGroup
 0001:0000F404       Classes..TRegGroups
 0001:0000F45C       Classes.TRegGroup.Create
 0001:0000F4B8       Classes.TRegGroup.Destroy
 0001:0000F4F8       Classes.PointerInModule
 0001:0000F518       Classes.TRegGroup.UnregisterModuleClasses
 0001:0000F5C4       Classes.TRegGroups.Create
 0001:0000F638       Classes.TRegGroups.Destroy
 0001:0000F698       Classes.TRegGroups.Lock
 0001:0000F6A4       Classes.TRegGroups.Unlock
 0001:0000F6B0       Classes.TRegGroups.UnregisterModuleClasses
 0001:0000F700       Classes.UnRegisterModuleClasses
 0001:0000F74C       Classes.TList.Destroy
 0001:0000F76C       Classes.TList.Add
 0001:0000F7A0       Classes.TList.Clear
 0001:0000F7B8       Classes.TList.Delete
 0001:0000F81C       Classes.ReturnAddr
 0001:0000F820       Classes.TList.Error
 0001:0000F858       Classes.TList.Error
 0001:0000F8AC       Classes.TList.Get
 0001:0000F8D4       Classes.TList.Grow
 0001:0000F908       Classes.TList.SetCapacity
 0001:0000F944       Classes.TList.SetCount
 0001:0000F9B8       Classes.TList.Notify
 0001:0000F9BC       Classes.TThreadList.Create
 0001:0000FA10       Classes.TThreadList.Destroy
 0001:0000FA8C       Classes.TThreadList.LockList
 0001:0000FAA0       Classes.TThreadList.UnlockList
 0001:0000FAAC       Classes.TPersistent.Destroy
 0001:0000FAD8       Classes.TPersistent.Assign
 0001:0000FAEC       Classes.TPersistent.AssignError
 0001:0000FBBC       Classes.TPersistent.AssignTo
 0001:0000FBC4       Classes.TPersistent.DefineProperties
 0001:0000FBC8       Classes.TPersistent.GetNamePath
 0001:0000FC78       Classes.TPersistent.GetOwner
 0001:0000FC7C       Classes.TStrings.Destroy
 0001:0000FCAC       Classes.TStrings.Add
 0001:0000FCD0       Classes.TStrings.AddObject
 0001:0000FCF4       Classes.TStrings.AddStrings
 0001:0000FDAC       Classes.TStrings.Assign
 0001:0000FE64       Classes.TStrings.BeginUpdate
 0001:0000FE7C       Classes.DoWrite
 0001:0000FED4       Classes.TStrings.DefineProperties
 0001:0000FF20       Classes.TStrings.EndUpdate
 0001:0000FF34       Classes.TStrings.Equals
 0001:0000FFDC       Classes.ReturnAddr
 0001:0000FFE0       Classes.TStrings.Error
 0001:00010018       Classes.TStrings.Error
 0001:00010070       Classes.TStrings.Exchange
 0001:0001015C       Classes.TStrings.GetCapacity
 0001:00010164       Classes.TStrings.GetObject
 0001:00010168       Classes.TStrings.GetText
 0001:000101BC       Classes.TStrings.GetTextStr
 0001:000102F4       Classes.TStrings.IndexOf
 0001:00010380       Classes.TStrings.IndexOfName
 0001:00010454       Classes.TStrings.IndexOfObject
 0001:00010488       Classes.TStrings.InsertObject
 0001:000104B8       Classes.TStrings.LoadFromFile
 0001:0001050C       Classes.TStrings.LoadFromStream
 0001:000105B8       Classes.TStrings.Move
 0001:00010668       Classes.TStrings.Put
 0001:00010698       Classes.TStrings.PutObject
 0001:0001069C       Classes.TStrings.ReadData
 0001:0001074C       Classes.TStrings.SaveToFile
 0001:000107A4       Classes.TStrings.SaveToStream
 0001:00010804       Classes.TStrings.SetCapacity
 0001:00010808       Classes.TStrings.SetStringsAdapter
 0001:0001083C       Classes.TStrings.SetText
 0001:0001088C       Classes.TStrings.SetTextStr
 0001:00010A30       Classes.TStrings.SetUpdateState
 0001:00010A34       Classes.TStrings.WriteData
 0001:00010AB8       Classes.TStrings.GetLineBreak
 0001:00010AEC       Classes.TStrings.SetLineBreak
 0001:00010B18       Classes.TStrings.CompareStrings
 0001:00010B5C       Classes.TStrings.GetNameValueSeparator
 0001:00010B74       Classes.TStrings.SetNameValueSeparator
 0001:00010B90       Classes.TStringList.Destroy
 0001:00010BEC       Classes.TStringList.Add
 0001:00010BFC       Classes.TStringList.AddObject
 0001:00010C60       Classes.TStringList.Changed
 0001:00010C7C       Classes.TStringList.Changing
 0001:00010C98       Classes.TStringList.Clear
 0001:00010CD8       Classes.TStringList.Delete
 0001:00010D44       Classes.TStringList.Exchange
 0001:00010DA0       Classes.TStringList.ExchangeItems
 0001:00010DC4       Classes.TStringList.Find
 0001:00010E48       Classes.TStringList.Get
 0001:00010E7C       Classes.TStringList.GetCapacity
 0001:00010E80       Classes.TStringList.GetCount
 0001:00010E84       Classes.TStringList.GetObject
 0001:00010EAC       Classes.TStringList.Grow
 0001:00010EE0       Classes.TStringList.IndexOf
 0001:00010F1C       Classes.TStringList.Insert
 0001:00010F2C       Classes.TStringList.InsertObject
 0001:00010F80       Classes.TStringList.InsertItem
 0001:00010FFC       Classes.TStringList.Put
 0001:00011058       Classes.TStringList.PutObject
 0001:00011098       Classes.TStringList.QuickSort
 0001:0001112C       Classes.TStringList.SetCapacity
 0001:00011148       Classes.TStringList.SetUpdateState
 0001:00011160       Classes.StringListCompareStrings
 0001:00011180       Classes.TStringList.Sort
 0001:00011190       Classes.TStringList.CustomSort
 0001:000111C8       Classes.TStringList.CompareStrings
 0001:0001124C       Classes.TStream.GetPosition
 0001:0001126C       Classes.TStream.GetSize
 0001:000112B8       Classes.TStream.SetSize
 0001:000112BC       Classes.TStream.SetSize
 0001:00011310       Classes.RaiseException
 0001:0001135C       Classes.TStream.Seek
 0001:000113E0       Classes.TStream.Seek
 0001:00011450       Classes.TStream.WriteBuffer
 0001:00011488       Classes.THandleStream.Create
 0001:000114C4       Classes.THandleStream.Read
 0001:000114D4       Classes.THandleStream.Write
 0001:000114E4       Classes.THandleStream.Seek
 0001:00011510       Classes.THandleStream.SetSize
 0001:00011524       Classes.THandleStream.SetSize
 0001:0001154C       Classes.TFileStream.Create
 0001:00011590       Classes.TFileStream.Create
 0001:00011704       Classes.TFileStream.Destroy
 0001:00011738       Classes.RemoveFixupReferences
 0001:000117E4       Classes.RemoveFixups
 0001:00011868       Classes.ReadError
 0001:00011880       Classes.PropValueError
 0001:0001188C       Classes.TReader.CheckValue
 0001:000118B0       Classes.TReader.EndOfList
 0001:000118C4       Classes.TReader.NextValue
 0001:000118D4       Classes.TReader.Read
 0001:00011920       Classes.TReader.ReadBuffer
 0001:0001195C       Classes.TReader.ReadListBegin
 0001:00011964       Classes.TReader.ReadListEnd
 0001:0001196C       Classes.TReader.ReadStr
 0001:000119A8       Classes.TReader.ReadString
 0001:00011A64       Classes.TReader.ReadWideString
 0001:00011B48       Classes.TReader.ReadValue
 0001:00011B5C       Classes.TReader.SkipSetBody
 0001:00011BA4       Classes.SkipList
 0001:00011BCC       Classes.SkipBinary
 0001:00011BFC       Classes.SkipCollection
 0001:00011C58       Classes.TReader.SkipValue
 0001:00011E08       Classes.TReader.SkipProperty
 0001:00011E50       Classes.TReader.SkipBytes
 0001:00011E98       Classes.TWriter.Write
 0001:00011EE4       Classes.TWriter.WriteBuffer
 0001:00011EFC       Classes.TWriter.WriteListBegin
 0001:00011F04       Classes.TWriter.WriteListEnd
 0001:00011F0C       Classes.TWriter.WriteMinStr
 0001:00011FB8       Classes.TWriter.WriteString
 0001:0001200C       Classes.TWriter.WriteValue
 0001:00012020       Classes.InitThreadSynchronization
 0001:00012054       Classes.DoneThreadSynchronization
 0001:0001206C       Classes.FreeIntConstList
 0001:000120D8       Classes.ModuleUnload
 0001:000120E0       Classes.Finalization
 0001:00012190       StrUtils.IfThen
 0001:000121F8       DateUtils.IncHour
 0001:00012224       fde.RecebeParametros
 0001:000122E4       fde.TemAtributo
 0001:00012304       fde.ListarArquivos
 0001:00012510       fde.ConvertToFileTime
 0001:000125A0       fde.SetFileDateTime
 0001:000126C0       fde.ValidaParametros
 0001:000129B0       fde.Finalization
 0002:00000000       System.System
 0002:00000098       Windows.Windows
 0002:000000AC       SysUtils.SysUtils
 0002:00000134       VarUtils.VarUtils
 0002:00000144       Variants.Variants
 0002:000001F0       TypInfo.TypInfo
 0002:000001F8       Classes.Classes
 0002:0000028C       fde.fde
 0003:00000000       System.ExitCode
 0003:00000004       System.ErrorAddr
 0003:00000008       System.FileMode
 0003:0000000C       System.VarClearProc
 0003:00000010       System.VarAddRefProc
 0003:00000014       System.VarCopyProc
 0003:00000018       System.VarToLStrProc
 0003:0000001C       System.VarToWStrProc
 0003:00000020       System.Default8087CW
 0003:00000024       System.DebugHook
 0003:00000028       System.JITEnable
 0003:0000002C       System.NoErrMsg
 0003:00000030       System.DefaultTextLineBreakStyle
 0003:00000034       System.LibModuleList
 0003:00000038       System.ModuleUnloadList
 0003:0000003C       System.Copyright
 0003:00000040       System.SmallBlockTypes
 0003:00000720       System.MemoryManager
 0003:00000738       System.reMap
 0003:00000754       System.errCaption
 0003:0000075C       System.runErrMsg
 0003:0000077C       System.dig
 0003:0000078C       SysInit.TlsIndex
 0003:00000790       SysInit.Module
 0003:000007A8       SysUtils.EmptyStr
 0003:000007AC       SysUtils.EmptyWideStr
 0003:000007B0       SysUtils.Win32Platform
 0003:000007B4       SysUtils.Win32MajorVersion
 0003:000007B8       SysUtils.Win32MinorVersion
 0003:000007BC       SysUtils.Win32BuildNumber
 0003:000007C0       SysUtils.Win32CSDVersion
 0003:000007C4       SysUtils.TwoDigitYearCenturyWindow
 0003:000007C8       SysUtils.MonthDays
 0003:000007F8       SysUtils.LeadBytes
 0003:00000818       SysUtils.HexDisplayPrefix
 0003:0000081C       SysUtils.GetDiskFreeSpaceEx
 0003:00000820       SysUtils.cSimpleBoolStrs
 0003:00000828       SysUtils.AccessMode
 0003:00000834       SysUtils.ShareMode
 0003:00000848       SysUtils.FormatErrorStrs
 0003:00000850       SysUtils.FCon1E18
 0003:0000085C       SysUtils.DCon10
 0003:00000860       SysUtils.CWNear
 0003:00000864       SysUtils.FMSecsPerDay
 0003:00000868       SysUtils.IMSecsPerDay
 0003:0000086C       SysUtils.Format
 0003:00000870       SysUtils.DefShortMonthNames
 0003:000008A0       SysUtils.DefLongMonthNames
 0003:000008D0       SysUtils.DefShortDayNames
 0003:000008EC       SysUtils.DefLongDayNames
 0003:00000908       SysUtils.ErrorMap
 0003:00000940       SysUtils.ExceptMap
 0003:000009F0       SysUtils.TerminateProcList
 0003:000009F4       VarUtils.CResult
 0003:000009FC       Variants.NullStrictConvert
 0003:00000A00       Variants.NullAsStringValue
 0003:00000A04       Variants.BooleanToStringRule
 0003:00000A08       Variants.CInvalidCustomVariantType
 0003:00000A0C       Variants.CText
 0003:00000A60       Variants.CRelationshipToBoolean
 0003:00000A74       TypInfo.BooleanIdents
 0003:00000A7C       TypInfo.DotSep
 0003:00000A80       Classes.SyncList
 0004:00000000       System.DispCallByIDProc
 0004:00000004       System.ExceptProc
 0004:00000008       System.ErrorProc
 0004:0000000C       System.ExceptClsProc
 0004:00000010       System.ExceptObjProc
 0004:00000014       System.RaiseExceptionProc
 0004:00000018       System.RTLUnwindProc
 0004:0000001C       System.ExceptionClass
 0004:00000020       System.AssertErrorProc
 0004:00000024       System.ExitProcessProc
 0004:00000028       System.AbstractErrorProc
 0004:0000002C       System.MainInstance
 0004:00000030       System.MainThreadID
 0004:00000034       System.IsLibrary
 0004:00000038       System.CmdShow
 0004:0000003C       System.CmdLine
 0004:00000040       System.ExitProc
 0004:00000044       System.IsConsole
 0004:00000045       System.IsMultiThread
 0004:00000046       System.Test8086
 0004:00000048       System.Input
 0004:00000214       System.Output
 0004:000003E0       System.ErrOutput
 0004:000005AC       System.ReportMemoryLeaksOnShutdown
 0004:000005B0       System..6
 0004:000005B4       System.DefaultSystemCodePage
 0004:000005B8       System.AllocSize2SmallBlockTypeIndX4
 0004:000006FE       System.MinimumBlockAlignment
 0004:00000700       System.MediumBlockPoolsCircularList
 0004:00000710       System.MediumBlocksLocked
 0004:00000714       System.LastSequentiallyFedMediumBlock
 0004:00000718       System.MediumSequentialFeedBytesLeft
 0004:0000071C       System.MediumBlockBinGroupBitmap
 0004:00000720       System.MediumBlockBinBitmaps
 0004:000007A0       System.MediumBlockBins
 0004:000027A0       System.LargeBlocksLocked
 0004:000027A4       System.LargeBlocksCircularList
 0004:000027B4       System.ExpectedMemoryLeaks
 0004:000027B8       System.ExpectedMemoryLeaksListLocked
 0004:000027BC       System.MMSharingWindow
 0004:000027C0       System.InitContext
 0004:000027EC       SysInit.ModuleIsLib
 0004:000027ED       SysInit.ModuleIsCpp
 0004:000027F0       SysInit.HInstance
 0004:000027F4       SysInit.tlsBuffer
 0004:000027F8       Windows..3
 0004:000027FC       Windows.HtmlHelpModule
 0004:00002800       SysUtils.CurrencyString
 0004:00002804       SysUtils.CurrencyFormat
 0004:00002805       SysUtils.NegCurrFormat
 0004:00002806       SysUtils.ThousandSeparator
 0004:00002807       SysUtils.DecimalSeparator
 0004:00002808       SysUtils.CurrencyDecimals
 0004:00002809       SysUtils.DateSeparator
 0004:0000280C       SysUtils.ShortDateFormat
 0004:00002810       SysUtils.LongDateFormat
 0004:00002814       SysUtils.TimeSeparator
 0004:00002818       SysUtils.TimeAMString
 0004:0000281C       SysUtils.TimePMString
 0004:00002820       SysUtils.ShortTimeFormat
 0004:00002824       SysUtils.LongTimeFormat
 0004:00002828       SysUtils.ShortMonthNames
 0004:00002858       SysUtils.LongMonthNames
 0004:00002888       SysUtils.ShortDayNames
 0004:000028A4       SysUtils.LongDayNames
 0004:000028C0       SysUtils.SysLocale
 0004:000028CE       SysUtils.ListSeparator
 0004:000028D0       SysUtils.EraNames
 0004:000028EC       SysUtils.EraYearOffsets
 0004:00002908       SysUtils.TrueBoolStrs
 0004:0000290C       SysUtils.FalseBoolStrs
 0004:00002910       SysUtils..35
 0004:00002914       SysUtils.OutOfMemory
 0004:00002918       SysUtils.InvalidPointer
 0004:0000291C       SysUtils.CharHash
 0004:00002A1C       SysUtils.ValidatedUnitHashBuckets
 0004:00002E1C       SysUtils.UnitHashBuckets
 0004:0000321C       SysUtils.FLanguages
 0004:00003220       VarUtils.VariantChangeTypeEx
 0004:00003224       VarUtils.VarNeg
 0004:00003228       VarUtils.VarNot
 0004:0000322C       VarUtils.VarAdd
 0004:00003230       VarUtils.VarSub
 0004:00003234       VarUtils.VarMul
 0004:00003238       VarUtils.VarDiv
 0004:0000323C       VarUtils.VarIDiv
 0004:00003240       VarUtils.VarMod
 0004:00003244       VarUtils.VarAnd
 0004:00003248       VarUtils.VarOr
 0004:0000324C       VarUtils.VarXor
 0004:00003250       VarUtils.VarCmp
 0004:00003254       VarUtils.VarI4FromStr
 0004:00003258       VarUtils.VarR4FromStr
 0004:0000325C       VarUtils.VarR8FromStr
 0004:00003260       VarUtils.VarDateFromStr
 0004:00003264       VarUtils.VarCyFromStr
 0004:00003268       VarUtils.VarBoolFromStr
 0004:0000326C       VarUtils.VarBstrFromCy
 0004:00003270       VarUtils.VarBstrFromDate
 0004:00003274       VarUtils.VarBstrFromBool
 0004:00003278       VarUtils..5
 0004:0000327C       Variants.EmptyParam
 0004:0000328C       Variants.VarDispProc
 0004:00003290       Variants.ClearAnyProc
 0004:00003294       Variants.ChangeAnyProc
 0004:00003298       Variants.RefAnyProc
 0004:0000329C       Variants..81
 0004:000032A0       Variants.LVarTypes
 0004:000032A4       Variants.LVarTypeSync
 0004:000032BC       TypInfo..6
 0004:000032C0       Classes.GlobalNameSpace
 0004:000032C4       Classes.SyncEvent
 0004:000032C8       Classes..95
 0004:000032CC       Classes.IntConstList
 0004:000032D0       Classes.RegGroups
 0004:000032D4       Classes.FindGlobalComponentProcs
 0004:000032D8       Classes.GlobalFixupList
 0004:000032DC       Classes.ThreadLock
 0004:000032F4       fde.I
 0004:000032F8       fde.DataHoraMinS
 0004:000032FC       fde.DataHoraMaxS
 0004:00003300       fde.Diretorio
 0004:00003304       fde.DataHoraS
 0004:00003308       fde.ArquivoMAP
 0004:0000330C       fde.ListaArquivos
 0005:00000000       System.RaiseListPtr
 0005:00000004       System.InOutRes
 0005:00000008       Classes.GlobalLists
 0005:0000000C       SysInit.TlsLast


Line numbers for SysConst(SysConst.pas) segment .text

   184 0001:00000000

Line numbers for fde(E:\Meus Arquivos\1stONE\Utilitários\FileDateEdit\fde.dpr) segment .text

    13 0001:00012224    15 0001:0001224A    17 0001:00012257    19 0001:00012264
    20 0001:00012277    22 0001:00012284    24 0001:00012291    25 0001:000122A4
    27 0001:000122B1    36 0001:000122E4    37 0001:000122F0    38 0001:000122FD
    40 0001:00012304    41 0001:00012357    43 0001:00012366    45 0001:0001236E
    47 0001:000123A2    49 0001:000123B0    51 0001:000123BA    53 0001:000123D0
    55 0001:000123F4    57 0001:000123FA    58 0001:00012415    64 0001:00012426
    67 0001:00012452    49 0001:00012460    71 0001:00012477    73 0001:0001248A
    81 0001:00012510    82 0001:00012516    83 0001:0001251B    85 0001:0001252A
    86 0001:0001253E    87 0001:00012556    88 0001:00012567    90 0001:00012578
    91 0001:00012585    94 0001:00012593   100 0001:000125A0   101 0001:000125BF
   102 0001:000125C3   103 0001:000125D1   104 0001:000125E1   105 0001:000125F1
   106 0001:00012601   107 0001:0001260F   108 0001:0001261F   110 0001:0001264A
   113 0001:00012668   114 0001:00012675   115 0001:00012682   117 0001:00012697
   122 0001:000126C0   123 0001:000126FC   125 0001:00012700   127 0001:00012711
   128 0001:0001272A   129 0001:0001272E   132 0001:00012733   134 0001:00012742
   135 0001:0001275B   136 0001:0001275F   139 0001:00012764   141 0001:00012777
   142 0001:00012790   143 0001:00012794   146 0001:00012799   148 0001:000127AA
   149 0001:000127D3   150 0001:000127D7   153 0001:000127DC   155 0001:000127E8
   156 0001:000127FB   159 0001:00012816   161 0001:00012822   162 0001:0001283B
   163 0001:0001283F   166 0001:00012841   168 0001:00012859   169 0001:00012872
   173 0001:00012876

Line numbers for fde(E:\Meus Arquivos\1stONE\Utilitários\FileDateEdit\fde.dpr) segment .itext

   180 0002:0000028C   183 0002:000002BD   185 0002:000002C6   187 0002:000002DA
   189 0002:000002F3   190 0002:000002FE   193 0002:00000303   195 0002:00000314
   197 0002:00000322   199 0002:0000032C   201 0002:0000033A   205 0002:0000034C
   208 0002:00000362   211 0002:00000374   213 0002:00000395   215 0002:000003DE
   219 0002:00000446   224 0002:00000494   226 0002:000004DE   228 0002:00000537
   233 0002:00000545   235 0002:00000582   238 0002:000005BC   211 0002:000005C2
   240 0002:000005CB   241 0002:000005E1   246 0002:000005FC   250 0002:00000622
   252 0002:00000634

Bound resource files

fde.drf


Program entry point at 0002:0000028C
