
 Start         Length     Name                   Class
 0001:00401000 0006BA98H .text                   CODE
 0002:0046D000 0000097CH .itext                  ICODE
 0003:0046E000 000020C0H .data                   DATA
 0004:00471000 00003648H .bss                    BSS
 0005:00000000 00000034H .tls                    TLS


Detailed map of segments

 0001:00000000 00005801 C=CODE     S=.text    G=(none)   M=System   ACBP=A9
 0001:00005804 00000105 C=CODE     S=.text    G=(none)   M=SysInit  ACBP=A9
 0001:0000590C 00000058 C=CODE     S=.text    G=(none)   M=Types    ACBP=A9
 0001:00005964 00000BC0 C=CODE     S=.text    G=(none)   M=Windows  ACBP=A9
 0001:00006524 00000052 C=CODE     S=.text    G=(none)   M=ActiveX  ACBP=A9
 0001:00006578 00000310 C=CODE     S=.text    G=(none)   M=SysConst ACBP=A9
 0001:00006888 00006C15 C=CODE     S=.text    G=(none)   M=SysUtils ACBP=A9
 0001:0000D4A0 00000816 C=CODE     S=.text    G=(none)   M=VarUtils ACBP=A9
 0001:0000DCB8 00007634 C=CODE     S=.text    G=(none)   M=Variants ACBP=A9
 0001:000152EC 00000108 C=CODE     S=.text    G=(none)   M=RTLConsts ACBP=A9
 0001:000153F4 00001BA3 C=CODE     S=.text    G=(none)   M=TypInfo  ACBP=A9
 0001:00016F98 00009C91 C=CODE     S=.text    G=(none)   M=Classes  ACBP=A9
 0001:00020C2C 00000275 C=CODE     S=.text    G=(none)   M=Contnrs  ACBP=A9
 0001:00020EA4 00001100 C=CODE     S=.text    G=(none)   M=HelpIntfs ACBP=A9
 0001:00021FA4 00000772 C=CODE     S=.text    G=(none)   M=MultiMon ACBP=A9
 0001:00022718 000000AE C=CODE     S=.text    G=(none)   M=CommCtrl ACBP=A9
 0001:000227C8 00000298 C=CODE     S=.text    G=(none)   M=Consts   ACBP=A9
 0001:00022A60 0000005D C=CODE     S=.text    G=(none)   M=IniFiles ACBP=A9
 0001:00022AC0 000005AD C=CODE     S=.text    G=(none)   M=Registry ACBP=A9
 0001:00023070 00007676 C=CODE     S=.text    G=(none)   M=Graphics ACBP=A9
 0001:0002A6E8 0000016A C=CODE     S=.text    G=(none)   M=SyncObjs ACBP=A9
 0001:0002A854 0000099D C=CODE     S=.text    G=(none)   M=UxTheme  ACBP=A9
 0001:0002B1F4 00000032 C=CODE     S=.text    G=(none)   M=ShlObj   ACBP=A9
 0001:0002B228 0000457B C=CODE     S=.text    G=(none)   M=StdCtrls ACBP=A9
 0001:0002F7A4 0000003A C=CODE     S=.text    G=(none)   M=Printers ACBP=A9
 0001:0002F7E0 00000006 C=CODE     S=.text    G=(none)   M=CommDlg  ACBP=A9
 0001:0002F7E8 00000D59 C=CODE     S=.text    G=(none)   M=GraphUtil ACBP=A9
 0001:00030544 00001E86 C=CODE     S=.text    G=(none)   M=ExtCtrls ACBP=A9
 0001:000323CC 00001964 C=CODE     S=.text    G=(none)   M=Dialogs  ACBP=A9
 0001:00033D30 0000003A C=CODE     S=.text    G=(none)   M=Clipbrd  ACBP=A9
 0001:00033D6C 0000012D C=CODE     S=.text    G=(none)   M=StdActns ACBP=A9
 0001:00033E9C 0000030E C=CODE     S=.text    G=(none)   M=FlatSB   ACBP=A9
 0001:000341AC 00000CEE C=CODE     S=.text    G=(none)   M=Themes   ACBP=A9
 0001:00034E9C 00006A81 C=CODE     S=.text    G=(none)   M=Menus    ACBP=A9
 0001:0003B920 00013AF8 C=CODE     S=.text    G=(none)   M=Controls ACBP=A9
 0001:0004F418 00001B6D C=CODE     S=.text    G=(none)   M=ImgList  ACBP=A9
 0001:00050F88 00001332 C=CODE     S=.text    G=(none)   M=ActnList ACBP=A9
 0001:000522BC 0000E030 C=CODE     S=.text    G=(none)   M=Forms    ACBP=A9
 0001:000602EC 00003D1D C=CODE     S=.text    G=(none)   M=Buttons  ACBP=A9
 0001:0006400C 0000005E C=CODE     S=.text    G=(none)   M=WideStrings ACBP=A9
 0001:0006406C 00000020 C=CODE     S=.text    G=(none)   M=DBConsts ACBP=A9
 0001:0006408C 00003ECA C=CODE     S=.text    G=(none)   M=FMTBcd   ACBP=A9
 0001:00067F58 00000037 C=CODE     S=.text    G=(none)   M=DateUtils ACBP=A9
 0001:00067F90 00000E06 C=CODE     S=.text    G=(none)   M=SqlTimSt ACBP=A9
 0001:00068D98 00000020 C=CODE     S=.text    G=(none)   M=ComConst ACBP=A9
 0001:00068DB8 00000E07 C=CODE     S=.text    G=(none)   M=ComObj   ACBP=A9
 0001:00069BC0 000004D5 C=CODE     S=.text    G=(none)   M=DB       ACBP=A9
 0001:0006A098 0000007C C=CODE     S=.text    G=(none)   M=ExtDlgs  ACBP=A9
 0001:0006A114 00000062 C=CODE     S=.text    G=(none)   M=Mapi     ACBP=A9
 0001:0006A178 0000004D C=CODE     S=.text    G=(none)   M=ExtActns ACBP=A9
 0001:0006A1C8 00000140 C=CODE     S=.text    G=(none)   M=ComCtrls ACBP=A9
 0001:0006A308 00000058 C=CODE     S=.text    G=(none)   M=VDBConsts ACBP=A9
 0001:0006A360 00000529 C=CODE     S=.text    G=(none)   M=DBPWDlg  ACBP=A9
 0001:0006A88C 000006E2 C=CODE     S=.text    G=(none)   M=DBLogDlg ACBP=A9
 0001:0006AF70 00000294 C=CODE     S=.text    G=(none)   M=DBCtrls  ACBP=A9
 0001:0006B204 00000604 C=CODE     S=.text    G=(none)   M=UPrincipal ACBP=A9
 0001:0006B808 00000290 C=CODE     S=.text    G=(none)   M=TextFilter ACBP=A9
 0002:00000000 00000095 C=ICODE    S=.itext   G=(none)   M=System   ACBP=A9
 0002:00000098 00000011 C=ICODE    S=.itext   G=(none)   M=Windows  ACBP=A9
 0002:000000AC 00000088 C=ICODE    S=.itext   G=(none)   M=SysUtils ACBP=A9
 0002:00000134 0000000F C=ICODE    S=.itext   G=(none)   M=VarUtils ACBP=A9
 0002:00000144 000000AA C=ICODE    S=.itext   G=(none)   M=Variants ACBP=A9
 0002:000001F0 00000008 C=ICODE    S=.itext   G=(none)   M=TypInfo  ACBP=A9
 0002:000001F8 00000092 C=ICODE    S=.itext   G=(none)   M=Classes  ACBP=A9
 0002:0000028C 00000008 C=ICODE    S=.itext   G=(none)   M=HelpIntfs ACBP=A9
 0002:00000294 0000000F C=ICODE    S=.itext   G=(none)   M=MultiMon ACBP=A9
 0002:000002A4 00000008 C=ICODE    S=.itext   G=(none)   M=IniFiles ACBP=A9
 0002:000002AC 00000008 C=ICODE    S=.itext   G=(none)   M=Registry ACBP=A9
 0002:000002B4 000000FB C=ICODE    S=.itext   G=(none)   M=Graphics ACBP=A9
 0002:000003B0 0000001B C=ICODE    S=.itext   G=(none)   M=UxTheme  ACBP=A9
 0002:000003CC 00000008 C=ICODE    S=.itext   G=(none)   M=Printers ACBP=A9
 0002:000003D4 0000007F C=ICODE    S=.itext   G=(none)   M=GraphUtil ACBP=A9
 0002:00000454 00000044 C=ICODE    S=.itext   G=(none)   M=ExtCtrls ACBP=A9
 0002:00000498 0000003D C=ICODE    S=.itext   G=(none)   M=Dialogs  ACBP=A9
 0002:000004D8 00000058 C=ICODE    S=.itext   G=(none)   M=Clipbrd  ACBP=A9
 0002:00000530 0000000F C=ICODE    S=.itext   G=(none)   M=FlatSB   ACBP=A9
 0002:00000540 00000008 C=ICODE    S=.itext   G=(none)   M=Themes   ACBP=A9
 0002:00000548 00000085 C=ICODE    S=.itext   G=(none)   M=Menus    ACBP=A9
 0002:000005D0 0000008F C=ICODE    S=.itext   G=(none)   M=Controls ACBP=A9
 0002:00000660 0000002A C=ICODE    S=.itext   G=(none)   M=ActnList ACBP=A9
 0002:0000068C 0000004C C=ICODE    S=.itext   G=(none)   M=Forms    ACBP=A9
 0002:000006D8 00000025 C=ICODE    S=.itext   G=(none)   M=Buttons  ACBP=A9
 0002:00000700 0000000F C=ICODE    S=.itext   G=(none)   M=WideStrings ACBP=A9
 0002:00000710 0000001B C=ICODE    S=.itext   G=(none)   M=FMTBcd   ACBP=A9
 0002:0000072C 0000001B C=ICODE    S=.itext   G=(none)   M=SqlTimSt ACBP=A9
 0002:00000748 00000055 C=ICODE    S=.itext   G=(none)   M=ComObj   ACBP=A9
 0002:000007A0 0000008C C=ICODE    S=.itext   G=(none)   M=DB       ACBP=A9
 0002:0000082C 00000014 C=ICODE    S=.itext   G=(none)   M=ExtDlgs  ACBP=A9
 0002:00000840 00000008 C=ICODE    S=.itext   G=(none)   M=Mapi     ACBP=A9
 0002:00000848 00000008 C=ICODE    S=.itext   G=(none)   M=ExtActns ACBP=A9
 0002:00000850 00000008 C=ICODE    S=.itext   G=(none)   M=ComCtrls ACBP=A9
 0002:00000858 00000015 C=ICODE    S=.itext   G=(none)   M=DBPWDlg  ACBP=A9
 0002:00000870 00000054 C=ICODE    S=.itext   G=(none)   M=DBLogDlg ACBP=A9
 0002:000008C4 00000070 C=ICODE    S=.itext   G=(none)   M=DBCtrls  ACBP=A9
 0002:00000934 00000045 C=ICODE    S=.itext   G=(none)   M=TextFilter ACBP=A9
 0003:00000000 00000788 C=DATA     S=.data    G=DGROUP   M=System   ACBP=A9
 0003:00000788 00000020 C=DATA     S=.data    G=DGROUP   M=SysInit  ACBP=A9
 0003:000007A8 00000010 C=DATA     S=.data    G=DGROUP   M=ActiveX  ACBP=A9
 0003:000007B8 00000250 C=DATA     S=.data    G=DGROUP   M=SysUtils ACBP=A9
 0003:00000A08 00000110 C=DATA     S=.data    G=DGROUP   M=VarUtils ACBP=A9
 0003:00000B18 00000092 C=DATA     S=.data    G=DGROUP   M=Variants ACBP=A9
 0003:00000BAC 0000000C C=DATA     S=.data    G=DGROUP   M=TypInfo  ACBP=A9
 0003:00000BB8 00000064 C=DATA     S=.data    G=DGROUP   M=Classes  ACBP=A9
 0003:00000C1C 00000008 C=DATA     S=.data    G=DGROUP   M=IniFiles ACBP=A9
 0003:00000C24 00000008 C=DATA     S=.data    G=DGROUP   M=Registry ACBP=A9
 0003:00000C2C 0000030C C=DATA     S=.data    G=DGROUP   M=Graphics ACBP=A9
 0003:00000F38 0000005C C=DATA     S=.data    G=DGROUP   M=StdCtrls ACBP=A9
 0003:00000F94 00000004 C=DATA     S=.data    G=DGROUP   M=Printers ACBP=A9
 0003:00000F98 00000450 C=DATA     S=.data    G=DGROUP   M=GraphUtil ACBP=A9
 0003:000013E8 00000020 C=DATA     S=.data    G=DGROUP   M=ExtCtrls ACBP=A9
 0003:00001408 000000D4 C=DATA     S=.data    G=DGROUP   M=Dialogs  ACBP=A9
 0003:000014DC 00000068 C=DATA     S=.data    G=DGROUP   M=Themes   ACBP=A9
 0003:00001544 000000F4 C=DATA     S=.data    G=DGROUP   M=Menus    ACBP=A9
 0003:00001638 0000013C C=DATA     S=.data    G=DGROUP   M=Controls ACBP=A9
 0003:00001774 00000020 C=DATA     S=.data    G=DGROUP   M=ImgList  ACBP=A9
 0003:00001794 00000128 C=DATA     S=.data    G=DGROUP   M=Forms    ACBP=A9
 0003:000018BC 000000A8 C=DATA     S=.data    G=DGROUP   M=Buttons  ACBP=A9
 0003:00001964 000000FC C=DATA     S=.data    G=DGROUP   M=FMTBcd   ACBP=A9
 0003:00001A60 0000003C C=DATA     S=.data    G=DGROUP   M=SqlTimSt ACBP=A9
 0003:00001A9C 00000030 C=DATA     S=.data    G=DGROUP   M=ComObj   ACBP=A9
 0003:00001ACC 000000A8 C=DATA     S=.data    G=DGROUP   M=DB       ACBP=A9
 0003:00001B74 00000018 C=DATA     S=.data    G=DGROUP   M=ExtDlgs  ACBP=A9
 0003:00001B8C 00000008 C=DATA     S=.data    G=DGROUP   M=Mapi     ACBP=A9
 0003:00001B94 00000018 C=DATA     S=.data    G=DGROUP   M=ComCtrls ACBP=A9
 0003:00001BAC 00000028 C=DATA     S=.data    G=DGROUP   M=DBCtrls  ACBP=A9
 0004:00000000 000027F4 C=BSS      S=.bss     G=DGROUP   M=System   ACBP=A9
 0004:000027F4 0000000C C=BSS      S=.bss     G=DGROUP   M=SysInit  ACBP=A9
 0004:00002800 00000008 C=BSS      S=.bss     G=DGROUP   M=Windows  ACBP=A9
 0004:00002808 00000A20 C=BSS      S=.bss     G=DGROUP   M=SysUtils ACBP=A9
 0004:00003228 0000005C C=BSS      S=.bss     G=DGROUP   M=VarUtils ACBP=A9
 0004:00003284 00000040 C=BSS      S=.bss     G=DGROUP   M=Variants ACBP=A9
 0004:000032C4 00000004 C=BSS      S=.bss     G=DGROUP   M=TypInfo  ACBP=A9
 0004:000032C8 00000040 C=BSS      S=.bss     G=DGROUP   M=Classes  ACBP=A9
 0004:00003308 00000008 C=BSS      S=.bss     G=DGROUP   M=HelpIntfs ACBP=A9
 0004:00003310 00000031 C=BSS      S=.bss     G=DGROUP   M=MultiMon ACBP=A9
 0004:00003344 00000004 C=BSS      S=.bss     G=DGROUP   M=IniFiles ACBP=A9
 0004:00003348 00000004 C=BSS      S=.bss     G=DGROUP   M=Registry ACBP=A9
 0004:0000334C 00000060 C=BSS      S=.bss     G=DGROUP   M=Graphics ACBP=A9
 0004:000033AC 000000CC C=BSS      S=.bss     G=DGROUP   M=UxTheme  ACBP=A9
 0004:00003478 00000004 C=BSS      S=.bss     G=DGROUP   M=Printers ACBP=A9
 0004:0000347C 00000004 C=BSS      S=.bss     G=DGROUP   M=GraphUtil ACBP=A9
 0004:00003480 00000008 C=BSS      S=.bss     G=DGROUP   M=ExtCtrls ACBP=A9
 0004:00003488 0000000C C=BSS      S=.bss     G=DGROUP   M=Dialogs  ACBP=A9
 0004:00003494 0000000C C=BSS      S=.bss     G=DGROUP   M=Clipbrd  ACBP=A9
 0004:000034A0 00000034 C=BSS      S=.bss     G=DGROUP   M=FlatSB   ACBP=A9
 0004:000034D4 00000008 C=BSS      S=.bss     G=DGROUP   M=Themes   ACBP=A9
 0004:000034DC 00000010 C=BSS      S=.bss     G=DGROUP   M=Menus    ACBP=A9
 0004:000034EC 00000088 C=BSS      S=.bss     G=DGROUP   M=Controls ACBP=A9
 0004:00003574 00000008 C=BSS      S=.bss     G=DGROUP   M=ImgList  ACBP=A9
 0004:0000357C 00000004 C=BSS      S=.bss     G=DGROUP   M=ActnList ACBP=A9
 0004:00003580 00000024 C=BSS      S=.bss     G=DGROUP   M=Forms    ACBP=A9
 0004:000035A4 00000030 C=BSS      S=.bss     G=DGROUP   M=Buttons  ACBP=A9
 0004:000035D4 00000008 C=BSS      S=.bss     G=DGROUP   M=WideStrings ACBP=A9
 0004:000035DC 00000004 C=BSS      S=.bss     G=DGROUP   M=FMTBcd   ACBP=A9
 0004:000035E0 00000004 C=BSS      S=.bss     G=DGROUP   M=SqlTimSt ACBP=A9
 0004:000035E4 00000011 C=BSS      S=.bss     G=DGROUP   M=ComObj   ACBP=A9
 0004:000035F8 00000020 C=BSS      S=.bss     G=DGROUP   M=DB       ACBP=A9
 0004:00003618 00000004 C=BSS      S=.bss     G=DGROUP   M=ExtDlgs  ACBP=A9
 0004:0000361C 00000004 C=BSS      S=.bss     G=DGROUP   M=Mapi     ACBP=A9
 0004:00003620 00000009 C=BSS      S=.bss     G=DGROUP   M=ExtActns ACBP=A9
 0004:0000362C 0000000C C=BSS      S=.bss     G=DGROUP   M=ComCtrls ACBP=A9
 0004:00003638 00000004 C=BSS      S=.bss     G=DGROUP   M=DBPWDlg  ACBP=A9
 0004:0000363C 00000004 C=BSS      S=.bss     G=DGROUP   M=DBLogDlg ACBP=A9
 0004:00003640 00000004 C=BSS      S=.bss     G=DGROUP   M=DBCtrls  ACBP=A9
 0004:00003644 00000004 C=BSS      S=.bss     G=DGROUP   M=UPrincipal ACBP=A9
 0005:00000000 00000008 C=TLS      S=.tls     G=(none)   M=System   ACBP=A9
 0005:00000008 00000008 C=TLS      S=.tls     G=(none)   M=Classes  ACBP=A9
 0005:00000010 00000024 C=TLS      S=.tls     G=(none)   M=GraphUtil ACBP=A9


  Address             Publics by Name

 0001:00006558       ActiveX.CoInitialize
 0001:00006560       ActiveX.CoUninitialize
 0001:00006570       ActiveX.GetErrorInfo
 0003:000007A8       ActiveX.GUID_NULL
 0001:00006568       ActiveX.SysFreeString
 0004:0000357C       ActnList..9
 0001:000513B0       ActnList..TActionLink
 0001:00050F88       ActnList..TContainedAction
 0001:000512A8       ActnList..TCustomAction
 0001:000510AC       ActnList..TCustomActionList
 0001:0005118C       ActnList..TShortCutList
 0002:00000660       ActnList.ActnList
 0001:0005228C       ActnList.Finalization
 0001:00051AA0       ActnList.TActionLink.IsCaptionLinked
 0001:00051AB4       ActnList.TActionLink.IsCheckedLinked
 0001:00051AC8       ActnList.TActionLink.IsEnabledLinked
 0001:00051ADC       ActnList.TActionLink.IsGroupIndexLinked
 0001:00051AF0       ActnList.TActionLink.IsHelpContextLinked
 0001:00051B04       ActnList.TActionLink.IsHelpLinked
 0001:00051B18       ActnList.TActionLink.IsHintLinked
 0001:00051B2C       ActnList.TActionLink.IsImageIndexLinked
 0001:00051B40       ActnList.TActionLink.IsShortCutLinked
 0001:00051B54       ActnList.TActionLink.IsVisibleLinked
 0001:00051B68       ActnList.TActionLink.SetAutoCheck
 0001:00051B6C       ActnList.TActionLink.SetCaption
 0001:00051B70       ActnList.TActionLink.SetChecked
 0001:00051B74       ActnList.TActionLink.SetEnabled
 0001:00051B78       ActnList.TActionLink.SetGroupIndex
 0001:00051B7C       ActnList.TActionLink.SetHelpContext
 0001:00051B80       ActnList.TActionLink.SetHelpKeyword
 0001:00051B84       ActnList.TActionLink.SetHelpType
 0001:00051B88       ActnList.TActionLink.SetHint
 0001:00051B8C       ActnList.TActionLink.SetImageIndex
 0001:00051B90       ActnList.TActionLink.SetShortCut
 0001:00051B94       ActnList.TActionLink.SetVisible
 0001:00051480       ActnList.TContainedAction.Destroy
 0001:000515EC       ActnList.TContainedAction.Execute
 0001:000514B4       ActnList.TContainedAction.GetIndex
 0001:000514D0       ActnList.TContainedAction.GetParentComponent
 0001:000514E0       ActnList.TContainedAction.HasParent
 0001:000514CC       ActnList.TContainedAction.IsCategoryStored
 0001:000514F0       ActnList.TContainedAction.ReadState
 0001:00051598       ActnList.TContainedAction.SetActionList
 0001:0005156C       ActnList.TContainedAction.SetCategory
 0001:00051524       ActnList.TContainedAction.SetIndex
 0001:000515C0       ActnList.TContainedAction.SetParentComponent
 0001:00051644       ActnList.TContainedAction.Update
 0001:00051C3C       ActnList.TCustomAction.AssignTo
 0001:00051B98       ActnList.TCustomAction.Create
 0001:00051BEC       ActnList.TCustomAction.Destroy
 0001:0005215C       ActnList.TCustomAction.DoHint
 0001:00052184       ActnList.TCustomAction.Execute
 0001:000521E8       ActnList.TCustomAction.GetSecondaryShortCuts
 0001:00052210       ActnList.TCustomAction.HandleShortCut
 0001:00051CEC       ActnList.TCustomAction.SetCaption
 0001:00051D4C       ActnList.TCustomAction.SetChecked
 0001:00051E54       ActnList.TCustomAction.SetEnabled
 0001:00051F38       ActnList.TCustomAction.SetHelpContext
 0001:00051ED0       ActnList.TCustomAction.SetHelpKeyword
 0001:00051F90       ActnList.TCustomAction.SetHint
 0001:00051FF0       ActnList.TCustomAction.SetImageIndex
 0001:00052110       ActnList.TCustomAction.SetName
 0001:0005204C       ActnList.TCustomAction.SetShortCut
 0001:000520B0       ActnList.TCustomAction.SetVisible
 0001:00051874       ActnList.TCustomActionList.AddAction
 0001:000518B0       ActnList.TCustomActionList.Change
 0001:0005169C       ActnList.TCustomActionList.Create
 0001:00051708       ActnList.TCustomActionList.Destroy
 0001:000519BC       ActnList.TCustomActionList.ExecuteAction
 0001:000517D0       ActnList.TCustomActionList.GetAction
 0001:000517E4       ActnList.TCustomActionList.GetActionCount
 0001:00051758       ActnList.TCustomActionList.GetChildren
 0001:00051820       ActnList.TCustomActionList.ImageListChange
 0001:00051918       ActnList.TCustomActionList.IsShortCut
 0001:0005182C       ActnList.TCustomActionList.Notification
 0001:00051894       ActnList.TCustomActionList.RemoveAction
 0001:000517A0       ActnList.TCustomActionList.SetChildOrder
 0001:000517EC       ActnList.TCustomActionList.SetImages
 0001:000519FC       ActnList.TCustomActionList.SetState
 0001:000519DC       ActnList.TCustomActionList.UpdateAction
 0001:0005221C       ActnList.TShortCutList.Add
 0001:00052248       ActnList.TShortCutList.IndexOfShortCut
 0004:000035A4       Buttons..5
 0001:00060BF8       Buttons..TBitBtn
 0001:00060A8C       Buttons..TBitBtnActionLink
 0001:000612F0       Buttons..TButtonGlyph
 0001:00061298       Buttons..TGlyphCache
 0001:000611D8       Buttons..TGlyphList
 0001:000604A0       Buttons..TSpeedButton
 0001:000603A8       Buttons..TSpeedButtonActionLink
 0003:000018E8       Buttons.BitBtnCaptions
 0004:000035A8       Buttons.BitBtnGlyphs
 0003:00001914       Buttons.BitBtnModalResults
 0003:000018BC       Buttons.BitBtnResNames
 0003:00001944       Buttons.ButtonCount
 0002:000006D8       Buttons.Buttons
 0001:00063DC0       Buttons.DestroyLocals
 0003:00001948       Buttons.DownStyles
 0003:00001950       Buttons.FillStyles
 0001:00063FD4       Buttons.Finalization
 0001:0006114C       Buttons.GetBitBtnGlyph
 0003:00001940       Buttons.GlyphCache
 0003:00001958       Buttons.NewState
 0001:00063D04       Buttons.TBitBtn.ActionChange
 0001:00063424       Buttons.TBitBtn.Click
 0001:00063914       Buttons.TBitBtn.CMEnabledChanged
 0001:000638FC       Buttons.TBitBtn.CMFontChanged
 0001:00063DDC       Buttons.TBitBtn.CMMouseEnter
 0001:00063E18       Buttons.TBitBtn.CMMouseLeave
 0001:000634A4       Buttons.TBitBtn.CNDrawItem
 0001:00063494       Buttons.TBitBtn.CNMeasureItem
 0001:00063C80       Buttons.TBitBtn.CopyImage
 0001:000632E4       Buttons.TBitBtn.Create
 0001:000633D4       Buttons.TBitBtn.CreateHandle
 0001:00063400       Buttons.TBitBtn.CreateParams
 0001:00063398       Buttons.TBitBtn.Destroy
 0001:000634B0       Buttons.TBitBtn.DrawItem
 0001:00063E4C       Buttons.TBitBtn.GetActionLinkClass
 0001:00063978       Buttons.TBitBtn.GetGlyph
 0001:00063B88       Buttons.TBitBtn.GetKind
 0001:00063C10       Buttons.TBitBtn.GetNumGlyphs
 0001:00063940       Buttons.TBitBtn.GetPalette
 0001:00063984       Buttons.TBitBtn.GlyphChanged
 0001:00063990       Buttons.TBitBtn.IsCustom
 0001:00063AC8       Buttons.TBitBtn.IsCustomCaption
 0001:00063410       Buttons.TBitBtn.SetButtonStyle
 0001:00063954       Buttons.TBitBtn.SetGlyph
 0001:000639BC       Buttons.TBitBtn.SetKind
 0001:00063BF8       Buttons.TBitBtn.SetLayout
 0001:00063C64       Buttons.TBitBtn.SetMargin
 0001:00063C1C       Buttons.TBitBtn.SetNumGlyphs
 0001:00063C4C       Buttons.TBitBtn.SetSpacing
 0001:000639A4       Buttons.TBitBtn.SetStyle
 0001:0006392C       Buttons.TBitBtn.WMLButtonDblClk
 0001:00063E54       Buttons.TBitBtnActionLink.AssignClient
 0001:00063E78       Buttons.TBitBtnActionLink.Create
 0001:00063EB4       Buttons.TBitBtnActionLink.IsImageIndexLinked
 0001:00063EE4       Buttons.TBitBtnActionLink.SetImageIndex
 0001:00061F9C       Buttons.TButtonGlyph.CalcButtonLayout
 0001:0006157C       Buttons.TButtonGlyph.Create
 0001:0006177C       Buttons.TButtonGlyph.CreateButtonGlyph
 0001:0006160C       Buttons.TButtonGlyph.Destroy
 0001:000622E0       Buttons.TButtonGlyph.Draw
 0001:00061D50       Buttons.TButtonGlyph.DrawButtonGlyph
 0001:00061EAC       Buttons.TButtonGlyph.DrawButtonText
 0001:000616AC       Buttons.TButtonGlyph.GlyphChanged
 0001:00061668       Buttons.TButtonGlyph.Invalidate
 0001:000616DC       Buttons.TButtonGlyph.SetGlyph
 0001:00061754       Buttons.TButtonGlyph.SetNumGlyphs
 0001:00061478       Buttons.TGlyphCache.Create
 0001:000614BC       Buttons.TGlyphCache.Destroy
 0001:00061570       Buttons.TGlyphCache.Empty
 0001:000614EC       Buttons.TGlyphCache.GetList
 0001:0006154C       Buttons.TGlyphCache.ReturnList
 0001:0006141C       Buttons.TGlyphList.AddMasked
 0001:000613D0       Buttons.TGlyphList.AllocateIndex
 0001:0006134C       Buttons.TGlyphList.CreateSize
 0001:00061448       Buttons.TGlyphList.Delete
 0001:000613A0       Buttons.TGlyphList.Destroy
 0001:00063210       Buttons.TSpeedButton.ActionChange
 0001:00062CDC       Buttons.TSpeedButton.Click
 0001:00062F60       Buttons.TSpeedButton.CMButtonPressed
 0001:00062FD4       Buttons.TSpeedButton.CMDialogChar
 0001:00062F2C       Buttons.TSpeedButton.CMEnabledChanged
 0001:0006306C       Buttons.TSpeedButton.CMFontChanged
 0001:000630B0       Buttons.TSpeedButton.CMMouseEnter
 0001:00063124       Buttons.TSpeedButton.CMMouseLeave
 0001:0006308C       Buttons.TSpeedButton.CMSysColorChange
 0001:0006307C       Buttons.TSpeedButton.CMTextChanged
 0001:0006318C       Buttons.TSpeedButton.CopyImage
 0001:0006250C       Buttons.TSpeedButton.Create
 0001:000625CC       Buttons.TSpeedButton.Destroy
 0001:00062CF8       Buttons.TSpeedButton.GetActionLinkClass
 0001:00062D00       Buttons.TSpeedButton.GetGlyph
 0001:00062D28       Buttons.TSpeedButton.GetNumGlyphs
 0001:00062CE4       Buttons.TSpeedButton.GetPalette
 0001:00062D64       Buttons.TSpeedButton.GlyphChanged
 0001:00062AAC       Buttons.TSpeedButton.Loaded
 0001:00062AD8       Buttons.TSpeedButton.MouseDown
 0001:00062B34       Buttons.TSpeedButton.MouseMove
 0001:00062BDC       Buttons.TSpeedButton.MouseUp
 0001:00062604       Buttons.TSpeedButton.Paint
 0001:00062EF4       Buttons.TSpeedButton.SetAllowAllUp
 0001:00062DAC       Buttons.TSpeedButton.SetDown
 0001:00062E1C       Buttons.TSpeedButton.SetFlat
 0001:00062D0C       Buttons.TSpeedButton.SetGlyph
 0001:00062E3C       Buttons.TSpeedButton.SetGroupIndex
 0001:00062E50       Buttons.TSpeedButton.SetLayout
 0001:00062E70       Buttons.TSpeedButton.SetMargin
 0001:00062D34       Buttons.TSpeedButton.SetNumGlyphs
 0001:00062E94       Buttons.TSpeedButton.SetSpacing
 0001:00062EB4       Buttons.TSpeedButton.SetTransparent
 0001:00062D74       Buttons.TSpeedButton.UpdateExclusive
 0001:00062A48       Buttons.TSpeedButton.UpdateTracking
 0001:00062F08       Buttons.TSpeedButton.WMLButtonDblClk
 0001:00062354       Buttons.TSpeedButtonActionLink.AssignClient
 0001:00062378       Buttons.TSpeedButtonActionLink.Create
 0001:000623B4       Buttons.TSpeedButtonActionLink.IsCheckedLinked
 0001:00062400       Buttons.TSpeedButtonActionLink.IsGroupIndexLinked
 0001:00062430       Buttons.TSpeedButtonActionLink.IsImageIndexLinked
 0001:00062460       Buttons.TSpeedButtonActionLink.SetChecked
 0001:00062480       Buttons.TSpeedButtonActionLink.SetGroupIndex
 0001:000624A0       Buttons.TSpeedButtonActionLink.SetImageIndex
 0003:0000195C       Buttons.WordBreakFlag
 0004:000032D4       Classes..95
 0001:00017538       Classes..EBitsError
 0001:00017428       Classes..EClassNotFound
 0001:000175F0       Classes..EComponentError
 0001:0001726C       Classes..EFCreateError
 0001:00017320       Classes..EFilerError
 0001:0001720C       Classes..EFileStreamError
 0001:000172C8       Classes..EFOpenError
 0001:000176A8       Classes..EInvalidOperation
 0001:000174E0       Classes..EListError
 0001:0001764C       Classes..EOutOfResources
 0001:00017378       Classes..EReadError
 0001:00017484       Classes..EResNotFound
 0001:000171B0       Classes..EStreamError
 0001:00017590       Classes..EStringListError
 0001:00018214       Classes..EThread
 0001:000173D0       Classes..EWriteError
 0001:0001853C       Classes..TBasicAction
 0001:000184BC       Classes..TBasicActionLink
 0001:000177C4       Classes..TBits
 0001:000180C0       Classes..TClassFinder
 0001:0001835C       Classes..TComponent
 0001:00017DB4       Classes..TCustomMemoryStream
 0001:0001811C       Classes..TFiler
 0001:00017D2C       Classes..TFileStream
 0001:00017CB4       Classes..THandleStream
 0001:000193E4       Classes..TIntConst
 0001:00017908       Classes..TInterfacedPersistent
 0001:00017708       Classes..TList
 0001:00017E30       Classes..TMemoryStream
 0001:00017818       Classes..TPersistent
 0001:0001C40C       Classes..TPropFixup
 0001:0001C484       Classes..TPropIntfFixup
 0001:00018180       Classes..TReader
 0001:000186C0       Classes..TRegGroup
 0001:00018718       Classes..TRegGroups
 0001:00017EAC       Classes..TResourceStream
 0001:00017C44       Classes..TStream
 0001:00018038       Classes..TStreamAdapter
 0001:00017B2C       Classes..TStringList
 0001:000179F4       Classes..TStrings
 0001:0001776C       Classes..TThreadList
 0001:00019388       Classes.ActivateClassGroup
 0003:00000BB8       Classes.AddDataModule
 0001:0001C6E4       Classes.AddFinished
 0001:0001C71C       Classes.AddNotFinished
 0001:0001D290       Classes.AddSubComponentsToLoaded
 0001:00020AA0       Classes.AllocateHWnd
 0003:00000BC8       Classes.ApplicationHandleException
 0003:00000BD0       Classes.ApplicationShowException
 0001:000196E0       Classes.BeginGlobalLoading
 0003:00000BF0       Classes.BlockCode
 0001:00018684       Classes.Bounds
 0001:000209DC       Classes.CalcJmpOffset
 0001:0001D2CC       Classes.CheckSubComponents
 0001:0001F74C       Classes.CheckSynchronize
 0002:000001F8       Classes.Classes
 0001:0001914C       Classes.ClassNotFound
 0001:0001D3AC       Classes.ComponentCreated
 0001:0001D42C       Classes.CreateComponent
 0001:00020B54       Classes.DeallocateHWnd
 0001:0001F70C       Classes.DoneThreadSynchronization
 0001:0001A558       Classes.DoWrite
 0001:00019768       Classes.EndGlobalLoading
 0001:00018CEC       Classes.Error
 0001:0001C244       Classes.Error
 0003:00000BE0       Classes.FilerSignature
 0001:00020B7C       Classes.Finalization
 0001:0001920C       Classes.FindClass
 0001:0001D5DC       Classes.FindExistingComponent
 0001:000195F8       Classes.FindGlobalComponent
 0004:000032E0       Classes.FindGlobalComponentProcs
 0001:000194A0       Classes.FindIdentToInt
 0001:0001C618       Classes.FindNestedComponent
 0001:0001E52C       Classes.FindUniqueName
 0001:00020948       Classes.FreeIntConstList
 0001:00020A7C       Classes.FreeObjectInstance
 0001:000191B8       Classes.GetClass
 0001:00019140       Classes.GetFieldClassTable
 0004:000032E4       Classes.GlobalFixupList
 0001:0001C764       Classes.GlobalFixupReferences
 0005:0000000C       Classes.GlobalLists
 0005:00000008       Classes.GlobalLoaded
 0004:000032C8       Classes.GlobalNameSpace
 0001:00019334       Classes.GroupDescendentsWith
 0001:0001DD50       Classes.HandleException
 0001:0001951C       Classes.IdentToInt
 0001:000197C4       Classes.InitComponent
 0001:0001986C       Classes.InitInheritedComponent
 0001:0001F6D8       Classes.InitThreadSynchronization
 0004:00003300       Classes.InstBlockList
 0004:00003304       Classes.InstFreeList
 0004:000032D8       Classes.IntConstList
 0001:0001965C       Classes.InternalReadComponentRes
 0001:0001955C       Classes.IntToIdent
 0001:000186AC       Classes.InvalidPoint
 0001:00019638       Classes.IsUniqueGlobalComponentName
 0004:000032CC       Classes.IsUniqueGlobalComponentNameProc
 0001:000209E4       Classes.MakeObjectInstance
 0001:00019EDC       Classes.Min
 0001:000209B4       Classes.ModuleUnload
 0003:00000BE4       Classes.NilMethod
 0001:00019738       Classes.NotifyGlobalLoading
 0001:00018634       Classes.Point
 0001:00018A78       Classes.PointerInModule
 0001:0001CA84       Classes.PropertyNotFound
 0001:0001DE50       Classes.PropPathError
 0001:0001CA78       Classes.PropValueError
 0001:0001BA34       Classes.RaiseException
 0001:0001F0E0       Classes.ReadCustomVariant
 0001:0001CA60       Classes.ReadError
 0001:0001D3CC       Classes.Recover
 0001:0001865C       Classes.Rect
 0004:000032DC       Classes.RegGroups
 0001:0001922C       Classes.RegisterClass
 0001:000195A0       Classes.RegisterFindGlobalComponentProc
 0001:00019474       Classes.RegisterIntegerConsts
 0003:00000BC0       Classes.RemoveDataModule
 0001:0001C930       Classes.RemoveFixupReferences
 0001:0001C9DC       Classes.RemoveFixups
 0001:0001CD74       Classes.RemoveGlobalFixup
 0001:0001F724       Classes.ResetSyncEvent
 0001:00019A04       Classes.ReturnAddr
 0001:0001A6B8       Classes.ReturnAddr
 0001:0001D53C       Classes.SetCompName
 0001:0001CAB0       Classes.SetElementValue
 0001:0001E154       Classes.SetInterfaceReference
 0001:0001E070       Classes.SetIntIdent
 0001:0001E0B8       Classes.SetObjectIdent
 0001:0001D344       Classes.SetSubComponentState
 0001:0001E0F8       Classes.SetVariantReference
 0001:0001EC00       Classes.SkipBinary
 0001:0001EC30       Classes.SkipCollection
 0001:0001EBD8       Classes.SkipList
 0001:0001864C       Classes.SmallPoint
 0001:000192E8       Classes.StartClassGroup
 0001:000209BC       Classes.StdWndProc
 0001:0001B85C       Classes.StringListCompareStrings
 0004:000032D0       Classes.SyncEvent
 0003:00000BEC       Classes.SyncList
 0001:000203B4       Classes.TBasicAction.Change
 0001:00020248       Classes.TBasicAction.Create
 0001:0002028C       Classes.TBasicAction.Destroy
 0001:00020320       Classes.TBasicAction.Execute
 0001:000202F0       Classes.TBasicAction.ExecuteTarget
 0001:000202EC       Classes.TBasicAction.HandlesTarget
 0001:000202F4       Classes.TBasicAction.Notification
 0001:000203C8       Classes.TBasicAction.RegisterChanges
 0001:00020414       Classes.TBasicAction.SetActionComponent
 0001:00020358       Classes.TBasicAction.SetOnExecute
 0001:000203D4       Classes.TBasicAction.UnRegisterChanges
 0001:0002033C       Classes.TBasicAction.Update
 0001:0002031C       Classes.TBasicAction.UpdateTarget
 0001:00020198       Classes.TBasicActionLink.AssignClient
 0001:000201D0       Classes.TBasicActionLink.Change
 0001:00020154       Classes.TBasicActionLink.Create
 0001:0002019C       Classes.TBasicActionLink.Destroy
 0001:000201E8       Classes.TBasicActionLink.Execute
 0001:00020230       Classes.TBasicActionLink.IsOnExecuteLinked
 0001:00020204       Classes.TBasicActionLink.SetAction
 0001:00020234       Classes.TBasicActionLink.SetOnExecute
 0001:0002023C       Classes.TBasicActionLink.Update
 0001:00019E94       Classes.TBits.Destroy
 0001:00019EC4       Classes.TBits.Error
 0001:00019FB8       Classes.TBits.GetBit
 0001:00019FD0       Classes.TBits.OpenBit
 0001:00019F8C       Classes.TBits.SetBit
 0001:00019EE8       Classes.TBits.SetSize
 0001:00018F5C       Classes.TClassFinder.Create
 0001:00019088       Classes.TClassFinder.Destroy
 0001:000190B8       Classes.TClassFinder.GetClass
 0001:0001A2D0       Classes.TCollection.Add
 0001:0001A2F0       Classes.TCollection.Clear
 0001:0001F9EC       Classes.TComponent.BeforeDestruction
 0001:0001FF24       Classes.TComponent.ChangeName
 0001:0001F924       Classes.TComponent.Create
 0001:0001FCB4       Classes.TComponent.DefineProperties
 0001:0001F970       Classes.TComponent.Destroy
 0001:0001FB7C       Classes.TComponent.DestroyComponents
 0001:0001FBD8       Classes.TComponent.Destroying
 0001:00020060       Classes.TComponent.ExecuteAction
 0001:0001FE44       Classes.TComponent.FindComponent
 0001:0001F9F8       Classes.TComponent.FreeNotification
 0001:0001FD48       Classes.TComponent.GetChildOwner
 0001:0001FD4C       Classes.TComponent.GetChildParent
 0001:0001FD40       Classes.TComponent.GetChildren
 0001:0001FF38       Classes.TComponent.GetComponent
 0001:0001FF64       Classes.TComponent.GetComponentCount
 0001:0001FD50       Classes.TComponent.GetNamePath
 0001:0001FD64       Classes.TComponent.GetOwner
 0001:0001FD6C       Classes.TComponent.GetParentComponent
 0001:0001FD3C       Classes.TComponent.HasParent
 0001:0001FA8C       Classes.TComponent.Insert
 0001:0001FAE0       Classes.TComponent.InsertComponent
 0001:00020150       Classes.TComponent.IntfGetComponent
 0001:0001FD8C       Classes.TComponent.Loaded
 0001:0001FC54       Classes.TComponent.Notification
 0001:0001FD98       Classes.TComponent.PaletteCreated
 0001:000200D0       Classes.TComponent.QueryInterface
 0001:0001FA4C       Classes.TComponent.ReadLeft
 0001:0001FD9C       Classes.TComponent.ReadState
 0001:0001FA60       Classes.TComponent.ReadTop
 0001:0001FAB8       Classes.TComponent.Remove
 0001:0001FB44       Classes.TComponent.RemoveComponent
 0001:0001FC38       Classes.TComponent.RemoveFreeNotification
 0001:0001FC14       Classes.TComponent.RemoveNotification
 0001:000200B0       Classes.TComponent.SafeCallException
 0001:0001FD68       Classes.TComponent.SetChildOrder
 0001:0001FF74       Classes.TComponent.SetComponentIndex
 0001:0001FFC8       Classes.TComponent.SetDesigning
 0001:0001FE94       Classes.TComponent.SetName
 0001:0001FD70       Classes.TComponent.SetParentComponent
 0001:00020018       Classes.TComponent.SetReference
 0001:00020088       Classes.TComponent.UpdateAction
 0001:0001FD80       Classes.TComponent.Updated
 0001:000200C8       Classes.TComponent.UpdateRegistry
 0001:0001FD74       Classes.TComponent.Updating
 0001:0001FE2C       Classes.TComponent.ValidateContainer
 0001:0001FE40       Classes.TComponent.ValidateInsert
 0001:0001FDAC       Classes.TComponent.ValidateRename
 0001:0001FA74       Classes.TComponent.WriteLeft
 0001:0001FDA4       Classes.TComponent.WriteState
 0001:0001FA80       Classes.TComponent.WriteTop
 0001:00020110       Classes.TComponent._AddRef
 0001:00020130       Classes.TComponent._Release
 0001:0001BFF0       Classes.TCustomMemoryStream.Read
 0001:0001C028       Classes.TCustomMemoryStream.Seek
 0001:0001BFE8       Classes.TCustomMemoryStream.SetPointer
 0001:0001C398       Classes.TFiler.Create
 0001:0001C3E0       Classes.TFiler.Destroy
 0001:0001C408       Classes.TFiler.SetRoot
 0001:0001BE40       Classes.TFileStream.Create
 0001:0001BDFC       Classes.TFileStream.Create
 0001:0001BFB4       Classes.TFileStream.Destroy
 0001:0001BD38       Classes.THandleStream.Create
 0001:0001BD74       Classes.THandleStream.Read
 0001:0001BD94       Classes.THandleStream.Seek
 0001:0001BDD4       Classes.THandleStream.SetSize
 0001:0001BDC0       Classes.THandleStream.SetSize
 0001:0001BD84       Classes.THandleStream.Write
 0004:000032E8       Classes.ThreadLock
 0001:0001943C       Classes.TIntConst.Create
 0001:0001A218       Classes.TInterfacedPersistent.AfterConstruction
 0001:0001A2A8       Classes.TInterfacedPersistent.QueryInterface
 0001:0001A268       Classes.TInterfacedPersistent._AddRef
 0001:0001A288       Classes.TInterfacedPersistent._Release
 0001:00019954       Classes.TList.Add
 0001:00019988       Classes.TList.Clear
 0001:000199A0       Classes.TList.Delete
 0001:00019934       Classes.TList.Destroy
 0001:00019A40       Classes.TList.Error
 0001:00019A08       Classes.TList.Error
 0001:00019A94       Classes.TList.Expand
 0001:00019AAC       Classes.TList.First
 0001:00019AB4       Classes.TList.Get
 0001:00019ADC       Classes.TList.Grow
 0001:00019B10       Classes.TList.IndexOf
 0001:00019B30       Classes.TList.Insert
 0001:00019B9C       Classes.TList.Last
 0001:00019CC8       Classes.TList.Notify
 0001:00019BA8       Classes.TList.Put
 0001:00019BF8       Classes.TList.Remove
 0001:00019C18       Classes.TList.SetCapacity
 0001:00019C54       Classes.TList.SetCount
 0001:0001C078       Classes.TMemoryStream.Clear
 0001:0001C04C       Classes.TMemoryStream.Destroy
 0001:0001C090       Classes.TMemoryStream.LoadFromStream
 0001:0001C11C       Classes.TMemoryStream.Realloc
 0001:0001C0C8       Classes.TMemoryStream.SetCapacity
 0001:0001C0F0       Classes.TMemoryStream.SetSize
 0001:0001C19C       Classes.TMemoryStream.Write
 0001:0001A074       Classes.TPersistent.Assign
 0001:0001A088       Classes.TPersistent.AssignError
 0001:0001A158       Classes.TPersistent.AssignTo
 0001:0001A160       Classes.TPersistent.DefineProperties
 0001:0001A048       Classes.TPersistent.Destroy
 0001:0001A164       Classes.TPersistent.GetNamePath
 0001:0001A214       Classes.TPersistent.GetOwner
 0001:0001C4E4       Classes.TPropFixup.Create
 0001:0001C53C       Classes.TPropFixup.MakeGlobalReference
 0001:0001C584       Classes.TPropFixup.ResolveReference
 0001:0001C594       Classes.TPropIntfFixup.ResolveReference
 0001:0001CB04       Classes.TReader.CheckValue
 0001:0001CB64       Classes.TReader.DefineBinaryProperty
 0001:0001CB28       Classes.TReader.DefineProperty
 0001:0001CAC8       Classes.TReader.Destroy
 0001:0001CDF0       Classes.TReader.DoFixupReferences
 0001:0001CC4C       Classes.TReader.EndOfList
 0001:0001CC60       Classes.TReader.Error
 0001:0001EF2C       Classes.TReader.FindAncestorComponent
 0001:0001F024       Classes.TReader.FindComponentClass
 0001:0001CD0C       Classes.TReader.FindMethod
 0001:0001CC84       Classes.TReader.FindMethodInstance
 0001:0001CF34       Classes.TReader.FlushBuffer
 0001:0001CF58       Classes.TReader.FreeFixups
 0001:0001CF94       Classes.TReader.GetFieldClass
 0001:0001D02C       Classes.TReader.GetPosition
 0001:0001D044       Classes.TReader.NextValue
 0001:0001D054       Classes.TReader.PropertyError
 0001:0001D068       Classes.TReader.Read
 0001:0001D0F0       Classes.TReader.ReadBoolean
 0001:0001D0B4       Classes.TReader.ReadBuffer
 0001:0001D104       Classes.TReader.ReadChar
 0001:0001D1C0       Classes.TReader.ReadCollection
 0001:0001D680       Classes.TReader.ReadComponent
 0001:0001DAC0       Classes.TReader.ReadCurrency
 0001:0001D8C0       Classes.TReader.ReadData
 0001:0001D930       Classes.TReader.ReadDataInner
 0001:0001DB10       Classes.TReader.ReadDate
 0001:0001DA38       Classes.TReader.ReadDouble
 0001:0001DA00       Classes.TReader.ReadFloat
 0001:0001DB54       Classes.TReader.ReadIdent
 0001:0001DCBC       Classes.TReader.ReadInt64
 0001:0001DC50       Classes.TReader.ReadInteger
 0001:0001DD00       Classes.TReader.ReadListBegin
 0001:0001DD08       Classes.TReader.ReadListEnd
 0001:0001DD10       Classes.TReader.ReadPrefix
 0001:0001DE6C       Classes.TReader.ReadProperty
 0001:0001E214       Classes.TReader.ReadPropValue
 0001:0001E58C       Classes.TReader.ReadRootComponent
 0001:0001E8C0       Classes.TReader.ReadSet
 0001:0001E97C       Classes.TReader.ReadSignature
 0001:0001DA7C       Classes.TReader.ReadSingle
 0001:0001E9A0       Classes.TReader.ReadStr
 0001:0001E9DC       Classes.TReader.ReadString
 0001:0001EB7C       Classes.TReader.ReadValue
 0001:0001F2A8       Classes.TReader.ReadVariant
 0001:0001D164       Classes.TReader.ReadWideChar
 0001:0001EA98       Classes.TReader.ReadWideString
 0001:0001EFE4       Classes.TReader.ReferenceName
 0001:0001EFFC       Classes.TReader.SetName
 0001:0001F098       Classes.TReader.SkipBytes
 0001:0001EE84       Classes.TReader.SkipComponent
 0001:0001EE3C       Classes.TReader.SkipProperty
 0001:0001EB90       Classes.TReader.SkipSetBody
 0001:0001EC8C       Classes.TReader.SkipValue
 0001:00018770       Classes.TRegGroup.AddClass
 0001:0001877C       Classes.TRegGroup.BestClass
 0001:000187DC       Classes.TRegGroup.BestGroup
 0001:0001884C       Classes.TRegGroup.Create
 0001:000188A8       Classes.TRegGroup.Destroy
 0001:000188E8       Classes.TRegGroup.GetClass
 0001:00018950       Classes.TRegGroup.InGroup
 0001:00018994       Classes.TRegGroup.RegisterClass
 0001:00018A54       Classes.TRegGroup.Registered
 0001:00018A98       Classes.TRegGroup.UnregisterModuleClasses
 0001:00018B44       Classes.TRegGroups.Activate
 0001:00018B90       Classes.TRegGroups.Create
 0001:00018C04       Classes.TRegGroups.Destroy
 0001:00018C64       Classes.TRegGroups.FindGroup
 0001:00018CA8       Classes.TRegGroups.GetClass
 0001:00018D7C       Classes.TRegGroups.GroupWith
 0001:00018E48       Classes.TRegGroups.Lock
 0001:00018E54       Classes.TRegGroups.RegisterClass
 0001:00018E6C       Classes.TRegGroups.Registered
 0001:00018EB0       Classes.TRegGroups.StartGroup
 0001:00018F00       Classes.TRegGroups.Unlock
 0001:00018F0C       Classes.TRegGroups.UnregisterModuleClasses
 0001:0001C1EC       Classes.TResourceStream.Create
 0001:0001C350       Classes.TResourceStream.Destroy
 0001:0001C2E4       Classes.TResourceStream.Initialize
 0001:0001C380       Classes.TResourceStream.Write
 0001:0001BBE4       Classes.TStream.CopyFrom
 0001:0001B948       Classes.TStream.GetPosition
 0001:0001B97C       Classes.TStream.GetSize
 0001:0001BB74       Classes.TStream.ReadBuffer
 0001:0001BCD8       Classes.TStream.ReadComponent
 0001:0001BA80       Classes.TStream.Seek
 0001:0001BB04       Classes.TStream.Seek
 0001:0001B968       Classes.TStream.SetPosition
 0001:0001B9E0       Classes.TStream.SetSize
 0001:0001B9C8       Classes.TStream.SetSize
 0001:0001B9CC       Classes.TStream.SetSize64
 0001:0001BBAC       Classes.TStream.WriteBuffer
 0001:00020930       Classes.TStreamAdapter.Clone
 0001:00020884       Classes.TStreamAdapter.Commit
 0001:0002067C       Classes.TStreamAdapter.CopyTo
 0001:00020440       Classes.TStreamAdapter.Create
 0001:0002048C       Classes.TStreamAdapter.Destroy
 0001:0002089C       Classes.TStreamAdapter.LockRegion
 0001:000204C4       Classes.TStreamAdapter.Read
 0001:00020890       Classes.TStreamAdapter.Revert
 0001:00020594       Classes.TStreamAdapter.Seek
 0001:00020618       Classes.TStreamAdapter.SetSize
 0001:000208B4       Classes.TStreamAdapter.Stat
 0001:000208A8       Classes.TStreamAdapter.UnlockRegion
 0001:0002052C       Classes.TStreamAdapter.Write
 0001:0001B2C8       Classes.TStringList.Add
 0001:0001B2D8       Classes.TStringList.AddObject
 0001:0001B33C       Classes.TStringList.Changed
 0001:0001B358       Classes.TStringList.Changing
 0001:0001B374       Classes.TStringList.Clear
 0001:0001B8C4       Classes.TStringList.CompareStrings
 0001:0001B88C       Classes.TStringList.CustomSort
 0001:0001B3B4       Classes.TStringList.Delete
 0001:0001B26C       Classes.TStringList.Destroy
 0001:0001B420       Classes.TStringList.Exchange
 0001:0001B47C       Classes.TStringList.ExchangeItems
 0001:0001B4A0       Classes.TStringList.Find
 0001:0001B524       Classes.TStringList.Get
 0001:0001B558       Classes.TStringList.GetCapacity
 0001:0001B55C       Classes.TStringList.GetCount
 0001:0001B560       Classes.TStringList.GetObject
 0001:0001B588       Classes.TStringList.Grow
 0001:0001B5BC       Classes.TStringList.IndexOf
 0001:0001B5F8       Classes.TStringList.Insert
 0001:0001B65C       Classes.TStringList.InsertItem
 0001:0001B608       Classes.TStringList.InsertObject
 0001:0001B6D8       Classes.TStringList.Put
 0001:0001B734       Classes.TStringList.PutObject
 0001:0001B774       Classes.TStringList.QuickSort
 0001:0001B808       Classes.TStringList.SetCapacity
 0001:0001B824       Classes.TStringList.SetSorted
 0001:0001B844       Classes.TStringList.SetUpdateState
 0001:0001B87C       Classes.TStringList.Sort
 0001:0001A388       Classes.TStrings.Add
 0001:0001A3AC       Classes.TStrings.AddObject
 0001:0001A3D0       Classes.TStrings.AddStrings
 0001:0001A488       Classes.TStrings.Assign
 0001:0001A540       Classes.TStrings.BeginUpdate
 0001:0001B1F4       Classes.TStrings.CompareStrings
 0001:0001A5B0       Classes.TStrings.DefineProperties
 0001:0001A358       Classes.TStrings.Destroy
 0001:0001A5FC       Classes.TStrings.EndUpdate
 0001:0001A610       Classes.TStrings.Equals
 0001:0001A6F4       Classes.TStrings.Error
 0001:0001A6BC       Classes.TStrings.Error
 0001:0001A74C       Classes.TStrings.Exchange
 0001:0001A838       Classes.TStrings.GetCapacity
 0001:0001B194       Classes.TStrings.GetLineBreak
 0001:0001B238       Classes.TStrings.GetNameValueSeparator
 0001:0001A840       Classes.TStrings.GetObject
 0001:0001A844       Classes.TStrings.GetText
 0001:0001A898       Classes.TStrings.GetTextStr
 0001:0001A9D0       Classes.TStrings.IndexOf
 0001:0001AA5C       Classes.TStrings.IndexOfName
 0001:0001AB30       Classes.TStrings.IndexOfObject
 0001:0001AB64       Classes.TStrings.InsertObject
 0001:0001AB94       Classes.TStrings.LoadFromFile
 0001:0001ABE8       Classes.TStrings.LoadFromStream
 0001:0001AC94       Classes.TStrings.Move
 0001:0001AD44       Classes.TStrings.Put
 0001:0001AD74       Classes.TStrings.PutObject
 0001:0001AD78       Classes.TStrings.ReadData
 0001:0001AE28       Classes.TStrings.SaveToFile
 0001:0001AE80       Classes.TStrings.SaveToStream
 0001:0001AEE0       Classes.TStrings.SetCapacity
 0001:0001B1C8       Classes.TStrings.SetLineBreak
 0001:0001B250       Classes.TStrings.SetNameValueSeparator
 0001:0001AEE4       Classes.TStrings.SetStringsAdapter
 0001:0001AF18       Classes.TStrings.SetText
 0001:0001AF68       Classes.TStrings.SetTextStr
 0001:0001B10C       Classes.TStrings.SetUpdateState
 0001:0001B110       Classes.TStrings.WriteData
 0001:00019D9C       Classes.TThreadList.Add
 0001:00019CCC       Classes.TThreadList.Create
 0001:00019D20       Classes.TThreadList.Destroy
 0001:00019E24       Classes.TThreadList.LockList
 0001:00019E38       Classes.TThreadList.Remove
 0001:00019E88       Classes.TThreadList.UnlockList
 0001:0001F4C8       Classes.TWriter.Write
 0001:0001F52C       Classes.TWriter.WriteBoolean
 0001:0001F514       Classes.TWriter.WriteBuffer
 0001:0001F540       Classes.TWriter.WriteInteger
 0001:0001F5B4       Classes.TWriter.WriteListBegin
 0001:0001F5BC       Classes.TWriter.WriteListEnd
 0001:0001F5C4       Classes.TWriter.WriteMinStr
 0001:0001F670       Classes.TWriter.WriteString
 0001:0001F6C4       Classes.TWriter.WriteValue
 0001:000195E0       Classes.UnregisterFindGlobalComponentProc
 0001:0001929C       Classes.UnRegisterModuleClasses
 0003:00000BF4       Classes.UtilWindowClass
 0001:0001F730       Classes.WaitForSyncEvent
 0003:00000BD8       Classes.WakeMainThread
 0004:00003498       Clipbrd..2
 0004:00003496       Clipbrd.CF_COMPONENT
 0004:00003494       Clipbrd.CF_PICTURE
 0002:000004D8       Clipbrd.Clipbrd
 0004:0000349C       Clipbrd.FClipboard
 0001:00033D30       Clipbrd.Finalization
 0004:0000362C       ComCtrls..76
 0001:0006A1C8       ComCtrls..TConversion
 0002:00000850       ComCtrls.ComCtrls
 0001:0006A290       ComCtrls.Finalization
 0004:00003634       ComCtrls.FRichEditModule
 0003:00001B94       ComCtrls.RTFConversionFormat
 0004:00003630       ComCtrls.ShellModule
 0001:0006A268       ComCtrls.TConversion.ConvertReadStream
 0001:0006A27C       ComCtrls.TConversion.ConvertWriteStream
 0003:00001BA0       ComCtrls.TextConversionFormat
 0001:00022730       CommCtrl.ImageList_Add
 0001:00022768       CommCtrl.ImageList_BeginDrag
 0001:00022718       CommCtrl.ImageList_Create
 0001:00022720       CommCtrl.ImageList_Destroy
 0001:00022778       CommCtrl.ImageList_DragEnter
 0001:00022780       CommCtrl.ImageList_DragLeave
 0001:00022788       CommCtrl.ImageList_DragMove
 0001:00022790       CommCtrl.ImageList_DragShowNolock
 0001:00022748       CommCtrl.ImageList_Draw
 0001:00022758       CommCtrl.ImageList_DrawEx
 0001:00022770       CommCtrl.ImageList_EndDrag
 0001:00022740       CommCtrl.ImageList_GetBkColor
 0001:00022798       CommCtrl.ImageList_GetDragImage
 0001:000227B0       CommCtrl.ImageList_GetIconSize
 0001:00022728       CommCtrl.ImageList_GetImageCount
 0001:000227A0       CommCtrl.ImageList_Read
 0001:00022760       CommCtrl.ImageList_Remove
 0001:00022750       CommCtrl.ImageList_Replace
 0001:00022738       CommCtrl.ImageList_SetBkColor
 0001:000227B8       CommCtrl.ImageList_SetIconSize
 0001:000227A8       CommCtrl.ImageList_Write
 0001:000227C0       CommCtrl._TrackMouseEvent
 0001:0002F7E0       CommDlg.GetOpenFileName
 0004:000035E4       ComObj..41
 0001:00068DB8       ComObj..EOleError
 0001:00068E6C       ComObj..EOleException
 0001:00068E10       ComObj..EOleSysError
 0001:000698F4       ComObj.ClearExcepInfo
 0003:00001AA4       ComObj.CoAddRefServerProcess
 0003:00001A9C       ComObj.CoCreateInstanceEx
 0003:00001AB4       ComObj.CoInitFlags
 0003:00001AA0       ComObj.CoInitializeEx
 0004:000035EC       ComObj.ComClassManagerVar
 0002:00000748       ComObj.ComObj
 0003:00001AA8       ComObj.CoReleaseServerProcess
 0003:00001AAC       ComObj.CoResumeClassObjects
 0003:00001AB0       ComObj.CoSuspendClassObjects
 0001:00069310       ComObj.DispatchInvoke
 0001:000698E8       ComObj.DispatchInvokeError
 0001:00069904       ComObj.DispCall
 0001:000699E8       ComObj.DispCallByID
 0001:00069814       ComObj.DispCallError
 0001:00069048       ComObj.EOleException.Create
 0001:00068F74       ComObj.EOleSysError.Create
 0001:00069B40       ComObj.Finalization
 0001:00069680       ComObj.GetIDsOfNames
 0001:00069AC4       ComObj.InitComObj
 0001:0006910C       ComObj.LoadComExProcs
 0004:000035F4       ComObj.NeedToUninitialize
 0001:000690FC       ComObj.OleCheck
 0001:000690E0       ComObj.OleError
 0004:000035E8       ComObj.OleUninitializing
 0001:00069760       ComObj.RaiseException
 0001:0006964C       ComObj.RaiseNameException
 0001:00069210       ComObj.SafeCallError
 0004:000035F0       ComObj.SaveInitProc
 0003:00001AB8       ComObj.ThreadStrs
 0001:00068F24       ComObj.TrimPunctuation
 0001:00069778       ComObj.VarDispInvoke
 0001:00020C2C       Contnrs..TObjectList
 0001:00020C94       Contnrs..TOrderedList
 0001:00020CFC       Contnrs..TStack
 0001:00020D5C       Contnrs.TObjectList.Create
 0001:00020D98       Contnrs.TObjectList.GetItem
 0001:00020DAC       Contnrs.TObjectList.Notify
 0001:00020DF0       Contnrs.TOrderedList.Create
 0001:00020E34       Contnrs.TOrderedList.Destroy
 0001:00020E64       Contnrs.TOrderedList.PeekItem
 0001:00020DD8       Contnrs.TOrderedList.Pop
 0001:00020E78       Contnrs.TOrderedList.PopItem
 0001:00020DE0       Contnrs.TOrderedList.Push
 0001:00020E98       Contnrs.TStack.PushItem
 0004:000034FC       Controls..33
 0001:0003BA54       Controls..TBaseDragControlObject
 0001:0003CDE0       Controls..TControl
 0001:0003BF24       Controls..TControlActionLink
 0001:0003BD9C       Controls..TControlCanvas
 0001:0003DBA8       Controls..TCustomControl
 0001:0003BE3C       Controls..TCustomControlAction
 0001:0003E2DC       Controls..TDockTree
 0001:0003E190       Controls..TDockZone
 0001:0003BB18       Controls..TDragControlObject
 0001:0003BBA4       Controls..TDragControlObjectEx
 0001:0003BC34       Controls..TDragDockObject
 0001:0003BCFC       Controls..TDragDockObjectEx
 0001:0003DEA4       Controls..TDragImageList
 0001:0003B9B0       Controls..TDragObject
 0001:0003DA84       Controls..TGraphicControl
 0001:0003DD14       Controls..THintWindow
 0001:0003DF70       Controls..TImageList
 0001:0003C374       Controls..TMargins
 0001:0003E380       Controls..TMouse
 0001:0003C48C       Controls..TPadding
 0001:0003E8E4       Controls..TSiteList
 0001:0003C228       Controls..TSizeConstraints
 0001:0003D674       Controls..TWinControl
 0001:0003D250       Controls..TWinControlActionLink
 0001:0003EF54       Controls.AbsMin
 0004:00003530       Controls.ActiveDrag
 0001:000452A4       Controls.AlignWork
 0003:00001644       Controls.AnchorAlign
 0003:00001638       Controls.AnimateWindowProc
 0003:00001740       Controls.AnimationStyle
 0001:00041EA4       Controls.BackgroundClipped
 0001:0004E584       Controls.CalcSplitterPos
 0001:0003FFF8       Controls.CancelDrag
 0004:00003544       Controls.CanvasList
 0003:000016FC       Controls.CaptureControl
 0001:0003E3D4       Controls.ChangeBiDiModeAlignment
 0001:0003FC60       Controls.CheckUndock
 0001:0004B3C8       Controls.ClientToWindow
 0004:00003502       Controls.ControlAtom
 0004:00003508       Controls.ControlAtomString
 0002:000005D0       Controls.Controls
 0003:0000163C       Controls.CreationControl
 0003:00001738       Controls.Ctl3DStyles
 0003:0000164C       Controls.Cursors
 0001:0003E77C       Controls.CursorToIdent
 0003:00001640       Controls.DefaultDockTreeClass
 0001:00046230       Controls.DestroyChildWindow
 0001:00045118       Controls.DoAlign
 0001:00049CE4       Controls.DoCalcConstraints
 0004:00003538       Controls.DockSiteList
 0001:00046F8C       Controls.DoControlMsg
 0001:0003F568       Controls.DoDragOver
 0001:0004C08C       Controls.DoFindControlZone
 0001:0004C7B4       Controls.DoFindZone
 0001:0004C110       Controls.DoForEach
 0001:0004DD58       Controls.DoGetNextLimit
 0001:0004ED90       Controls.DoneControls
 0001:000450D0       Controls.DoPosition
 0001:0004D268       Controls.DoPrune
 0001:0004D77C       Controls.DoSaveZone
 0001:0004DA40       Controls.DoSetNewBounds
 0001:00045EDC       Controls.DoWriteDesignSize
 0001:00043224       Controls.DoWriteExplicit
 0001:000431F0       Controls.DoWriteIsControl
 0004:0000351C       Controls.DragCapture
 0004:00003510       Controls.DragControl
 0001:0003FCD4       Controls.DragDone
 0001:0003F518       Controls.DragFindTarget
 0001:0003F4EC       Controls.DragFindWindow
 0004:00003534       Controls.DragImageList
 0001:0003F92C       Controls.DragInit
 0001:0003FA9C       Controls.DragInitControl
 0004:00003518       Controls.DragInternalObject
 0001:0003F434       Controls.DragMessage
 0004:00003514       Controls.DragObject
 0004:00003540       Controls.DragSave
 0004:00003528       Controls.DragSaveCursor
 0004:00003520       Controls.DragStartPos
 0004:0000352C       Controls.DragThreshold
 0001:0003F644       Controls.DragTo
 0001:0004CCEC       Controls.DrawCloseButton
 0001:0004CD80       Controls.DrawGrabberLine
 0001:0004CE08       Controls.DrawThemedGrabber
 0003:00001728       Controls.EdgeStyles
 0001:0004F3B0       Controls.Finalization
 0001:0003E52C       Controls.FindControl
 0001:00040044       Controls.FindDragTarget
 0001:00040010       Controls.FindVCLWindow
 0001:00040108       Controls.FreeDeviceContext
 0001:000401C4       Controls.FreeDeviceContexts
 0001:0003E878       Controls.GetCaptureControl
 0001:00044F40       Controls.GetClientSize
 0001:00046650       Controls.GetControlAtPos
 0001:0004DE38       Controls.GetDockAlign
 0001:0003F284       Controls.GetDockSiteAtPos
 0001:0003F5A4       Controls.GetDropCtl
 0001:0004BDBC       Controls.GetLastChildZone
 0001:0003E7E0       Controls.GetLongHint
 0001:0003E79C       Controls.GetShortHint
 0001:0003E984       Controls.GetTopParent
 0001:0004DEB4       Controls.HideZone
 0001:0003E78C       Controls.IdentToCursor
 0003:00001768       Controls.IMM32DLL
 0001:0004ED7C       Controls.Imm32IsIME
 0001:0004EE18       Controls.InitControls
 0001:0004EA20       Controls.InitIMM32
 0001:0003E3E8       Controls.InitWndProc
 0003:00001708       Controls.InnerStyles
 0001:00044FA0       Controls.InsertBefore
 0001:0003F038       Controls.IsBeforeTargetWindow
 0001:0003F48C       Controls.IsDelphiHandle
 0001:0004B7F0       Controls.IsOrientationSet
 0001:0003F240       Controls.IsSiteChildOfClient
 0001:0003E588       Controls.IsVCLControl
 0004:000034F0       Controls.IsVCLControlHook
 0001:00040090       Controls.ListAdd
 0001:000400B8       Controls.ListRemove
 0003:00001754       Controls.MakeLast
 0001:000442E8       Controls.MinVar
 0003:0000176C       Controls.ModeMap
 0004:000034EC       Controls.Mouse
 0001:000400D8       Controls.MoveWindowOrg
 0004:000034F8       Controls.NewStyleControls
 0001:0004B7D4       Controls.NextVisibleZone
 0001:0003E4F8       Controls.ObjectFromHWnd
 0003:0000174C       Controls.OrientArray
 0003:00001718       Controls.OuterStyles
 0001:0004BBE4       Controls.ParentNotLast
 0001:0003E824       Controls.PerformEraseBackground
 0001:00045EC8       Controls.PointsEqual
 0004:0000353C       Controls.QualifyingSites
 0001:0004C950       Controls.ReadControlName
 0001:0003F3D8       Controls.RegisterDockSite
 0004:0000350C       Controls.RM_GetObjectInstance
 0001:0003E5B8       Controls.SendAppMessage
 0001:0003E8A0       Controls.SetCaptureControl
 0001:0004ECA4       Controls.SetImeMode
 0003:00001700       Controls.ShowFlags
 0001:0004DF34       Controls.ShowZone
 0003:00001760       Controls.SizeCursors
 0001:0003ED54       Controls.TBaseDragControlObject.Assign
 0001:0003ED30       Controls.TBaseDragControlObject.Create
 0001:0003ED80       Controls.TBaseDragControlObject.EndDrag
 0001:0003EDA4       Controls.TBaseDragControlObject.Finished
 0001:00044018       Controls.TControl.ActionChange
 0001:00044408       Controls.TControl.AdjustSize
 0001:0004423C       Controls.TControl.AssignTo
 0001:00042204       Controls.TControl.BeginAutoDrag
 0001:00042220       Controls.TControl.BeginDrag
 0001:00041D3C       Controls.TControl.BringToFront
 0001:00042C68       Controls.TControl.CalcCursorPos
 0001:00042DD0       Controls.TControl.CalcDockSizes
 0001:00042B68       Controls.TControl.CanAutoSize
 0001:00042B6C       Controls.TControl.CanResize
 0001:000416D4       Controls.TControl.Changed
 0001:000416E4       Controls.TControl.ChangeScale
 0001:000437E0       Controls.TControl.CheckNewSize
 0001:000435D4       Controls.TControl.Click
 0001:0004155C       Controls.TControl.ClientToScreen
 0001:00043D70       Controls.TControl.CMBiDiModeChanged
 0001:00043C9C       Controls.TControl.CMColorChanged
 0001:00043EA0       Controls.TControl.CMDesignHitTest
 0001:00043C7C       Controls.TControl.CMEnabledChanged
 0001:00043FB8       Controls.TControl.CMFloat
 0001:00043C8C       Controls.TControl.CMFontChanged
 0001:00044494       Controls.TControl.CMHintShow
 0001:00043E20       Controls.TControl.CMHitTest
 0001:00044648       Controls.TControl.CMMouseActivate
 0001:00043E28       Controls.TControl.CMMouseEnter
 0001:00043E64       Controls.TControl.CMMouseLeave
 0001:00043D00       Controls.TControl.CMMouseWheel
 0001:00043CDC       Controls.TControl.CMParentBiDiModeChanged
 0001:00043CAC       Controls.TControl.CMParentColorChanged
 0001:00043DCC       Controls.TControl.CMParentFontChanged
 0001:00043D90       Controls.TControl.CMParentShowHintChanged
 0001:00043DFC       Controls.TControl.CMSysFontChanged
 0001:00043C54       Controls.TControl.CMVisibleChanged
 0001:00042C38       Controls.TControl.ConstrainedResize
 0001:00040934       Controls.TControl.Create
 0001:00043EA8       Controls.TControl.CreateFloatingDockSite
 0001:00043640       Controls.TControl.DblClick
 0001:000426A8       Controls.TControl.DefaultDockImage
 0001:00043148       Controls.TControl.DefaultHandler
 0001:00043444       Controls.TControl.DefineProperties
 0001:00042C94       Controls.TControl.DesignWndProc
 0001:00040A2C       Controls.TControl.Destroy
 0001:00044118       Controls.TControl.DoActionChange
 0001:00042B9C       Controls.TControl.DoCanAutoSize
 0001:00042C08       Controls.TControl.DoCanResize
 0001:0004122C       Controls.TControl.Dock
 0001:000424A4       Controls.TControl.DockTrackNoTarget
 0001:00042CC8       Controls.TControl.DoConstrainedResize
 0001:00042B58       Controls.TControl.DoConstraintsChange
 0001:00044608       Controls.TControl.DoContextPopup
 0001:0004135C       Controls.TControl.DoDock
 0001:000427F4       Controls.TControl.DoDragMsg
 0001:000424BC       Controls.TControl.DoEndDock
 0001:000423A4       Controls.TControl.DoEndDrag
 0001:0004466C       Controls.TControl.DoMarginChange
 0001:00042508       Controls.TControl.DoMouseActivate
 0001:00043698       Controls.TControl.DoMouseDown
 0001:00043A10       Controls.TControl.DoMouseUp
 0001:0004253C       Controls.TControl.DoMouseWheel
 0001:00042610       Controls.TControl.DoMouseWheelDown
 0001:0004265C       Controls.TControl.DoMouseWheelUp
 0001:000424E8       Controls.TControl.DoStartDock
 0001:00042384       Controls.TControl.DoStartDrag
 0001:0004230C       Controls.TControl.DragCanceled
 0001:00042358       Controls.TControl.DragDrop
 0001:00042310       Controls.TControl.Dragging
 0001:0004231C       Controls.TControl.DragOver
 0001:000427D4       Controls.TControl.DrawDragDockImage
 0001:00044428       Controls.TControl.DrawTextBiDiModeFlags
 0001:00044468       Controls.TControl.DrawTextBiDiModeFlagsReadingOnly
 0001:000427E4       Controls.TControl.EraseDragDockImage
 0001:00041B8C       Controls.TControl.FontChanged
 0001:00040BB4       Controls.TControl.GetAction
 0001:0004413C       Controls.TControl.GetActionLinkClass
 0001:00044680       Controls.TControl.GetAlignWithMargins
 0001:000413EC       Controls.TControl.GetBoundsRect
 0001:0004148C       Controls.TControl.GetClientHeight
 0001:000414CC       Controls.TControl.GetClientOrigin
 0001:00041430       Controls.TControl.GetClientRect
 0001:00041448       Controls.TControl.GetClientWidth
 0001:000421B4       Controls.TControl.GetControlsAlignment
 0001:00041DFC       Controls.TControl.GetDeviceContext
 0001:00044324       Controls.TControl.GetDockEdge
 0001:00040AF4       Controls.TControl.GetDragImages
 0001:00040AF8       Controls.TControl.GetEnabled
 0001:000443D4       Controls.TControl.GetFloating
 0001:00044400       Controls.TControl.GetFloatingDockSiteClass
 0001:00041D04       Controls.TControl.GetMouseCapture
 0001:00040B00       Controls.TControl.GetPalette
 0001:00040B0C       Controls.TControl.GetParentComponent
 0001:000437D8       Controls.TControl.GetPopupMenu
 0001:00041ADC       Controls.TControl.GetText
 0001:00041A5C       Controls.TControl.GetTextBuf
 0001:00041A4C       Controls.TControl.GetTextLen
 0001:00041A68       Controls.TControl.GetUndockHeight
 0001:00041A7C       Controls.TControl.GetUndockWidth
 0001:00040B04       Controls.TControl.HasParent
 0001:00044484       Controls.TControl.InitiateAction
 0001:00041FBC       Controls.TControl.Invalidate
 0001:00041F30       Controls.TControl.InvalidateControl
 0001:00040CE0       Controls.TControl.IsAnchorsStored
 0001:00041C00       Controls.TControl.IsBiDiModeStored
 0001:00044144       Controls.TControl.IsCaptionStored
 0001:00041C98       Controls.TControl.IsColorStored
 0001:00044164       Controls.TControl.IsEnabledStored
 0001:00041BE0       Controls.TControl.IsFontStored
 0001:000441A4       Controls.TControl.IsHelpContextStored
 0001:00044184       Controls.TControl.IsHintStored
 0001:000441E4       Controls.TControl.IsOnClickStored
 0001:00041BF4       Controls.TControl.IsShowHintStored
 0001:000441C4       Controls.TControl.IsVisibleStored
 0001:00044204       Controls.TControl.Loaded
 0001:000428E4       Controls.TControl.ManualDock
 0001:00042AC4       Controls.TControl.ManualFloat
 0001:00041FD0       Controls.TControl.MouseActivate
 0001:00043660       Controls.TControl.MouseDown
 0001:0004392C       Controls.TControl.MouseMove
 0001:000439D8       Controls.TControl.MouseUp
 0001:00042018       Controls.TControl.MouseWheelHandler
 0001:00040DF8       Controls.TControl.Notification
 0001:00040B38       Controls.TControl.PaletteChanged
 0001:00042D9C       Controls.TControl.Perform
 0001:000423D0       Controls.TControl.PositionDockRect
 0001:0004475C       Controls.TControl.ReadExplicitHeight
 0001:00044774       Controls.TControl.ReadExplicitLeft
 0001:00044744       Controls.TControl.ReadExplicitTop
 0001:0004471C       Controls.TControl.ReadExplicitWidth
 0001:000431D0       Controls.TControl.ReadIsControl
 0001:00040D64       Controls.TControl.ReadState
 0001:000420AC       Controls.TControl.Refresh
 0001:000420B8       Controls.TControl.Repaint
 0001:00040D34       Controls.TControl.RequestAlign
 0001:00040D44       Controls.TControl.Resize
 0001:00041588       Controls.TControl.ScaleConstraints
 0001:0004160C       Controls.TControl.ScreenToClient
 0001:00041638       Controls.TControl.SendCancelMode
 0001:00041668       Controls.TControl.SendDockNotification
 0001:00040C64       Controls.TControl.SetAction
 0001:00040E50       Controls.TControl.SetAlign
 0001:00044688       Controls.TControl.SetAlignWithMargins
 0001:00040BC4       Controls.TControl.SetAnchors
 0001:000418A8       Controls.TControl.SetAutoSize
 0001:00041B70       Controls.TControl.SetBiDiMode
 0001:00040F38       Controls.TControl.SetBounds
 0001:0004140C       Controls.TControl.SetBoundsRect
 0001:000414A4       Controls.TControl.SetClientHeight
 0001:00041968       Controls.TControl.SetClientSize
 0001:00041460       Controls.TControl.SetClientWidth
 0001:00041C7C       Controls.TControl.SetColor
 0001:0004463C       Controls.TControl.SetConstraints
 0001:00041CE8       Controls.TControl.SetCursor
 0001:00040CF8       Controls.TControl.SetDesignVisible
 0001:00040D30       Controls.TControl.SetDragMode
 0001:00041A34       Controls.TControl.SetEnabled
 0001:00041BD0       Controls.TControl.SetFont
 0001:000411F8       Controls.TControl.SetHeight
 0001:000413B4       Controls.TControl.SetHelpContext
 0001:000413C8       Controls.TControl.SetHelpKeyword
 0001:0004115C       Controls.TControl.SetLeft
 0001:00044674       Controls.TControl.SetMargins
 0001:00041D14       Controls.TControl.SetMouseCapture
 0001:000418C4       Controls.TControl.SetName
 0001:000419B0       Controls.TControl.SetParent
 0001:00041CC4       Controls.TControl.SetParentBiDiMode
 0001:00041CA0       Controls.TControl.SetParentColor
 0001:00040B10       Controls.TControl.SetParentComponent
 0001:00041C08       Controls.TControl.SetParentFont
 0001:00041C50       Controls.TControl.SetParentShowHint
 0001:00041A90       Controls.TControl.SetPopupMenu
 0001:00041C2C       Controls.TControl.SetShowHint
 0001:00041B0C       Controls.TControl.SetText
 0001:00041AB8       Controls.TControl.SetTextBuf
 0001:00041190       Controls.TControl.SetTop
 0001:000419FC       Controls.TControl.SetVisible
 0001:000411C4       Controls.TControl.SetWidth
 0001:00041DD8       Controls.TControl.SetZOrder
 0001:00041D50       Controls.TControl.SetZOrderPosition
 0001:00042098       Controls.TControl.Update
 0001:00040FD8       Controls.TControl.UpdateAnchorRules
 0001:00042E44       Controls.TControl.UpdateBoundsRect
 0001:000446B8       Controls.TControl.UpdateExplicitBounds
 0001:000421D0       Controls.TControl.UseRightToLeftAlignment
 0001:000421B8       Controls.TControl.UseRightToLeftReading
 0001:000421E8       Controls.TControl.UseRightToLeftScrollBar
 0001:00042E74       Controls.TControl.VisibleChanging
 0001:00043B64       Controls.TControl.WMCancelMode
 0001:000444C4       Controls.TControl.WMContextMenu
 0001:00043784       Controls.TControl.WMLButtonDblClk
 0001:0004371C       Controls.TControl.WMLButtonDown
 0001:00043A48       Controls.TControl.WMLButtonUp
 0001:00043900       Controls.TControl.WMMButtonDblClk
 0001:000438D4       Controls.TControl.WMMButtonDown
 0001:00043AEC       Controls.TControl.WMMButtonUp
 0001:00043960       Controls.TControl.WMMouseMove
 0001:00043B0C       Controls.TControl.WMMouseWheel
 0001:00043768       Controls.TControl.WMNCLButtonDown
 0001:000438A8       Controls.TControl.WMRButtonDblClk
 0001:0004387C       Controls.TControl.WMRButtonDown
 0001:00043ACC       Controls.TControl.WMRButtonUp
 0001:00043BA4       Controls.TControl.WMWindowPosChanged
 0001:00042E78       Controls.TControl.WndProc
 0001:000446FC       Controls.TControl.WriteExplicitHeight
 0001:0004470C       Controls.TControl.WriteExplicitLeft
 0001:000446EC       Controls.TControl.WriteExplicitTop
 0001:00044734       Controls.TControl.WriteExplicitWidth
 0001:000431E4       Controls.TControl.WriteIsControl
 0001:000404E0       Controls.TControlActionLink.AssignClient
 0001:000404FC       Controls.TControlActionLink.DoShowHint
 0001:000405EC       Controls.TControlActionLink.IsCaptionLinked
 0001:00040660       Controls.TControlActionLink.IsDropdownMenuLinked
 0001:00040674       Controls.TControlActionLink.IsEnabledLinked
 0001:000406A8       Controls.TControlActionLink.IsEnableDropdownLinked
 0001:00040848       Controls.TControlActionLink.IsHelpLinked
 0001:000406BC       Controls.TControlActionLink.IsHintLinked
 0001:00040768       Controls.TControlActionLink.IsOnExecuteLinked
 0001:000406F4       Controls.TControlActionLink.IsPopupMenuLinked
 0001:00040734       Controls.TControlActionLink.IsVisibleLinked
 0001:00040790       Controls.TControlActionLink.SetCaption
 0001:000407B0       Controls.TControlActionLink.SetDropdownMenu
 0001:000407B4       Controls.TControlActionLink.SetEnabled
 0001:000407D4       Controls.TControlActionLink.SetEnableDropdown
 0001:000408D0       Controls.TControlActionLink.SetHelpContext
 0001:000408B0       Controls.TControlActionLink.SetHelpKeyword
 0001:000408F0       Controls.TControlActionLink.SetHelpType
 0001:000407D8       Controls.TControlActionLink.SetHint
 0001:0004081C       Controls.TControlActionLink.SetOnExecute
 0001:00040910       Controls.TControlActionLink.SetPopupMenu
 0001:000407FC       Controls.TControlActionLink.SetVisible
 0001:0004029C       Controls.TControlCanvas.CreateHandle
 0001:00040270       Controls.TControlCanvas.Destroy
 0001:00040344       Controls.TControlCanvas.FreeHandle
 0001:00040378       Controls.TControlCanvas.SetControl
 0001:00040390       Controls.TControlCanvas.UpdateTextFlags
 0001:0004B678       Controls.TCustomControl.Create
 0001:0004B6D4       Controls.TCustomControl.Destroy
 0001:0004B7D0       Controls.TCustomControl.Paint
 0001:0004B724       Controls.TCustomControl.PaintWindow
 0001:0004B704       Controls.TCustomControl.WMPaint
 0001:0004E38C       Controls.TDockTree.ActualSize
 0001:0004C05C       Controls.TDockTree.AdjustDockRect
 0001:0004E420       Controls.TDockTree.AdjustFrameRect
 0001:0004C074       Controls.TDockTree.BeginUpdate
 0001:0004E06C       Controls.TDockTree.ControlVisibilityChanged
 0001:0004BEA0       Controls.TDockTree.Create
 0001:0004C008       Controls.TDockTree.Destroy
 0001:0004DC6C       Controls.TDockTree.DrawSizeSplitter
 0001:0004C078       Controls.TDockTree.EndUpdate
 0001:0004C728       Controls.TDockTree.FindControlAtPos
 0001:0004C0E4       Controls.TDockTree.FindControlZone
 0001:0004C14C       Controls.TDockTree.ForEachAt
 0001:0004C164       Controls.TDockTree.GetControlBounds
 0001:0004DDE8       Controls.TDockTree.GetNextLimit
 0001:0004C1D8       Controls.TDockTree.HitTest
 0001:0004C1E8       Controls.TDockTree.InsertControl
 0001:0004C404       Controls.TDockTree.InsertNewParent
 0001:0004C5AC       Controls.TDockTree.InsertSibling
 0001:0004C8C8       Controls.TDockTree.InternalHitTest
 0001:0004C998       Controls.TDockTree.LoadFromStream
 0001:0004E460       Controls.TDockTree.MouseDown
 0001:0004E614       Controls.TDockTree.MouseMove
 0001:0004E664       Controls.TDockTree.MouseUp
 0001:0004CE64       Controls.TDockTree.PaintDockFrame
 0001:0004CFB8       Controls.TDockTree.PaintSite
 0001:0004D0EC       Controls.TDockTree.PositionDockRect
 0001:0004D29C       Controls.TDockTree.PruneZone
 0001:0004E3F4       Controls.TDockTree.ReferenceFromOrient
 0001:0004E3BC       Controls.TDockTree.RelativeSize
 0001:0004D2F8       Controls.TDockTree.RemoveControl
 0001:0004D338       Controls.TDockTree.RemoveZone
 0001:0004D5D8       Controls.TDockTree.ResetBounds
 0001:0004D88C       Controls.TDockTree.SaveToStream
 0001:0004D6C0       Controls.TDockTree.ScaleZone
 0001:0004DAC8       Controls.TDockTree.SetNewBounds
 0001:0004DAF8       Controls.TDockTree.SetReplacingControl
 0001:0004DB10       Controls.TDockTree.ShiftZone
 0001:0004E6D8       Controls.TDockTree.ShowHint
 0001:0004DB44       Controls.TDockTree.SplitterMouseDown
 0001:0004DBA4       Controls.TDockTree.SplitterMouseUp
 0001:0004DC20       Controls.TDockTree.UpdateAll
 0001:0004DC48       Controls.TDockTree.UpdateZone
 0001:0004DC58       Controls.TDockTree.WindowProc
 0001:0004E0F4       Controls.TDockTree.WndProc
 0001:0004C624       Controls.TDockTree.ZoneCaptionHitTest
 0001:0004B814       Controls.TDockZone.Create
 0001:0004BDCC       Controls.TDockZone.ExpandZoneLimit
 0001:0004BE94       Controls.TDockZone.FirstVisibleChild
 0001:0004B838       Controls.TDockZone.GetChildCount
 0001:0004BB1C       Controls.TDockZone.GetControlName
 0001:0004B9BC       Controls.TDockZone.GetHeightWidth
 0001:0004B8A8       Controls.TDockZone.GetLimitBegin
 0001:0004B8F0       Controls.TDockZone.GetLimitSize
 0001:0004B938       Controls.TDockZone.GetTopLeft
 0001:0004B870       Controls.TDockZone.GetVisible
 0001:0004B84C       Controls.TDockZone.GetVisibleChildCount
 0001:0004BD90       Controls.TDockZone.GetZoneLimit
 0001:0004BE6C       Controls.TDockZone.NextVisible
 0001:0004BE78       Controls.TDockZone.PrevVisible
 0001:0004BA74       Controls.TDockZone.ResetChildren
 0001:0004BE0C       Controls.TDockZone.ResetZoneLimits
 0001:0004BB60       Controls.TDockZone.SetControlName
 0001:0004BDB8       Controls.TDockZone.SetZoneLimit
 0001:0004BC14       Controls.TDockZone.Update
 0001:0003EDD8       Controls.TDragControlObject.GetDragCursor
 0001:0003EDF0       Controls.TDragControlObject.GetDragImages
 0001:0003EDFC       Controls.TDragControlObject.HideDragImage
 0001:0003EE1C       Controls.TDragControlObject.ShowDragImage
 0001:0003EE3C       Controls.TDragControlObjectEx.BeforeDestruction
 0001:0003EF78       Controls.TDragDockObject.AdjustDockRect
 0001:0003EED8       Controls.TDragDockObject.Assign
 0001:0003EE40       Controls.TDragDockObject.Create
 0001:0003EEA8       Controls.TDragDockObject.Destroy
 0001:0003EFF4       Controls.TDragDockObject.DrawDragDockImage
 0001:0003EF38       Controls.TDragDockObject.EndDrag
 0001:0003F008       Controls.TDragDockObject.EraseDragDockImage
 0001:0003F01C       Controls.TDragDockObject.GetDragCursor
 0001:0003F028       Controls.TDragDockObject.GetEraseWhenMoving
 0001:0003F02C       Controls.TDragDockObject.GetFrameWidth
 0001:0003F034       Controls.TDragDockObjectEx.BeforeDestruction
 0001:0004B4B8       Controls.TDragImageList.BeginDrag
 0001:0004B52C       Controls.TDragImageList.DragLock
 0001:0004B5B4       Controls.TDragImageList.DragMove
 0001:0004B590       Controls.TDragImageList.DragUnlock
 0001:0004B628       Controls.TDragImageList.EndDrag
 0001:0004B48C       Controls.TDragImageList.GetHotSpot
 0001:0004B610       Controls.TDragImageList.HideDragImage
 0001:0004B408       Controls.TDragImageList.Initialize
 0001:0004B468       Controls.TDragImageList.SetDragCursor
 0001:0004B420       Controls.TDragImageList.SetDragImage
 0001:0004B5F8       Controls.TDragImageList.ShowDragImage
 0001:0003ED20       Controls.TDragObject.AfterConstruction
 0001:0003EACC       Controls.TDragObject.Assign
 0001:0003ED10       Controls.TDragObject.BeforeDestruction
 0001:0003EB0C       Controls.TDragObject.Capture
 0001:0003EB24       Controls.TDragObject.Finished
 0001:0003EC9C       Controls.TDragObject.GetDragCursor
 0001:0003EC98       Controls.TDragObject.GetDragImages
 0001:0003EB2C       Controls.TDragObject.GetName
 0001:0003ECB4       Controls.TDragObject.HideDragImage
 0001:0003ECB8       Controls.TDragObject.Instance
 0001:0003ECC4       Controls.TDragObject.MainWndProc
 0001:0003EB54       Controls.TDragObject.ReleaseCapture
 0001:0003ECC0       Controls.TDragObject.ShowDragImage
 0001:0003EB68       Controls.TDragObject.WndProc
 0001:0004AC88       Controls.TGraphicControl.Create
 0001:0004ACE4       Controls.TGraphicControl.Destroy
 0001:0004ADCC       Controls.TGraphicControl.Paint
 0001:0004AD24       Controls.TGraphicControl.WMPaint
 0001:0004B0BC       Controls.THintWindow.ActivateHint
 0001:0004B2B0       Controls.THintWindow.ActivateHintData
 0001:0004B2D8       Controls.THintWindow.CalcHintRect
 0001:0004B024       Controls.THintWindow.CMTextChanged
 0001:0004ADD0       Controls.THintWindow.Create
 0001:0004AE3C       Controls.THintWindow.CreateParams
 0001:0004AFB4       Controls.THintWindow.IsHintMsg
 0001:0004B334       Controls.THintWindow.NCPaint
 0001:0004AF0C       Controls.THintWindow.Paint
 0001:0004B018       Controls.THintWindow.ReleaseHandle
 0001:0004B3C4       Controls.THintWindow.ShouldHideHint
 0001:0004AEA0       Controls.THintWindow.WMNCHitTest
 0001:0004AEA8       Controls.THintWindow.WMNCPaint
 0001:0004B3A0       Controls.THintWindow.WMPrint
 0001:0004F028       Controls.TMargins.AssignTo
 0001:0004F070       Controls.TMargins.Change
 0001:0004EFE4       Controls.TMargins.Create
 0001:0004F1E8       Controls.TMargins.GetControlBound
 0001:0004F084       Controls.TMargins.InitDefaults
 0001:0004F0FC       Controls.TMargins.SetControlBounds
 0001:0004F0A4       Controls.TMargins.SetMargin
 0001:0004E7CC       Controls.TMouse.Create
 0001:0004E85C       Controls.TMouse.CreatePanningWindow
 0001:0004E888       Controls.TMouse.Destroy
 0001:0004E8B8       Controls.TMouse.GetCapture
 0001:0004E8C0       Controls.TMouse.GetCursorPos
 0001:0004E8D0       Controls.TMouse.GetIsDragging
 0001:0004E8DC       Controls.TMouse.GetIsPanning
 0001:0004E900       Controls.TMouse.GetMouseData
 0001:0004E91C       Controls.TMouse.GetNativeData
 0001:0004E94C       Controls.TMouse.GetRegisteredData
 0001:0004E974       Controls.TMouse.SetCapture
 0001:0004E99C       Controls.TMouse.SetPanningWindow
 0001:0004E9BC       Controls.TMouse.SettingChanged
 0001:0004F3AC       Controls.TPadding.InitDefaults
 0001:00048634       Controls.TraverseControls
 0003:0000175C       Controls.TreeStreamEndFlag
 0001:0003E9B0       Controls.TSiteList.AddSite
 0001:0003EA34       Controls.TSiteList.Clear
 0001:0003E94C       Controls.TSiteList.Find
 0001:0003EA68       Controls.TSiteList.GetTopSite
 0001:000403F8       Controls.TSizeConstraints.AssignTo
 0001:000404CC       Controls.TSizeConstraints.Change
 0001:000403BC       Controls.TSizeConstraints.Create
 0001:00040440       Controls.TSizeConstraints.SetConstraints
 0001:0004A270       Controls.TWinControl.ActionChange
 0001:00045A98       Controls.TWinControl.AddBiDiModeExStyle
 0001:00044B30       Controls.TWinControl.AdjustClientRect
 0001:00049790       Controls.TWinControl.AdjustSize
 0001:000453FC       Controls.TWinControl.AlignControl
 0001:000452F8       Controls.TWinControl.AlignControls
 0001:00044B60       Controls.TWinControl.ArrangeControl
 0001:0004A2B8       Controls.TWinControl.AssignTo
 0001:00045994       Controls.TWinControl.Broadcast
 0001:00049DA8       Controls.TWinControl.CalcConstraints
 0001:0004A2E8       Controls.TWinControl.CanAutoSize
 0001:0004954C       Controls.TWinControl.CanFocus
 0001:00049CDC       Controls.TWinControl.CanResize
 0001:00049110       Controls.TWinControl.ChangeScale
 0001:0004895C       Controls.TWinControl.CMBiDiModeChanged
 0001:00048BB8       Controls.TWinControl.CMBorderChanged
 0001:00048A34       Controls.TWinControl.CMChanged
 0001:00048A48       Controls.TWinControl.CMChildKey
 0001:00048B14       Controls.TWinControl.CMColorChanged
 0001:00048CF8       Controls.TWinControl.CMControlListChange
 0001:00048D0C       Controls.TWinControl.CMControlListChanging
 0001:00048BF8       Controls.TWinControl.CMCtl3DChanged
 0001:00048B78       Controls.TWinControl.CMCursorChanged
 0001:00048A14       Controls.TWinControl.CMDesignHitTest
 0001:00048A64       Controls.TWinControl.CMDialogChar
 0001:00048A5C       Controls.TWinControl.CMDialogKey
 0001:000481F0       Controls.TWinControl.CMDockClient
 0001:00048C98       Controls.TWinControl.CMDrag
[...]
 0003:00001550       Menus.cBooleanToItemAutoFlag
 0003:00001554       Menus.cItemAutoFlagToBoolean
 0003:00001558       Menus.MenuKeyCaps
 0003:000015A0       Menus.Checks
 0003:000015A8       Menus.Enables
 0003:000015B0       Menus.Breaks
 0003:000015BC       Menus.Separators
 0003:000015C4       Menus.IBreaks
 0003:000015D0       Menus.IChecks
 0003:000015D8       Menus.IDefaults
 0003:000015E0       Menus.IEnables
 0003:000015E8       Menus.IRadios
 0003:000015F0       Menus.ISeparators
 0003:000015F8       Menus.IRTL
 0003:00001600       Menus.IOwnerDraw
 0003:00001608       Menus.Alignments
 0003:00001610       Menus.EdgeStyle
 0003:00001618       Menus.Alignments
 0003:00001620       Menus.CurrentKeyboardLayout
 0003:00001624       Menus.IsAltGRKeyLayout
 0003:00001628       Menus.Flags
 0003:00001634       Menus.Buttons
 0003:00001638       Controls.AnimateWindowProc
 0003:0000163C       Controls.CreationControl
 0003:00001640       Controls.DefaultDockTreeClass
 0003:00001644       Controls.AnchorAlign
 0003:0000164C       Controls.Cursors
 0003:000016FC       Controls.CaptureControl
 0003:00001700       Controls.ShowFlags
 0003:00001704       Controls.WindowPos
 0003:00001708       Controls.InnerStyles
 0003:00001718       Controls.OuterStyles
 0003:00001728       Controls.EdgeStyles
 0003:00001738       Controls.Ctl3DStyles
 0003:00001740       Controls.AnimationStyle
 0003:0000174C       Controls.OrientArray
 0003:00001754       Controls.MakeLast
 0003:0000175C       Controls.TreeStreamEndFlag
 0003:00001760       Controls.SizeCursors
 0003:00001768       Controls.IMM32DLL
 0003:0000176C       Controls.ModeMap
 0003:00001774       ImgList.DrawingStyles
 0003:00001784       ImgList.Images
 0003:0000178C       ImgList.Mask
 0003:00001794       Forms.HintWindowClass
 0003:00001798       Forms.SetLayeredWindowAttributes
 0003:0000179C       Forms.FocusMessages
 0003:000017A0       Forms.FocusCount
 0003:000017A4       Forms.TaskActiveWindow
 0003:000017A8       Forms.TaskFirstWindow
 0003:000017AC       Forms.TaskFirstTopMost
 0003:000017B0       Forms.DisablingWindows
 0003:000017B4       Forms.TaskWindowList
 0003:000017B8       Forms.SysConsts
 0003:000017C0       Forms.SysConsts
 0003:000017C8       Forms.Props
 0003:000017F0       Forms.Styles
 0003:000017FC       Forms.HWND_STYLE
 0003:00001804       Forms.ShowCommands
 0003:00001810       Forms.ShowCommands
 0003:0000181C       Forms.ShowCommands
 0003:00001828       Forms.cUseAlpha
 0003:00001830       Forms.cUseColorKey
 0003:00001838       Forms.CursorMap
 0003:0000188C       Forms.WindowClass
 0003:000018B4       Forms.AppVisible
 0003:000018B8       Forms.ShowFlags
 0003:000018BC       Buttons.BitBtnResNames
 0003:000018E8       Buttons.BitBtnCaptions
 0003:00001914       Buttons.BitBtnModalResults
 0003:00001940       Buttons.GlyphCache
 0003:00001944       Buttons.ButtonCount
 0003:00001948       Buttons.DownStyles
 0003:00001950       Buttons.FillStyles
 0003:00001958       Buttons.NewState
 0003:0000195C       Buttons.WordBreakFlag
 0003:00001964       FMTBcd.DValue
 0003:00001A5C       FMTBcd.FMTBcdVariantType
 0003:00001A60       SqlTimSt.NullSQLTimeStamp
 0003:00001A70       SqlTimSt.IncrementAmount
 0003:00001A78       SqlTimSt.SQLTimeStampVariantType
 0003:00001A7C       SqlTimSt.AdjustAmt
 0003:00001A84       SqlTimSt.AdjustAmt
 0003:00001A8C       SqlTimSt.AdjustAmt
 0003:00001A94       SqlTimSt.AdjustAmt
 0003:00001A9C       ComObj.CoCreateInstanceEx
 0003:00001AA0       ComObj.CoInitializeEx
 0003:00001AA4       ComObj.CoAddRefServerProcess
 0003:00001AA8       ComObj.CoReleaseServerProcess
 0003:00001AAC       ComObj.CoResumeClassObjects
 0003:00001AB0       ComObj.CoSuspendClassObjects
 0003:00001AB4       ComObj.CoInitFlags
 0003:00001AB8       ComObj.ThreadStrs
 0003:00001ACC       DB.FieldTypeNames
 0003:00001B74       ExtDlgs.DefaultEncodingNames
 0003:00001B8C       Mapi.MAPIDLL
 0003:00001B90       Mapi.MAPIModule
 0003:00001B94       ComCtrls.RTFConversionFormat
 0003:00001BA0       ComCtrls.TextConversionFormat
 0003:00001BAC       DBCtrls.BtnHintId
 0004:00000000       System.DispCallByIDProc
 0004:00000004       System.ExceptProc
 0004:00000008       System.ErrorProc
 0004:0000000C       System.ExceptClsProc
 0004:00000010       System.ExceptObjProc
 0004:00000014       System.RaiseExceptionProc
 0004:00000018       System.RTLUnwindProc
 0004:0000001C       System.ExceptionClass
 0004:00000020       System.SafeCallErrorProc
 0004:00000024       System.AssertErrorProc
 0004:00000028       System.ExitProcessProc
 0004:0000002C       System.AbstractErrorProc
 0004:00000030       System.MainInstance
 0004:00000034       System.MainThreadID
 0004:00000038       System.IsLibrary
 0004:0000003C       System.CmdShow
 0004:00000040       System.CmdLine
 0004:00000044       System.InitProc
 0004:00000048       System.ExitProc
 0004:0000004C       System.IsConsole
 0004:0000004D       System.IsMultiThread
 0004:0000004E       System.Test8086
 0004:00000050       System.Input
 0004:0000021C       System.Output
 0004:000003E8       System.ErrOutput
 0004:000005B4       System.ReportMemoryLeaksOnShutdown
 0004:000005B8       System..6
 0004:000005BC       System.DefaultSystemCodePage
 0004:000005C0       System.AllocSize2SmallBlockTypeIndX4
 0004:00000706       System.MinimumBlockAlignment
 0004:00000708       System.MediumBlockPoolsCircularList
 0004:00000718       System.MediumBlocksLocked
 0004:0000071C       System.LastSequentiallyFedMediumBlock
 0004:00000720       System.MediumSequentialFeedBytesLeft
 0004:00000724       System.MediumBlockBinGroupBitmap
 0004:00000728       System.MediumBlockBinBitmaps
 0004:000007A8       System.MediumBlockBins
 0004:000027A8       System.LargeBlocksLocked
 0004:000027AC       System.LargeBlocksCircularList
 0004:000027BC       System.ExpectedMemoryLeaks
 0004:000027C0       System.ExpectedMemoryLeaksListLocked
 0004:000027C4       System.MMSharingWindow
 0004:000027C8       System.InitContext
 0004:000027F4       SysInit.ModuleIsLib
 0004:000027F5       SysInit.ModuleIsCpp
 0004:000027F8       SysInit.HInstance
 0004:000027FC       SysInit.tlsBuffer
 0004:00002800       Windows..3
 0004:00002804       Windows.HtmlHelpModule
 0004:00002808       SysUtils.CurrencyString
 0004:0000280C       SysUtils.CurrencyFormat
 0004:0000280D       SysUtils.NegCurrFormat
 0004:0000280E       SysUtils.ThousandSeparator
 0004:0000280F       SysUtils.DecimalSeparator
 0004:00002810       SysUtils.CurrencyDecimals
 0004:00002811       SysUtils.DateSeparator
 0004:00002814       SysUtils.ShortDateFormat
 0004:00002818       SysUtils.LongDateFormat
 0004:0000281C       SysUtils.TimeSeparator
 0004:00002820       SysUtils.TimeAMString
 0004:00002824       SysUtils.TimePMString
 0004:00002828       SysUtils.ShortTimeFormat
 0004:0000282C       SysUtils.LongTimeFormat
 0004:00002830       SysUtils.ShortMonthNames
 0004:00002860       SysUtils.LongMonthNames
 0004:00002890       SysUtils.ShortDayNames
 0004:000028AC       SysUtils.LongDayNames
 0004:000028C8       SysUtils.SysLocale
 0004:000028D6       SysUtils.ListSeparator
 0004:000028D8       SysUtils.EraNames
 0004:000028F4       SysUtils.EraYearOffsets
 0004:00002910       SysUtils.TrueBoolStrs
 0004:00002914       SysUtils.FalseBoolStrs
 0004:00002918       SysUtils..35
 0004:0000291C       SysUtils.OutOfMemory
 0004:00002920       SysUtils.InvalidPointer
 0004:00002924       SysUtils.CharHash
 0004:00002A24       SysUtils.ValidatedUnitHashBuckets
 0004:00002E24       SysUtils.UnitHashBuckets
 0004:00003224       SysUtils.FLanguages
 0004:00003228       VarUtils.VariantChangeTypeEx
 0004:0000322C       VarUtils.VarNeg
 0004:00003230       VarUtils.VarNot
 0004:00003234       VarUtils.VarAdd
 0004:00003238       VarUtils.VarSub
 0004:0000323C       VarUtils.VarMul
 0004:00003240       VarUtils.VarDiv
 0004:00003244       VarUtils.VarIDiv
 0004:00003248       VarUtils.VarMod
 0004:0000324C       VarUtils.VarAnd
 0004:00003250       VarUtils.VarOr
 0004:00003254       VarUtils.VarXor
 0004:00003258       VarUtils.VarCmp
 0004:0000325C       VarUtils.VarI4FromStr
 0004:00003260       VarUtils.VarR4FromStr
 0004:00003264       VarUtils.VarR8FromStr
 0004:00003268       VarUtils.VarDateFromStr
 0004:0000326C       VarUtils.VarCyFromStr
 0004:00003270       VarUtils.VarBoolFromStr
 0004:00003274       VarUtils.VarBstrFromCy
 0004:00003278       VarUtils.VarBstrFromDate
 0004:0000327C       VarUtils.VarBstrFromBool
 0004:00003280       VarUtils..5
 0004:00003284       Variants.EmptyParam
 0004:00003294       Variants.VarDispProc
 0004:00003298       Variants.ClearAnyProc
 0004:0000329C       Variants.ChangeAnyProc
 0004:000032A0       Variants.RefAnyProc
 0004:000032A4       Variants..81
 0004:000032A8       Variants.LVarTypes
 0004:000032AC       Variants.LVarTypeSync
 0004:000032C4       TypInfo..6
 0004:000032C8       Classes.GlobalNameSpace
 0004:000032CC       Classes.IsUniqueGlobalComponentNameProc
 0004:000032D0       Classes.SyncEvent
 0004:000032D4       Classes..95
 0004:000032D8       Classes.IntConstList
 0004:000032DC       Classes.RegGroups
 0004:000032E0       Classes.FindGlobalComponentProcs
 0004:000032E4       Classes.GlobalFixupList
 0004:000032E8       Classes.ThreadLock
 0004:00003300       Classes.InstBlockList
 0004:00003304       Classes.InstFreeList
 0004:00003308       HelpIntfs..2
 0004:0000330C       HelpIntfs.HelpManager
 0004:00003310       MultiMon.GetSystemMetrics
 0004:00003314       MultiMon.MonitorFromWindow
 0004:00003318       MultiMon.MonitorFromRect
 0004:0000331C       MultiMon.MonitorFromPoint
 0004:00003320       MultiMon.GetMonitorInfo
 0004:00003324       MultiMon.GetMonitorInfoA
 0004:00003328       MultiMon.GetMonitorInfoW
 0004:0000332C       MultiMon.EnumDisplayMonitors
 0004:00003330       MultiMon..1
 0004:00003334       MultiMon.User32Dll
 0004:00003338       MultiMon.InitApis
 0004:00003340       MultiMon.MMAvailable
 0004:00003344       IniFiles..8
 0004:00003348       Registry..5
 0004:0000334C       Graphics.SystemPalette16
 0004:00003350       Graphics..12
 0004:00003354       Graphics.ScreenLogPixels
 0004:00003358       Graphics.StockPen
 0004:0000335C       Graphics.StockBrush
 0004:00003360       Graphics.StockFont
 0004:00003364       Graphics.StockIcon
 0004:00003368       Graphics.BitmapImageLock
 0004:00003380       Graphics.CounterLock
 0004:00003398       Graphics.FontManager
 0004:0000339C       Graphics.PenManager
 0004:000033A0       Graphics.BrushManager
 0004:000033A4       Graphics.CanvasList
 0004:000033A8       Graphics.PatternManager
 0004:000033AC       UxTheme.OpenThemeData
 0004:000033B0       UxTheme.CloseThemeData
 0004:000033B4       UxTheme.DrawThemeBackground
 0004:000033B8       UxTheme.DrawThemeText
 0004:000033BC       UxTheme.GetThemeBackgroundContentRect
 0004:000033C0       UxTheme.GetThemeBackgroundExtent
 0004:000033C4       UxTheme.GetThemePartSize
 0004:000033C8       UxTheme.GetThemeTextExtent
 0004:000033CC       UxTheme.GetThemeTextMetrics
 0004:000033D0       UxTheme.GetThemeBackgroundRegion
 0004:000033D4       UxTheme.HitTestThemeBackground
 0004:000033D8       UxTheme.DrawThemeEdge
 0004:000033DC       UxTheme.DrawThemeIcon
 0004:000033E0       UxTheme.IsThemePartDefined
 0004:000033E4       UxTheme.IsThemeBackgroundPartiallyTransparent
 0004:000033E8       UxTheme.GetThemeColor
 0004:000033EC       UxTheme.GetThemeMetric
 0004:000033F0       UxTheme.GetThemeString
 0004:000033F4       UxTheme.GetThemeBool
 0004:000033F8       UxTheme.GetThemeInt
 0004:000033FC       UxTheme.GetThemeEnumValue
 0004:00003400       UxTheme.GetThemePosition
 0004:00003404       UxTheme.GetThemeFont
 0004:00003408       UxTheme.GetThemeRect
 0004:0000340C       UxTheme.GetThemeMargins
 0004:00003410       UxTheme.GetThemeIntList
 0004:00003414       UxTheme.GetThemePropertyOrigin
 0004:00003418       UxTheme.SetWindowTheme
 0004:0000341C       UxTheme.GetThemeFilename
 0004:00003420       UxTheme.GetThemeSysColor
 0004:00003424       UxTheme.GetThemeSysColorBrush
 0004:00003428       UxTheme.GetThemeSysBool
 0004:0000342C       UxTheme.GetThemeSysSize
 0004:00003430       UxTheme.GetThemeSysFont
 0004:00003434       UxTheme.GetThemeSysString
 0004:00003438       UxTheme.GetThemeSysInt
 0004:0000343C       UxTheme.IsThemeActive
 0004:00003440       UxTheme.IsAppThemed
 0004:00003444       UxTheme.GetWindowTheme
 0004:00003448       UxTheme.EnableThemeDialogTexture
 0004:0000344C       UxTheme.IsThemeDialogTextureEnabled
 0004:00003450       UxTheme.GetThemeAppProperties
 0004:00003454       UxTheme.SetThemeAppProperties
 0004:00003458       UxTheme.GetCurrentThemeName
 0004:0000345C       UxTheme.GetThemeDocumentationProperty
 0004:00003460       UxTheme.DrawThemeParentBackground
 0004:00003464       UxTheme.EnableTheming
 0004:00003468       UxTheme..1
 0004:0000346C       UxTheme.ThemeLibrary
 0004:00003470       UxTheme.ReferenceCount
 0004:00003474       UxTheme.Lock
 0004:00003478       Printers..3
 0004:0000347C       GraphUtil..2
 0004:00003480       ExtCtrls.TCustomTrayIcon.RM_TaskbarCreated
 0004:00003484       ExtCtrls..83
 0004:00003488       Dialogs..11
 0004:0000348C       Dialogs.HelpMsg
 0004:00003490       Dialogs.FindMsg
 0004:00003494       Clipbrd.CF_PICTURE
 0004:00003496       Clipbrd.CF_COMPONENT
 0004:00003498       Clipbrd..2
 0004:0000349C       Clipbrd.FClipboard
 0004:000034A0       FlatSB.FlatSB_EnableScrollBar
 0004:000034A4       FlatSB.FlatSB_ShowScrollBar
 0004:000034A8       FlatSB.FlatSB_GetScrollRange
 0004:000034AC       FlatSB.FlatSB_GetScrollInfo
 0004:000034B0       FlatSB.FlatSB_GetScrollPos
 0004:000034B4       FlatSB.FlatSB_SetScrollPos
 0004:000034B8       FlatSB.FlatSB_SetScrollInfo
 0004:000034BC       FlatSB.FlatSB_SetScrollRange
 0004:000034C0       FlatSB..1
 0004:000034C4       FlatSB._FlatSB_GetScrollProp
 0004:000034C8       FlatSB._FlatSB_SetScrollProp
 0004:000034CC       FlatSB._InitializeFlatSB
 0004:000034D0       FlatSB._UninitializeFlatSB
 0004:000034D4       Themes..2
 0004:000034D8       Themes.InternalServices
 0004:000034DC       Menus.PopupList
 0004:000034E0       Menus.ShortCutItems
 0004:000034E4       Menus..01
 0004:000034E8       Menus.CommandPool
 0004:000034EC       Controls.Mouse
 0004:000034F0       Controls.IsVCLControlHook
 0004:000034F8       Controls.NewStyleControls
 0004:000034FC       Controls..33
 0004:00003500       Controls.WindowAtom
 0004:00003502       Controls.ControlAtom
 0004:00003504       Controls.WindowAtomString
 0004:00003508       Controls.ControlAtomString
 0004:0000350C       Controls.RM_GetObjectInstance
 0004:00003510       Controls.DragControl
 0004:00003514       Controls.DragObject
 0004:00003518       Controls.DragInternalObject
 0004:0000351C       Controls.DragCapture
 0004:00003520       Controls.DragStartPos
 0004:00003528       Controls.DragSaveCursor
 0004:0000352C       Controls.DragThreshold
 0004:00003530       Controls.ActiveDrag
 0004:00003534       Controls.DragImageList
 0004:00003538       Controls.DockSiteList
 0004:0000353C       Controls.QualifyingSites
 0004:00003540       Controls.DragSave
 0004:00003544       Controls.CanvasList
 0004:00003548       Controls._WINNLSEnableIME
 0004:0000354C       Controls._ImmGetContext
 0004:00003550       Controls._ImmReleaseContext
 0004:00003554       Controls._ImmGetConversionStatus
 0004:00003558       Controls._ImmSetConversionStatus
 0004:0000355C       Controls._ImmSetOpenStatus
 0004:00003560       Controls._ImmSetCompositionWindow
 0004:00003564       Controls._ImmSetCompositionFont
 0004:00003568       Controls._ImmGetCompositionString
 0004:0000356C       Controls._ImmIsIME
 0004:00003570       Controls._ImmNotifyIME
 0004:00003574       ImgList.CachedComCtrlVer
 0004:00003578       ImgList.ImageListWriteExProc
 0004:0000357C       ActnList..9
 0004:00003580       Forms.Application
 0004:00003584       Forms.Screen
 0004:00003588       Forms..41
 0004:0000358C       Forms.RM_TaskbarCreated
 0004:00003590       Forms.HintThreadID
 0004:00003594       Forms.HintDoneEvent
 0004:00003598       Forms.HintHook
 0004:0000359C       Forms.HintThread
 0004:000035A0       Forms.IdleTimerHandle
 0004:000035A4       Buttons..5
 0004:000035A8       Buttons.BitBtnGlyphs
 0004:000035D4       WideStrings..4
 0004:000035D8       WideStrings.CharNextW
 0004:000035DC       FMTBcd..3
 0004:000035E0       SqlTimSt..1
 0004:000035E4       ComObj..41
 0004:000035E8       ComObj.OleUninitializing
 0004:000035EC       ComObj.ComClassManagerVar
 0004:000035F0       ComObj.SaveInitProc
 0004:000035F4       ComObj.NeedToUninitialize
 0004:000035F8       DB.LoginDialogProc
 0004:000035FC       DB.LoginDialogExProc
 0004:00003600       DB.RemoteLoginDialogProc
 0004:00003604       DB.ScreenCursorProc
 0004:00003608       DB.PasswordDialog
 0004:0000360C       DB.DBScreen
 0004:00003610       DB.DBApplication
 0004:00003614       DB..66
 0004:00003618       ExtDlgs..6
 0004:0000361C       Mapi..1
 0004:00003620       ExtActns..72
 0004:00003624       ExtActns.UrlMonHandle
 0004:00003628       ExtActns.UrlMonInitialized
 0004:0000362C       ComCtrls..76
 0004:00003630       ComCtrls.ShellModule
 0004:00003634       ComCtrls.FRichEditModule
 0004:00003638       DBPWDlg..2
 0004:0000363C       DBLogDlg..2
 0004:00003640       DBCtrls..22
 0004:00003644       UPrincipal.frmPrincipal
 0005:00000000       System.RaiseListPtr
 0005:00000004       System.InOutRes
 0005:00000008       Classes.GlobalLoaded
 0005:0000000C       Classes.GlobalLists
 0005:00000010       GraphUtil.CachedHighlightLum
 0005:00000014       GraphUtil.CachedHighlightColor
 0005:00000018       GraphUtil.CachedHighlight
 0005:0000001C       GraphUtil.CachedShadowLum
 0005:00000020       GraphUtil.CachedShadowColor
 0005:00000024       GraphUtil.CachedShadow
 0005:00000028       GraphUtil.CachedColorValue
 0005:0000002C       GraphUtil.CachedLumValue
 0005:00000030       GraphUtil.CachedColorAdjustLuma
 0005:00000034       SysInit.TlsLast


Line numbers for SysConst(SysConst.pas) segment .text

   184 0001:00000000

Line numbers for DB(DB.pas) segment .text

 11546 0001:0006A004 11547 0001:0006A008 11550 0001:0006A00C 11551 0001:0006A012
 11552 0001:0006A01C 11557 0001:0006A020 11561 0001:0006A024 11562 0001:0006A027
 11565 0001:0006A028 11566 0001:0006A02E 11567 0001:0006A038

Line numbers for DB(DB.pas) segment .itext

 11569 0002:000007A0 11570 0002:000007BA 11571 0002:000007DE 11572 0002:000007F3

Line numbers for UPrincipal(..\src\UPrincipal.pas) segment .text

    38 0001:0006B490    39 0001:0006B49C    40 0001:0006B4A4    43 0001:0006B4A8
    44 0001:0006B4B4    45 0001:0006B4BC    48 0001:0006B4C0    49 0001:0006B4DF
    50 0001:0006B4F1    51 0001:0006B513    58 0001:0006B534    60 0001:0006B556
    61 0001:0006B565    63 0001:0006B574    65 0001:0006B582    68 0001:0006B5A3
    69 0001:0006B5AB    71 0001:0006B5B3    73 0001:0006B5CF    75 0001:0006B5E7
    76 0001:0006B62D    77 0001:0006B646    73 0001:0006B649    79 0001:0006B64E
    81 0001:0006B65A    83 0001:0006B6B5    87 0001:0006B6CF    93 0001:0006B6E9
    97 0001:0006B70E    98 0001:0006B716   100 0001:0006B726   102 0001:0006B836

Line numbers for TextFilter(E:\Meus Arquivos\1stONE\Utilitários\TextFilter\bin\TextFilter.dpr) segment .itext

     9 0002:00000934    10 0002:00000944    11 0002:00000950    12 0002:00000968
    13 0002:00000974

Bound resource files

c:\arquivos de programas\borland\bds\4.0\lib\Controls.res
c:\arquivos de programas\borland\bds\4.0\lib\Buttons.res
c:\arquivos de programas\borland\bds\4.0\lib\ExtDlgs.res
c:\arquivos de programas\borland\bds\4.0\lib\DBPWDlg.dfm
c:\arquivos de programas\borland\bds\4.0\lib\DBLogDlg.dfm
c:\arquivos de programas\borland\bds\4.0\lib\DBCtrls.res
UPrincipal.dfm
TextFilter.res
TextFilter.drf


Program entry point at 0002:00000934
